*----------------------------------------------------------------------------------------
*	Innovus 23.31-s109_1 (64bit) 04/22/2024 16:02 (Linux 3.10.0-693.el7.x86_64)
*	
*
* 	Date & Time:	2026-May-27 20:42:26 (2026-May-27 18:42:26 GMT)
*
*----------------------------------------------------------------------------------------
*
*	Design: cnn_top
*
*	Liberty Libraries used: 
*	        view_typ: /home/rah47472/asic_project/libs/OpenFPGA/Fabric/ihp-sg13g2/libs.ref/sg13g2_stdcell/lib/sg13g2_stdcell_typ_1p20V_25C.lib
*	        view_typ: /home/rah47472/asic_project/libs/OpenFPGA/Fabric/ihp-sg13g2/libs.ref/sg13g2_sram/lib/RM_IHPSG13_1P_4096x8_c3_bm_bist_typ_1p20V_25C.lib
*
*	Power Domain used: 
*              Rail:        VDD      Voltage:        1.2 
*
*       Power View : view_typ
*
*       User-Defined Activity : N.A.
*
*       Activity File: N.A.
*
*       Hierarchical Global Activity: N.A.
*
*       Global Activity: N.A.
*
*       Sequential Element Activity: 0.200000
*
*       Primary Input Activity: 0.200000
*
*       Default icg ratio: N.A.
*
*       Global Comb ClockGate Ratio: N.A.
*
*	Power Units = 1mW
*
*	Time Units = 1e-09 secs 
*
*       report_power -outfile /home/rah47472/asic_project/innovus_out/reports/power_postroute.rpt
*
-----------------------------------------------------------------------------------------


Total Power 
-----------------------------------------------------------------------------------------
Total Internal Power:        5.30322942 	   93.9505%
Total Switching Power:       0.33929692 	    6.0109%
Total Leakage Power:         0.00217794 	    0.0386%
Total Power:                 5.64470428 
-----------------------------------------------------------------------------------------


Group                           Internal   Switching     Leakage       Total  Percentage 
                                Power      Power         Power         Power  (%)        
-----------------------------------------------------------------------------------------
Sequential                        0.6011     0.03846   7.607e-05      0.6397       11.33 
Macro                              4.453    0.006781    0.001584       4.461       79.03 
IO                                     0           0           0           0           0 
Combinational                     0.2496      0.2941   0.0005177      0.5441        9.64 
Clock (Combinational)                  0           0           0           0           0 
Clock (Sequential)                     0           0           0           0           0 
-----------------------------------------------------------------------------------------
Total                              5.303      0.3393    0.002178       5.645         100 
-----------------------------------------------------------------------------------------


Rail                  Voltage   Internal   Switching     Leakage       Total  Percentage 
                                Power      Power         Power         Power  (%)        
-----------------------------------------------------------------------------------------
VDD                       1.2      5.303      0.3393    0.002178       5.645         100 


-----------------------------------------------------------------------------------------
*	Power Distribution Summary: 
*                Highest Average Power:          u_sram_a/u_lower (RM_IHPSG13_1P_4096x8_c3_bm_bist):            2.117 
*                Highest Leakage Power:          u_sram_a/u_lower (RM_IHPSG13_1P_4096x8_c3_bm_bist):         0.000396 
*          Total Cap:      4.16087e-11 F
*          Total instances in design:  3664
*          Total instances in design with no power:     0
*          Total instances in design with no activity:     0
*          Total Fillers and Decap:     0
-----------------------------------------------------------------------------------------

