============================================================
  Generated by:           Genus(TM) Synthesis Solution 23.11-s100_1
  Generated on:           Apr 28 2026  08:20:52 pm
  Module:                 cnn_top
  Operating conditions:   sg13g2_stdcell_typ_1p20V_25C (balanced_tree)
  Wireload mode:          top
  Area mode:              timing library
============================================================

           Instance                           Module                Cell-Count  Cell-Area   Net-Area   Total-Area  Wireload  
-----------------------------------------------------------------------------------------------------------------------------
cnn_top                        NA                                         4817 658883.879 368768.677  1027652.556  200k (S)  
  g_weight_rom[0].u_weight_rom weight_rom_ADDR_W9                           63    921.715   3981.686     4903.401  200k (T)  
  g_weight_rom[1].u_weight_rom weight_rom_ADDR_W9_1174                      57    783.821   3613.339     4397.160  200k (T)  
  g_weight_rom[2].u_weight_rom weight_rom_ADDR_W9_1173                      65    918.049   3848.911     4766.959  200k (T)  
  g_weight_rom[3].u_weight_rom weight_rom_ADDR_W9_1172                      62    800.113   3713.871     4513.983  200k (T)  
  u_ctrl                       controller_fsm                               50    996.106   2797.117     3793.223  200k (T)  
  u_sram_a                     feature_sram_DEPTH8192_ADDR_W13              17 293108.107   1060.464   294168.571  200k (T)  
    mux_70_20                  bmux_1621_160_15_1290                         8    159.667      0.000      159.667  200k (T)  
  u_sram_b                     feature_sram_DEPTH8192_ADDR_W13_294          17 293108.107   1060.464   294168.571  200k (T)  
    mux_70_20                  bmux_1621_160_15                              8    159.667      0.000      159.667  200k (T)  
  (S) = wireload was automatically selected
  (T) = wireload mode is 'top'
