 --------------------------------------------------------------------------------------------------------------------------- 
| Snapshot        | WNS               | TNS | Density (%) | Hotspot                   | Resource               | DRVs       |
|                 | HEPG (ns) | ALL (ns)    |             | Max (bins) | Total (bins) | Real (s) | Memory (MB) | Tran | Cap |
|-----------------+-----------+-------+-----+-------------+------------+--------------+----------+-------------+------+-----|
| initial_summary |     0.001 | 0.001 |   0 |        9.71 |            |              | 0:00:02  |        3247 |    0 |  33 |
| hold_fixing     |           |       |     |             |            |              | 0:00:00  |        3306 |      |     |
| final_summary   |     0.001 | 0.001 |   0 |        9.71 |       0.00 |         0.00 | 0:00:03  |        3288 |    0 |  33 |
 --------------------------------------------------------------------------------------------------------------------------- 
