============================================================
  Generated by:           Genus(TM) Synthesis Solution 23.11-s100_1
  Generated on:           Apr 24 2026  12:17:09 pm
  Module:                 cnn_top
  Operating conditions:   sg13g2_stdcell_typ_1p20V_25C (balanced_tree)
  Wireload mode:          top
  Area mode:              timing library
============================================================


Path 1: MET (7571 ps) Setup Check with Pin u_ctrl/done_reg/CLK->D
          Group: clk
     Startpoint: (F) start
          Clock: (R) clk
       Endpoint: (R) u_ctrl/done_reg/D
          Clock: (R) clk

                     Capture       Launch     
        Clock Edge:+   10000            0     
        Drv Adjust:+       0            0     
       Src Latency:+       0            0     
       Net Latency:+       0 (I)        0 (I) 
           Arrival:=   10000            0     
                                              
             Setup:-     132                  
       Uncertainty:-     100                  
     Required Time:=    9768                  
      Launch Clock:-       0                  
       Input Delay:-    2000                  
         Data Path:-     196                  
             Slack:=    7571                  

Exceptions/Constraints:
  input_delay             2000            in_del_1_1 

#-------------------------------------------------------------------------------------------------
#    Timing Point     Flags   Arc   Edge      Cell       Fanout Load Trans Delay Arrival Instance 
#                                                               (fF)  (ps)  (ps)   (ps)  Location 
#-------------------------------------------------------------------------------------------------
  start               -       -     F     (arrival)           2  9.6     0     0    2000    (-,-) 
  u_ctrl/g482__2398/X -       D->X  F     sg13g2_or4_1        1  4.9    48   150    2150    (-,-) 
  u_ctrl/g479__7410/Y -       B1->Y R     sg13g2_o21ai_1      1  3.6    85    46    2196    (-,-) 
  u_ctrl/done_reg/D   -       -     R     sg13g2_dfrbp_1      1    -     -     0    2196    (-,-) 
#-------------------------------------------------------------------------------------------------



Path 2: MET (7610 ps) Setup Check with Pin u_ctrl/state_r_reg[0]/CLK->D
          Group: clk
     Startpoint: (R) start
          Clock: (R) clk
       Endpoint: (R) u_ctrl/state_r_reg[0]/D
          Clock: (R) clk

                     Capture       Launch     
        Clock Edge:+   10000            0     
        Drv Adjust:+       0            0     
       Src Latency:+       0            0     
       Net Latency:+       0 (I)        0 (I) 
           Arrival:=   10000            0     
                                              
             Setup:-     120                  
       Uncertainty:-     100                  
     Required Time:=    9780                  
      Launch Clock:-       0                  
       Input Delay:-    2000                  
         Data Path:-     170                  
             Slack:=    7610                  

Exceptions/Constraints:
  input_delay             2000            in_del_1_1 

#------------------------------------------------------------------------------------------------------
#      Timing Point       Flags   Arc   Edge      Cell        Fanout Load Trans Delay Arrival Instance 
#                                                                    (fF)  (ps)  (ps)   (ps)  Location 
#------------------------------------------------------------------------------------------------------
  start                   -       -     R     (arrival)            2  9.7     0     0    2000    (-,-) 
  u_ctrl/g449__9945/Y     -       B->Y  F     sg13g2_nand3b_1      2 10.3   112   107    2107    (-,-) 
  u_ctrl/g477__1666/Y     -       A->Y  R     sg13g2_nand3_1       1  3.6    48    62    2170    (-,-) 
  u_ctrl/state_r_reg[0]/D -       -     R     sg13g2_dfrbp_1       1    -     -     0    2170    (-,-) 
#------------------------------------------------------------------------------------------------------



Path 3: MET (7618 ps) Setup Check with Pin u_ctrl/conv_start_reg/CLK->D
          Group: clk
     Startpoint: (R) start
          Clock: (R) clk
       Endpoint: (R) u_ctrl/conv_start_reg/D
          Clock: (R) clk

                     Capture       Launch     
        Clock Edge:+   10000            0     
        Drv Adjust:+       0            0     
       Src Latency:+       0            0     
       Net Latency:+       0 (I)        0 (I) 
           Arrival:=   10000            0     
                                              
             Setup:-     118                  
       Uncertainty:-     100                  
     Required Time:=    9782                  
      Launch Clock:-       0                  
       Input Delay:-    2000                  
         Data Path:-     164                  
             Slack:=    7618                  

Exceptions/Constraints:
  input_delay             2000            in_del_1_1 

#------------------------------------------------------------------------------------------------------
#      Timing Point       Flags   Arc   Edge      Cell        Fanout Load Trans Delay Arrival Instance 
#                                                                    (fF)  (ps)  (ps)   (ps)  Location 
#------------------------------------------------------------------------------------------------------
  start                   -       -     R     (arrival)            2  9.7     0     0    2000    (-,-) 
  u_ctrl/g449__9945/Y     -       B->Y  F     sg13g2_nand3b_1      2 10.3   112   107    2107    (-,-) 
  u_ctrl/g399__8428/Y     -       A->Y  R     sg13g2_nand2_1       1  3.6    43    56    2164    (-,-) 
  u_ctrl/conv_start_reg/D -       -     R     sg13g2_dfrbp_1       1    -     -     0    2164    (-,-) 
#------------------------------------------------------------------------------------------------------



Path 4: MET (7684 ps) Late External Delay Assertion at pin done
          Group: clk
     Startpoint: (R) u_ctrl/done_reg/CLK
          Clock: (R) clk
       Endpoint: (R) done
          Clock: (R) clk

                     Capture       Launch     
        Clock Edge:+   10000            0     
       Src Latency:+       0            0     
       Net Latency:+       0 (I)        0 (I) 
           Arrival:=   10000            0     
                                              
      Output Delay:-    2000                  
       Uncertainty:-     100                  
     Required Time:=    7900                  
      Launch Clock:-       0                  
         Data Path:-     216                  
             Slack:=    7684                  

Exceptions/Constraints:
  output_delay             2000            ou_del 

#--------------------------------------------------------------------------------------------------
#    Timing Point     Flags    Arc   Edge      Cell       Fanout Load Trans Delay Arrival Instance 
#                                                                (fF)  (ps)  (ps)   (ps)  Location 
#--------------------------------------------------------------------------------------------------
  u_ctrl/done_reg/CLK -       -      R     (arrival)          40    -     0     0       0    (-,-) 
  u_ctrl/done_reg/Q   -       CLK->Q R     sg13g2_dfrbp_1      3 11.8    61   216     216    (-,-) 
  done                -       -      R     (port)              -    -     -     0     216    (-,-) 
#--------------------------------------------------------------------------------------------------



Path 5: MET (8200 ps) Setup Check with Pin u_ag/oc_reg[1]/CLK->D
          Group: clk
     Startpoint: (R) u_ag/x_reg[0]/CLK
          Clock: (R) clk
       Endpoint: (R) u_ag/oc_reg[1]/D
          Clock: (R) clk

                     Capture       Launch     
        Clock Edge:+   10000            0     
       Src Latency:+       0            0     
       Net Latency:+       0 (I)        0 (I) 
           Arrival:=   10000            0     
                                              
             Setup:-     114                  
       Uncertainty:-     100                  
     Required Time:=    9786                  
      Launch Clock:-       0                  
         Data Path:-    1585                  
             Slack:=    8200                  

#--------------------------------------------------------------------------------------------------
#   Timing Point     Flags    Arc   Edge      Cell        Fanout Load Trans Delay Arrival Instance 
#                                                                (fF)  (ps)  (ps)   (ps)  Location 
#--------------------------------------------------------------------------------------------------
  u_ag/x_reg[0]/CLK  -       -      R     (arrival)           40    -     0     0       0    (-,-) 
  u_ag/x_reg[0]/Q    -       CLK->Q R     sg13g2_sdfbbp_1      3 19.2    88   341     341    (-,-) 
  u_ag/g2617__1881/Y -       A->Y   F     sg13g2_nand2_1       2 11.9    88   104     446    (-,-) 
  u_ag/g2603__6260/Y -       A_N->Y F     sg13g2_nand2b_1      2 12.5    89   141     587    (-,-) 
  u_ag/g2595__2346/Y -       A->Y   R     sg13g2_nor2b_1       2 12.7   130   131     718    (-,-) 
  u_ag/g2585__1881/Y -       A->Y   F     sg13g2_nand3_1       2  9.9   129   140     857    (-,-) 
  u_ag/g2574__1617/Y -       C->Y   R     sg13g2_nor3_1        2 11.0   185   182    1039    (-,-) 
  u_ag/g2556__7410/Y -       A->Y   F     sg13g2_nor2b_1       4 18.7    97   137    1176    (-,-) 
  u_ag/g2549__4733/Y -       A_N->Y F     sg13g2_nand2b_1      3 15.5   112   157    1333    (-,-) 
  u_ag/g2540__8246/Y -       B->Y   R     sg13g2_nor2_1        1  4.6    73    85    1418    (-,-) 
  u_ag/g2534__2802/X -       A->X   R     sg13g2_and2_1        1  4.5    34   100    1518    (-,-) 
  u_ag/g2530__6783/X -       B1->X  R     sg13g2_a21o_1        1  3.6    32    67    1585    (-,-) 
  u_ag/oc_reg[1]/D   -       -      R     sg13g2_dfrbp_1       1    -     -     0    1585    (-,-) 
#--------------------------------------------------------------------------------------------------



Path 6: MET (8224 ps) Setup Check with Pin u_pool/ch_reg[1]/CLK->D
          Group: clk
     Startpoint: (R) u_pool/state_reg_reg[1]/CLK
          Clock: (R) clk
       Endpoint: (R) u_pool/ch_reg[1]/D
          Clock: (R) clk

                     Capture       Launch     
        Clock Edge:+   10000            0     
       Src Latency:+       0            0     
       Net Latency:+       0 (I)        0 (I) 
           Arrival:=   10000            0     
                                              
             Setup:-     123                  
       Uncertainty:-     100                  
     Required Time:=    9777                  
      Launch Clock:-       0                  
         Data Path:-    1553                  
             Slack:=    8224                  

#----------------------------------------------------------------------------------------------------------
#        Timing Point         Flags    Arc   Edge      Cell       Fanout Load Trans Delay Arrival Instance 
#                                                                        (fF)  (ps)  (ps)   (ps)  Location 
#----------------------------------------------------------------------------------------------------------
  u_pool/state_reg_reg[1]/CLK -       -      R     (arrival)          40    -     0     0       0    (-,-) 
  u_pool/state_reg_reg[1]/Q   -       CLK->Q R     sg13g2_dfrbp_1      8 41.0   174   295     295    (-,-) 
  u_pool/g1336__5477/X        -       A->X   R     sg13g2_and2_1       4 21.3    99   184     480    (-,-) 
  u_pool/g1323__7482/X        -       A->X   R     sg13g2_and2_1       3 15.9    78   146     626    (-,-) 
  u_pool/g1316__5122/X        -       A->X   R     sg13g2_and2_1       3 15.9    77   137     763    (-,-) 
  u_pool/g1310__6783/X        -       A->X   R     sg13g2_and2_1       3 15.9    77   137     900    (-,-) 
  u_pool/g1302__2398/X        -       A->X   R     sg13g2_and2_1       4 21.4    98   154    1055    (-,-) 
  u_pool/g1294__2883/Y        -       A->Y   F     sg13g2_nand4_1      3 17.8   229   224    1278    (-,-) 
  u_pool/g1290/Y              -       A->Y   R     sg13g2_inv_1        2 11.0    90   110    1389    (-,-) 
  u_pool/g1280__7098/Y        -       A1->Y  F     sg13g2_a22oi_1      1  4.9    68    98    1486    (-,-) 
  u_pool/g1272__1617/Y        -       B->Y   R     sg13g2_nor2_1       1  3.6    57    66    1553    (-,-) 
  u_pool/ch_reg[1]/D          -       -      R     sg13g2_dfrbp_1      1    -     -     0    1553    (-,-) 
#----------------------------------------------------------------------------------------------------------



Path 7: MET (8228 ps) Setup Check with Pin u_pool/ch_reg[2]/CLK->D
          Group: clk
     Startpoint: (R) u_pool/state_reg_reg[1]/CLK
          Clock: (R) clk
       Endpoint: (R) u_pool/ch_reg[2]/D
          Clock: (R) clk

                     Capture       Launch     
        Clock Edge:+   10000            0     
       Src Latency:+       0            0     
       Net Latency:+       0 (I)        0 (I) 
           Arrival:=   10000            0     
                                              
             Setup:-     124                  
       Uncertainty:-     100                  
     Required Time:=    9776                  
      Launch Clock:-       0                  
         Data Path:-    1547                  
             Slack:=    8228                  

#----------------------------------------------------------------------------------------------------------
#        Timing Point         Flags    Arc   Edge      Cell       Fanout Load Trans Delay Arrival Instance 
#                                                                        (fF)  (ps)  (ps)   (ps)  Location 
#----------------------------------------------------------------------------------------------------------
  u_pool/state_reg_reg[1]/CLK -       -      R     (arrival)          40    -     0     0       0    (-,-) 
  u_pool/state_reg_reg[1]/Q   -       CLK->Q R     sg13g2_dfrbp_1      8 41.0   174   295     295    (-,-) 
  u_pool/g1336__5477/X        -       A->X   R     sg13g2_and2_1       4 21.3    99   184     480    (-,-) 
  u_pool/g1323__7482/X        -       A->X   R     sg13g2_and2_1       3 15.9    78   146     626    (-,-) 
  u_pool/g1316__5122/X        -       A->X   R     sg13g2_and2_1       3 15.9    77   137     763    (-,-) 
  u_pool/g1310__6783/X        -       A->X   R     sg13g2_and2_1       3 15.9    77   137     900    (-,-) 
  u_pool/g1302__2398/X        -       A->X   R     sg13g2_and2_1       4 21.4    98   154    1055    (-,-) 
  u_pool/g1294__2883/Y        -       A->Y   F     sg13g2_nand4_1      3 17.8   229   224    1278    (-,-) 
  u_pool/g1290/Y              -       A->Y   R     sg13g2_inv_1        2 11.0    90   110    1389    (-,-) 
  u_pool/g3/Y                 -       A2->Y  F     sg13g2_a21oi_1      1  5.1    57    89    1478    (-,-) 
  u_pool/g2/Y                 -       A->Y   R     sg13g2_nor2_1       1  3.6    62    69    1547    (-,-) 
  u_pool/ch_reg[2]/D          -       -      R     sg13g2_dfrbp_1      1    -     -     0    1547    (-,-) 
#----------------------------------------------------------------------------------------------------------



Path 8: MET (8238 ps) Setup Check with Pin u_ag/oc_reg[2]/CLK->D
          Group: clk
     Startpoint: (R) u_ag/x_reg[0]/CLK
          Clock: (R) clk
       Endpoint: (R) u_ag/oc_reg[2]/D
          Clock: (R) clk

                     Capture       Launch     
        Clock Edge:+   10000            0     
       Src Latency:+       0            0     
       Net Latency:+       0 (I)        0 (I) 
           Arrival:=   10000            0     
                                              
             Setup:-     114                  
       Uncertainty:-     100                  
     Required Time:=    9786                  
      Launch Clock:-       0                  
         Data Path:-    1547                  
             Slack:=    8238                  

#--------------------------------------------------------------------------------------------------
#   Timing Point     Flags    Arc   Edge      Cell        Fanout Load Trans Delay Arrival Instance 
#                                                                (fF)  (ps)  (ps)   (ps)  Location 
#--------------------------------------------------------------------------------------------------
  u_ag/x_reg[0]/CLK  -       -      R     (arrival)           40    -     0     0       0    (-,-) 
  u_ag/x_reg[0]/Q    -       CLK->Q R     sg13g2_sdfbbp_1      3 19.2    88   341     341    (-,-) 
  u_ag/g2617__1881/Y -       A->Y   F     sg13g2_nand2_1       2 11.9    88   104     446    (-,-) 
  u_ag/g2603__6260/Y -       A_N->Y F     sg13g2_nand2b_1      2 12.5    89   141     587    (-,-) 
  u_ag/g2595__2346/Y -       A->Y   R     sg13g2_nor2b_1       2 12.7   130   131     718    (-,-) 
  u_ag/g2585__1881/Y -       A->Y   F     sg13g2_nand3_1       2  9.9   129   140     857    (-,-) 
  u_ag/g2574__1617/Y -       C->Y   R     sg13g2_nor3_1        2 11.0   185   182    1039    (-,-) 
  u_ag/g2556__7410/Y -       A->Y   F     sg13g2_nor2b_1       4 18.7    97   137    1176    (-,-) 
  u_ag/g2549__4733/Y -       A_N->Y F     sg13g2_nand2b_1      3 15.5   112   157    1333    (-,-) 
  u_ag/g2535__1705/Y -       C->Y   R     sg13g2_nor3_1        1  4.5   109   116    1449    (-,-) 
  u_ag/g2529__5526/X -       B1->X  R     sg13g2_a21o_1        1  3.6    32    98    1547    (-,-) 
  u_ag/oc_reg[2]/D   -       -      R     sg13g2_dfrbp_1       1    -     -     0    1547    (-,-) 
#--------------------------------------------------------------------------------------------------



Path 9: MET (8252 ps) Setup Check with Pin u_ag/tap_base_reg[4]/CLK->D
          Group: clk
     Startpoint: (R) u_ag/tap_base_reg[2]/CLK
          Clock: (R) clk
       Endpoint: (R) u_ag/tap_base_reg[4]/D
          Clock: (R) clk

                     Capture       Launch     
        Clock Edge:+   10000            0     
       Src Latency:+       0            0     
       Net Latency:+       0 (I)        0 (I) 
           Arrival:=   10000            0     
                                              
             Setup:-     116                  
       Uncertainty:-     100                  
     Required Time:=    9784                  
      Launch Clock:-       0                  
         Data Path:-    1531                  
             Slack:=    8252                  

#--------------------------------------------------------------------------------------------------------
#      Timing Point        Flags    Arc   Edge      Cell        Fanout Load Trans Delay Arrival Instance 
#                                                                      (fF)  (ps)  (ps)   (ps)  Location 
#--------------------------------------------------------------------------------------------------------
  u_ag/tap_base_reg[2]/CLK -       -      R     (arrival)           40    -     0     0       0    (-,-) 
  u_ag/tap_base_reg[2]/Q   -       CLK->Q R     sg13g2_sdfbbp_1      4 22.3   100   350     350    (-,-) 
  u_ag/g2609__1617/Y       -       A->Y   F     sg13g2_nand2_1       2 10.2    81   100     450    (-,-) 
  u_ag/g2608__3680/Y       -       B->Y   R     sg13g2_nor2_1        2 12.6   127   127     577    (-,-) 
  u_ag/g2599__6417/Y       -       B1->Y  F     sg13g2_a21oi_1       3 15.7   113   105     682    (-,-) 
  u_ag/g2589__4733/Y       -       B->Y   R     sg13g2_nor2_1        1  4.9    75    87     770    (-,-) 
  u_ag/g2575__2802/Y       -       A->Y   F     sg13g2_nand3_1       1  4.8    74    88     858    (-,-) 
  u_ag/g2555__1666/Y       -       A1->Y  R     sg13g2_a21oi_1       2  9.8   112   119     976    (-,-) 
  u_ag/g2545__6131/Y       -       A->Y   F     sg13g2_nand2_1       1  4.3    57    73    1049    (-,-) 
  u_ag/g2536__5122/X       -       A->X   F     sg13g2_and3_2        5 25.5    57   128    1177    (-,-) 
  u_ag/g2531__3680/Y       -       A->Y   R     sg13g2_nor2b_1       4 21.9   197   176    1353    (-,-) 
  u_ag/g2523__4319/Y       -       A1->Y  F     sg13g2_a22oi_1       1  4.8    87   130    1484    (-,-) 
  u_ag/g2521/Y             -       A->Y   R     sg13g2_inv_1         1  3.6    37    48    1531    (-,-) 
  u_ag/tap_base_reg[4]/D   -       -      R     sg13g2_dfrbp_1       1    -     -     0    1531    (-,-) 
#--------------------------------------------------------------------------------------------------------



Path 10: MET (8252 ps) Setup Check with Pin u_ag/tap_base_reg[3]/CLK->D
          Group: clk
     Startpoint: (R) u_ag/tap_base_reg[2]/CLK
          Clock: (R) clk
       Endpoint: (R) u_ag/tap_base_reg[3]/D
          Clock: (R) clk

                     Capture       Launch     
        Clock Edge:+   10000            0     
       Src Latency:+       0            0     
       Net Latency:+       0 (I)        0 (I) 
           Arrival:=   10000            0     
                                              
             Setup:-     116                  
       Uncertainty:-     100                  
     Required Time:=    9784                  
      Launch Clock:-       0                  
         Data Path:-    1531                  
             Slack:=    8252                  

#--------------------------------------------------------------------------------------------------------
#      Timing Point        Flags    Arc   Edge      Cell        Fanout Load Trans Delay Arrival Instance 
#                                                                      (fF)  (ps)  (ps)   (ps)  Location 
#--------------------------------------------------------------------------------------------------------
  u_ag/tap_base_reg[2]/CLK -       -      R     (arrival)           40    -     0     0       0    (-,-) 
  u_ag/tap_base_reg[2]/Q   -       CLK->Q R     sg13g2_sdfbbp_1      4 22.3   100   350     350    (-,-) 
  u_ag/g2609__1617/Y       -       A->Y   F     sg13g2_nand2_1       2 10.2    81   100     450    (-,-) 
  u_ag/g2608__3680/Y       -       B->Y   R     sg13g2_nor2_1        2 12.6   127   127     577    (-,-) 
  u_ag/g2599__6417/Y       -       B1->Y  F     sg13g2_a21oi_1       3 15.7   113   105     682    (-,-) 
  u_ag/g2589__4733/Y       -       B->Y   R     sg13g2_nor2_1        1  4.9    75    87     770    (-,-) 
  u_ag/g2575__2802/Y       -       A->Y   F     sg13g2_nand3_1       1  4.8    74    88     858    (-,-) 
  u_ag/g2555__1666/Y       -       A1->Y  R     sg13g2_a21oi_1       2  9.8   112   119     976    (-,-) 
  u_ag/g2545__6131/Y       -       A->Y   F     sg13g2_nand2_1       1  4.3    57    73    1049    (-,-) 
  u_ag/g2536__5122/X       -       A->X   F     sg13g2_and3_2        5 25.5    57   128    1177    (-,-) 
  u_ag/g2531__3680/Y       -       A->Y   R     sg13g2_nor2b_1       4 21.9   197   176    1353    (-,-) 
  u_ag/g2520__6260/Y       -       A1->Y  F     sg13g2_a22oi_1       1  4.8    87   130    1484    (-,-) 
  u_ag/g2519/Y             -       A->Y   R     sg13g2_inv_1         1  3.6    37    48    1531    (-,-) 
  u_ag/tap_base_reg[3]/D   -       -      R     sg13g2_dfrbp_1       1    -     -     0    1531    (-,-) 
#--------------------------------------------------------------------------------------------------------

