xrun(64): 24.03-s004: (c) Copyright 1995-2024 Cadence Design Systems, Inc.
TOOL:	xrun(64)	24.03-s004: Started on Mar 13, 2026 at 20:11:05 CET
xrun
	pool_engine.sv
	tb_pool_engine.sv
	-l sim.log
ASSIGN mixSig DISPLAY CadenceLib
|
xrun: *W,DLCLIB (/home/rah47472/pdk/ihp/sg13g2/SG13G2_618_rev1.3.2/env/cds.lib_composite,14): cds.lib Library not defined 'mixSig' (cds.lib command ignored).
ASSIGN spectreHDL DISPLAY CadenceLib
|
xrun: *W,DLCLIB (/home/rah47472/pdk/ihp/sg13g2/SG13G2_618_rev1.3.2/env/cds.lib_composite,15): cds.lib Library not defined 'spectreHDL' (cds.lib command ignored).
ASSIGN corners DISPLAY CadenceLib
|
xrun: *W,DLCLIB (/home/rah47472/pdk/ihp/sg13g2/SG13G2_618_rev1.3.2/env/cds.lib_composite,16): cds.lib Library not defined 'corners' (cds.lib command ignored).
SOFTINCLUDE ${AMSHOME}/tools/inca/files/cds.lib
|
xrun: *W,DLCVAR (/home/rah47472/pdk/ihp/sg13g2/SG13G2_618_rev1.3.2/env/cds.lib_composite,22): cds.lib Invalid environment variable ''.
ASSIGN SG13_Example DISPLAY PDKlib
|
xrun: *W,DLCLIB (/home/rah47472/pdk/ihp/sg13g2/SG13G2_618_rev1.3.2/env/cds.lib_composite,31): cds.lib Library not defined 'SG13_Example' (cds.lib command ignored).
SOFTINCLUDE ${PROJECT}/cds/modules.lib
|
xrun: *W,DLCVAR (/home/rah47472/pdk/ihp/sg13g2/SG13G2_618_rev1.3.2/env/cds.lib_composite,51): cds.lib Invalid environment variable ''.
SOFTINCLUDE ${AMSHOME}/tools/inca/files/cds.lib_plain
|
xrun: *W,DLCVAR (/home/rah47472/pdk/ihp/sg13g2/SG13G2_618_rev1.3.2/work/skel/cds/cds.lib,6): cds.lib Invalid environment variable ''.
ASSIGN mixSig DISPLAY CadenceLib
|
xrun: *W,DLCLIB (/home/rah47472/pdk/ihp/sg13g2/SG13G2_618_rev1.3.2/env/cds.lib_composite,14): cds.lib Library not defined 'mixSig' (cds.lib command ignored).
ASSIGN spectreHDL DISPLAY CadenceLib
|
xrun: *W,DLCLIB (/home/rah47472/pdk/ihp/sg13g2/SG13G2_618_rev1.3.2/env/cds.lib_composite,15): cds.lib Library not defined 'spectreHDL' (cds.lib command ignored).
ASSIGN corners DISPLAY CadenceLib
|
xrun: *W,DLCLIB (/home/rah47472/pdk/ihp/sg13g2/SG13G2_618_rev1.3.2/env/cds.lib_composite,16): cds.lib Library not defined 'corners' (cds.lib command ignored).
SOFTINCLUDE ${AMSHOME}/tools/inca/files/cds.lib
|
xrun: *W,DLCVAR (/home/rah47472/pdk/ihp/sg13g2/SG13G2_618_rev1.3.2/env/cds.lib_composite,22): cds.lib Invalid environment variable ''.
ASSIGN SG13_Example DISPLAY PDKlib
|
xrun: *W,DLCLIB (/home/rah47472/pdk/ihp/sg13g2/SG13G2_618_rev1.3.2/env/cds.lib_composite,31): cds.lib Library not defined 'SG13_Example' (cds.lib command ignored).
SOFTINCLUDE ${PROJECT}/cds/modules.lib
|
xrun: *W,DLCVAR (/home/rah47472/pdk/ihp/sg13g2/SG13G2_618_rev1.3.2/env/cds.lib_composite,51): cds.lib Invalid environment variable ''.
SOFTINCLUDE ${AMSHOME}/tools/inca/files/cds.lib_plain
|
xrun: *W,DLCVAR (/home/rah47472/pdk/ihp/sg13g2/SG13G2_618_rev1.3.2/work/skel/cds/cds.lib,6): cds.lib Invalid environment variable ''.
ASSIGN mixSig DISPLAY CadenceLib
|
xrun: *W,DLCLIB (/home/rah47472/pdk/ihp/sg13g2/SG13G2_618_rev1.3.2/env/cds.lib_composite,14): cds.lib Library not defined 'mixSig' (cds.lib command ignored).
ASSIGN spectreHDL DISPLAY CadenceLib
|
xrun: *W,DLCLIB (/home/rah47472/pdk/ihp/sg13g2/SG13G2_618_rev1.3.2/env/cds.lib_composite,15): cds.lib Library not defined 'spectreHDL' (cds.lib command ignored).
ASSIGN corners DISPLAY CadenceLib
|
xrun: *W,DLCLIB (/home/rah47472/pdk/ihp/sg13g2/SG13G2_618_rev1.3.2/env/cds.lib_composite,16): cds.lib Library not defined 'corners' (cds.lib command ignored).
SOFTINCLUDE ${AMSHOME}/tools/inca/files/cds.lib
|
xrun: *W,DLCVAR (/home/rah47472/pdk/ihp/sg13g2/SG13G2_618_rev1.3.2/env/cds.lib_composite,22): cds.lib Invalid environment variable ''.
ASSIGN SG13_Example DISPLAY PDKlib
|
xrun: *W,DLCLIB (/home/rah47472/pdk/ihp/sg13g2/SG13G2_618_rev1.3.2/env/cds.lib_composite,31): cds.lib Library not defined 'SG13_Example' (cds.lib command ignored).
SOFTINCLUDE ${PROJECT}/cds/modules.lib
|
xrun: *W,DLCVAR (/home/rah47472/pdk/ihp/sg13g2/SG13G2_618_rev1.3.2/env/cds.lib_composite,51): cds.lib Invalid environment variable ''.
SOFTINCLUDE ${AMSHOME}/tools/inca/files/cds.lib_plain
|
xrun: *W,DLCVAR (/home/rah47472/pdk/ihp/sg13g2/SG13G2_618_rev1.3.2/work/skel/cds/cds.lib,6): cds.lib Invalid environment variable ''.
ASSIGN mixSig DISPLAY CadenceLib
|
xrun: *W,DLCLIB (/home/rah47472/pdk/ihp/sg13g2/SG13G2_618_rev1.3.2/env/cds.lib_composite,14): cds.lib Library not defined 'mixSig' (cds.lib command ignored).
ASSIGN spectreHDL DISPLAY CadenceLib
|
xrun: *W,DLCLIB (/home/rah47472/pdk/ihp/sg13g2/SG13G2_618_rev1.3.2/env/cds.lib_composite,15): cds.lib Library not defined 'spectreHDL' (cds.lib command ignored).
ASSIGN corners DISPLAY CadenceLib
|
xrun: *W,DLCLIB (/home/rah47472/pdk/ihp/sg13g2/SG13G2_618_rev1.3.2/env/cds.lib_composite,16): cds.lib Library not defined 'corners' (cds.lib command ignored).
SOFTINCLUDE ${AMSHOME}/tools/inca/files/cds.lib
|
xrun: *W,DLCVAR (/home/rah47472/pdk/ihp/sg13g2/SG13G2_618_rev1.3.2/env/cds.lib_composite,22): cds.lib Invalid environment variable ''.
ASSIGN SG13_Example DISPLAY PDKlib
|
xrun: *W,DLCLIB (/home/rah47472/pdk/ihp/sg13g2/SG13G2_618_rev1.3.2/env/cds.lib_composite,31): cds.lib Library not defined 'SG13_Example' (cds.lib command ignored).
SOFTINCLUDE ${PROJECT}/cds/modules.lib
|
xrun: *W,DLCVAR (/home/rah47472/pdk/ihp/sg13g2/SG13G2_618_rev1.3.2/env/cds.lib_composite,51): cds.lib Invalid environment variable ''.
SOFTINCLUDE ${AMSHOME}/tools/inca/files/cds.lib_plain
|
xrun: *W,DLCVAR (/home/rah47472/pdk/ihp/sg13g2/SG13G2_618_rev1.3.2/work/skel/cds/cds.lib,6): cds.lib Invalid environment variable ''.
Recompiling... reason: file './tb_pool_engine.sv' is newer than expected.
	expected: Fri Mar 13 20:04:34 2026
	actual:   Fri Mar 13 20:11:45 2026
ASSIGN mixSig DISPLAY CadenceLib
|
xrun: *W,DLCLIB (/home/rah47472/pdk/ihp/sg13g2/SG13G2_618_rev1.3.2/env/cds.lib_composite,14): cds.lib Library not defined 'mixSig' (cds.lib command ignored).
ASSIGN spectreHDL DISPLAY CadenceLib
|
xrun: *W,DLCLIB (/home/rah47472/pdk/ihp/sg13g2/SG13G2_618_rev1.3.2/env/cds.lib_composite,15): cds.lib Library not defined 'spectreHDL' (cds.lib command ignored).
ASSIGN corners DISPLAY CadenceLib
|
xrun: *W,DLCLIB (/home/rah47472/pdk/ihp/sg13g2/SG13G2_618_rev1.3.2/env/cds.lib_composite,16): cds.lib Library not defined 'corners' (cds.lib command ignored).
SOFTINCLUDE ${AMSHOME}/tools/inca/files/cds.lib
|
xrun: *W,DLCVAR (/home/rah47472/pdk/ihp/sg13g2/SG13G2_618_rev1.3.2/env/cds.lib_composite,22): cds.lib Invalid environment variable ''.
ASSIGN SG13_Example DISPLAY PDKlib
|
xrun: *W,DLCLIB (/home/rah47472/pdk/ihp/sg13g2/SG13G2_618_rev1.3.2/env/cds.lib_composite,31): cds.lib Library not defined 'SG13_Example' (cds.lib command ignored).
SOFTINCLUDE ${PROJECT}/cds/modules.lib
|
xrun: *W,DLCVAR (/home/rah47472/pdk/ihp/sg13g2/SG13G2_618_rev1.3.2/env/cds.lib_composite,51): cds.lib Invalid environment variable ''.
SOFTINCLUDE ${AMSHOME}/tools/inca/files/cds.lib_plain
|
xrun: *W,DLCVAR (/home/rah47472/pdk/ihp/sg13g2/SG13G2_618_rev1.3.2/work/skel/cds/cds.lib,6): cds.lib Invalid environment variable ''.
ASSIGN mixSig DISPLAY CadenceLib
|
xmvlog: *W,DLCLIB (/home/rah47472/pdk/ihp/sg13g2/SG13G2_618_rev1.3.2/env/cds.lib_composite,14): cds.lib Library not defined 'mixSig' (cds.lib command ignored).
ASSIGN spectreHDL DISPLAY CadenceLib
|
xmvlog: *W,DLCLIB (/home/rah47472/pdk/ihp/sg13g2/SG13G2_618_rev1.3.2/env/cds.lib_composite,15): cds.lib Library not defined 'spectreHDL' (cds.lib command ignored).
ASSIGN corners DISPLAY CadenceLib
|
xmvlog: *W,DLCLIB (/home/rah47472/pdk/ihp/sg13g2/SG13G2_618_rev1.3.2/env/cds.lib_composite,16): cds.lib Library not defined 'corners' (cds.lib command ignored).
SOFTINCLUDE ${AMSHOME}/tools/inca/files/cds.lib
|
xmvlog: *W,DLCVAR (/home/rah47472/pdk/ihp/sg13g2/SG13G2_618_rev1.3.2/env/cds.lib_composite,22): cds.lib Invalid environment variable ''.
ASSIGN SG13_Example DISPLAY PDKlib
|
xmvlog: *W,DLCLIB (/home/rah47472/pdk/ihp/sg13g2/SG13G2_618_rev1.3.2/env/cds.lib_composite,31): cds.lib Library not defined 'SG13_Example' (cds.lib command ignored).
SOFTINCLUDE ${PROJECT}/cds/modules.lib
|
xmvlog: *W,DLCVAR (/home/rah47472/pdk/ihp/sg13g2/SG13G2_618_rev1.3.2/env/cds.lib_composite,51): cds.lib Invalid environment variable ''.
SOFTINCLUDE ${AMSHOME}/tools/inca/files/cds.lib_plain
|
xmvlog: *W,DLCVAR (/home/rah47472/pdk/ihp/sg13g2/SG13G2_618_rev1.3.2/work/skel/cds/cds.lib,6): cds.lib Invalid environment variable ''.
file: tb_pool_engine.sv
	module worklib.tb_pool_engine:sv
		errors: 0, warnings: 0
	Total errors/warnings found outside modules and primitives:
		errors: 0, warnings: 7
ASSIGN mixSig DISPLAY CadenceLib
|
xrun: *W,DLCLIB (/home/rah47472/pdk/ihp/sg13g2/SG13G2_618_rev1.3.2/env/cds.lib_composite,14): cds.lib Library not defined 'mixSig' (cds.lib command ignored).
ASSIGN spectreHDL DISPLAY CadenceLib
|
xrun: *W,DLCLIB (/home/rah47472/pdk/ihp/sg13g2/SG13G2_618_rev1.3.2/env/cds.lib_composite,15): cds.lib Library not defined 'spectreHDL' (cds.lib command ignored).
ASSIGN corners DISPLAY CadenceLib
|
xrun: *W,DLCLIB (/home/rah47472/pdk/ihp/sg13g2/SG13G2_618_rev1.3.2/env/cds.lib_composite,16): cds.lib Library not defined 'corners' (cds.lib command ignored).
SOFTINCLUDE ${AMSHOME}/tools/inca/files/cds.lib
|
xrun: *W,DLCVAR (/home/rah47472/pdk/ihp/sg13g2/SG13G2_618_rev1.3.2/env/cds.lib_composite,22): cds.lib Invalid environment variable ''.
ASSIGN SG13_Example DISPLAY PDKlib
|
xrun: *W,DLCLIB (/home/rah47472/pdk/ihp/sg13g2/SG13G2_618_rev1.3.2/env/cds.lib_composite,31): cds.lib Library not defined 'SG13_Example' (cds.lib command ignored).
SOFTINCLUDE ${PROJECT}/cds/modules.lib
|
xrun: *W,DLCVAR (/home/rah47472/pdk/ihp/sg13g2/SG13G2_618_rev1.3.2/env/cds.lib_composite,51): cds.lib Invalid environment variable ''.
SOFTINCLUDE ${AMSHOME}/tools/inca/files/cds.lib_plain
|
xrun: *W,DLCVAR (/home/rah47472/pdk/ihp/sg13g2/SG13G2_618_rev1.3.2/work/skel/cds/cds.lib,6): cds.lib Invalid environment variable ''.
ASSIGN mixSig DISPLAY CadenceLib
|
xrun: *W,DLCLIB (/home/rah47472/pdk/ihp/sg13g2/SG13G2_618_rev1.3.2/env/cds.lib_composite,14): cds.lib Library not defined 'mixSig' (cds.lib command ignored).
ASSIGN spectreHDL DISPLAY CadenceLib
|
xrun: *W,DLCLIB (/home/rah47472/pdk/ihp/sg13g2/SG13G2_618_rev1.3.2/env/cds.lib_composite,15): cds.lib Library not defined 'spectreHDL' (cds.lib command ignored).
ASSIGN corners DISPLAY CadenceLib
|
xrun: *W,DLCLIB (/home/rah47472/pdk/ihp/sg13g2/SG13G2_618_rev1.3.2/env/cds.lib_composite,16): cds.lib Library not defined 'corners' (cds.lib command ignored).
SOFTINCLUDE ${AMSHOME}/tools/inca/files/cds.lib
|
xrun: *W,DLCVAR (/home/rah47472/pdk/ihp/sg13g2/SG13G2_618_rev1.3.2/env/cds.lib_composite,22): cds.lib Invalid environment variable ''.
ASSIGN SG13_Example DISPLAY PDKlib
|
xrun: *W,DLCLIB (/home/rah47472/pdk/ihp/sg13g2/SG13G2_618_rev1.3.2/env/cds.lib_composite,31): cds.lib Library not defined 'SG13_Example' (cds.lib command ignored).
SOFTINCLUDE ${PROJECT}/cds/modules.lib
|
xrun: *W,DLCVAR (/home/rah47472/pdk/ihp/sg13g2/SG13G2_618_rev1.3.2/env/cds.lib_composite,51): cds.lib Invalid environment variable ''.
SOFTINCLUDE ${AMSHOME}/tools/inca/files/cds.lib_plain
|
xrun: *W,DLCVAR (/home/rah47472/pdk/ihp/sg13g2/SG13G2_618_rev1.3.2/work/skel/cds/cds.lib,6): cds.lib Invalid environment variable ''.
ASSIGN mixSig DISPLAY CadenceLib
|
xmelab: *W,DLCLIB (/home/rah47472/pdk/ihp/sg13g2/SG13G2_618_rev1.3.2/env/cds.lib_composite,14): cds.lib Library not defined 'mixSig' (cds.lib command ignored).
ASSIGN spectreHDL DISPLAY CadenceLib
|
xmelab: *W,DLCLIB (/home/rah47472/pdk/ihp/sg13g2/SG13G2_618_rev1.3.2/env/cds.lib_composite,15): cds.lib Library not defined 'spectreHDL' (cds.lib command ignored).
ASSIGN corners DISPLAY CadenceLib
|
xmelab: *W,DLCLIB (/home/rah47472/pdk/ihp/sg13g2/SG13G2_618_rev1.3.2/env/cds.lib_composite,16): cds.lib Library not defined 'corners' (cds.lib command ignored).
SOFTINCLUDE ${AMSHOME}/tools/inca/files/cds.lib
|
xmelab: *W,DLCVAR (/home/rah47472/pdk/ihp/sg13g2/SG13G2_618_rev1.3.2/env/cds.lib_composite,22): cds.lib Invalid environment variable ''.
ASSIGN SG13_Example DISPLAY PDKlib
|
xmelab: *W,DLCLIB (/home/rah47472/pdk/ihp/sg13g2/SG13G2_618_rev1.3.2/env/cds.lib_composite,31): cds.lib Library not defined 'SG13_Example' (cds.lib command ignored).
SOFTINCLUDE ${PROJECT}/cds/modules.lib
|
xmelab: *W,DLCVAR (/home/rah47472/pdk/ihp/sg13g2/SG13G2_618_rev1.3.2/env/cds.lib_composite,51): cds.lib Invalid environment variable ''.
SOFTINCLUDE ${AMSHOME}/tools/inca/files/cds.lib_plain
|
xmelab: *W,DLCVAR (/home/rah47472/pdk/ihp/sg13g2/SG13G2_618_rev1.3.2/work/skel/cds/cds.lib,6): cds.lib Invalid environment variable ''.
		Caching library 'worklib' ....... Done
	Elaborating the design hierarchy:
	Top level design units:
		tb_pool_engine
	Building instance overlay tables: .................... Done
	Generating native compiled code:
ASSIGN mixSig DISPLAY CadenceLib
|
xmvlog_cg: *W,DLCLIB (/home/rah47472/pdk/ihp/sg13g2/SG13G2_618_rev1.3.2/env/cds.lib_composite,14): cds.lib Library not defined 'mixSig' (cds.lib command ignored).
ASSIGN spectreHDL DISPLAY CadenceLib
|
xmvlog_cg: *W,DLCLIB (/home/rah47472/pdk/ihp/sg13g2/SG13G2_618_rev1.3.2/env/cds.lib_composite,15): cds.lib Library not defined 'spectreHDL' (cds.lib command ignored).
ASSIGN corners DISPLAY CadenceLib
|
xmvlog_cg: *W,DLCLIB (/home/rah47472/pdk/ihp/sg13g2/SG13G2_618_rev1.3.2/env/cds.lib_composite,16): cds.lib Library not defined 'corners' (cds.lib command ignored).
SOFTINCLUDE ${AMSHOME}/tools/inca/files/cds.lib
|
xmvlog_cg: *W,DLCVAR (/home/rah47472/pdk/ihp/sg13g2/SG13G2_618_rev1.3.2/env/cds.lib_composite,22): cds.lib Invalid environment variable ''.
ASSIGN SG13_Example DISPLAY PDKlib
|
xmvlog_cg: *W,DLCLIB (/home/rah47472/pdk/ihp/sg13g2/SG13G2_618_rev1.3.2/env/cds.lib_composite,31): cds.lib Library not defined 'SG13_Example' (cds.lib command ignored).
SOFTINCLUDE ${PROJECT}/cds/modules.lib
|
xmvlog_cg: *W,DLCVAR (/home/rah47472/pdk/ihp/sg13g2/SG13G2_618_rev1.3.2/env/cds.lib_composite,51): cds.lib Invalid environment variable ''.
SOFTINCLUDE ${AMSHOME}/tools/inca/files/cds.lib_plain
|
xmvlog_cg: *W,DLCVAR (/home/rah47472/pdk/ihp/sg13g2/SG13G2_618_rev1.3.2/work/skel/cds/cds.lib,6): cds.lib Invalid environment variable ''.
		worklib.tb_pool_engine:sv <0x27d0a3c9>
			streams:  25, words: 32065
	Building instance specific data structures.
	Loading native compiled code:     .................... Done
	Design hierarchy summary:
		                 Instances  Unique
		Modules:                 2       2
		Registers:              92      92
		Scalar wires:            7       -
		Vectored wires:          7       -
		Always blocks:          12      12
		Initial blocks:          3       3
		Pseudo assignments:      6       -
		Process Clocks:          4       2
		Simulation timescale:  1ps
	Writing initial simulation snapshot: worklib.tb_pool_engine:sv
ASSIGN mixSig DISPLAY CadenceLib
|
xmsim: *W,DLCLIB (/home/rah47472/pdk/ihp/sg13g2/SG13G2_618_rev1.3.2/env/cds.lib_composite,14): cds.lib Library not defined 'mixSig' (cds.lib command ignored).
ASSIGN spectreHDL DISPLAY CadenceLib
|
xmsim: *W,DLCLIB (/home/rah47472/pdk/ihp/sg13g2/SG13G2_618_rev1.3.2/env/cds.lib_composite,15): cds.lib Library not defined 'spectreHDL' (cds.lib command ignored).
ASSIGN corners DISPLAY CadenceLib
|
xmsim: *W,DLCLIB (/home/rah47472/pdk/ihp/sg13g2/SG13G2_618_rev1.3.2/env/cds.lib_composite,16): cds.lib Library not defined 'corners' (cds.lib command ignored).
SOFTINCLUDE ${AMSHOME}/tools/inca/files/cds.lib
|
xmsim: *W,DLCVAR (/home/rah47472/pdk/ihp/sg13g2/SG13G2_618_rev1.3.2/env/cds.lib_composite,22): cds.lib Invalid environment variable ''.
ASSIGN SG13_Example DISPLAY PDKlib
|
xmsim: *W,DLCLIB (/home/rah47472/pdk/ihp/sg13g2/SG13G2_618_rev1.3.2/env/cds.lib_composite,31): cds.lib Library not defined 'SG13_Example' (cds.lib command ignored).
SOFTINCLUDE ${PROJECT}/cds/modules.lib
|
xmsim: *W,DLCVAR (/home/rah47472/pdk/ihp/sg13g2/SG13G2_618_rev1.3.2/env/cds.lib_composite,51): cds.lib Invalid environment variable ''.
SOFTINCLUDE ${AMSHOME}/tools/inca/files/cds.lib_plain
|
xmsim: *W,DLCVAR (/home/rah47472/pdk/ihp/sg13g2/SG13G2_618_rev1.3.2/work/skel/cds/cds.lib,6): cds.lib Invalid environment variable ''.
Loading snapshot worklib.tb_pool_engine:sv .................... Done
xcelium> source /eda/cadence/2024-25/RHELx86/XCELIUM_24.03.004/tools/xcelium/files/xmsimrc
xcelium> run
[PASS] T1_Gradient — pool_done asserted
[PASS] T1_Gradient — all 512 output pixels correct (0 mismatches)
[PASS] T1_Gradient — pool_done stays HIGH (S_DONE is a level)
[PASS] T2_AllZero — pool_done asserted
[PASS] T2_AllZero — all 512 output pixels correct (0 mismatches)
[PASS] T2_AllZero — pool_done stays HIGH (S_DONE is a level)
[PASS] T3_AllMax — pool_done asserted
[PASS] T3_AllMax — all 512 output pixels correct (0 mismatches)
[PASS] T3_AllMax — pool_done stays HIGH (S_DONE is a level)
[PASS] T4_PeakAtBR — pool_done asserted
[PASS] T4_PeakAtBR — all 512 output pixels correct (0 mismatches)
[PASS] T4_PeakAtBR — pool_done stays HIGH (S_DONE is a level)
[PASS] T5_PeakAtTL — pool_done asserted
[PASS] T5_PeakAtTL — all 512 output pixels correct (0 mismatches)
[PASS] T5_PeakAtTL — pool_done stays HIGH (S_DONE is a level)
[PASS] T6_ChannelIsolation — pool_done asserted
[PASS] T6_ChannelIsolation — all 512 output pixels correct (0 mismatches)
[PASS] T6_ChannelIsolation — pool_done stays HIGH (S_DONE is a level)
[PASS] T7_Reset — pool_done de-asserted after reset
[PASS] T7_Reset_Recovery — pool_done asserted
[PASS] T7_Reset_Recovery — all 512 output pixels correct (0 mismatches)
[PASS] T7_Reset_Recovery — pool_done stays HIGH (S_DONE is a level)

[TB] =========================================
[TB] RESULTS: 22 PASSED, 0 FAILED
[TB] ALL TESTS PASSED — pool_engine verified OK
[TB] =========================================
Simulation complete via $finish(1) at time 216455 NS + 0
./tb_pool_engine.sv:289         $finish;
xcelium> exit
TOOL:	xrun(64)	24.03-s004: Exiting on Mar 13, 2026 at 20:11:06 CET  (total: 00:00:01)
