 ---------------------------------------------------------------------------------------------------------------------- 
| Snapshot           | WNS                  | TNS                  | Density (%) | Resource               | DRVs       |
|                    | HEPG (ns) | ALL (ns) | HEPG (ns) | ALL (ns) |             | Real (s) | Memory (MB) | Tran | Cap |
|--------------------+-----------+----------+-----------+----------+-------------+----------+-------------+------+-----|
| initial_summary    |    -0.375 |   -0.375 |           |       -4 |        9.71 | 0:00:02  |        3392 |    1 |  33 |
| ccopt_pro          |           |          |           |          |             | 0:00:00  |        3447 |      |     |
| drv_eco_fixing     |    -0.374 |   -0.374 |        -4 |       -4 |        9.71 | 0:00:00  |        3466 |    1 |   1 |
| wns_fixing         |     0.001 |    0.001 |         0 |        0 |        9.84 | 0:00:03  |        3580 |      |     |
| route_type_fixing  |           |          |           |          |             | 0:00:00  |        3487 |      |     |
| pre_route_summary  |     0.000 |    0.000 |           |        0 |        9.84 | 0:00:00  |        3487 |    1 |  33 |
| eco_route          |           |          |           |          |             | 0:00:07  |        3428 |      |     |
| post_route_summary |    -0.030 |   -0.030 |           |       -0 |        9.84 | 0:00:01  |        3446 |    1 |  33 |
| final_summary      |    -0.030 |   -0.030 |           |       -0 |        9.84 | 0:00:02  |        3446 |    1 |  33 |
 ---------------------------------------------------------------------------------------------------------------------- 
