============================================================
  Generated by:           Genus(TM) Synthesis Solution 23.11-s100_1
  Generated on:           May 25 2026  10:12:46 am
  Module:                 cnn_top
  Operating conditions:   sg13g2_stdcell_typ_1p20V_25C (balanced_tree)
  Wireload mode:          top
  Area mode:              timing library
============================================================

           Instance                           Module                Cell-Count  Cell-Area   Net-Area   Total-Area  Wireload  
-----------------------------------------------------------------------------------------------------------------------------
cnn_top                        NA                                         4906 660659.005 351581.686  1012240.691  200k (S)  
  g_weight_rom[0].u_weight_rom weight_rom_ADDR_W9                           76   1023.322   4764.540     5787.861  200k (T)  
  g_weight_rom[1].u_weight_rom weight_rom_ADDR_W9_1181                      72    972.481   3872.657     4845.138  200k (T)  
  g_weight_rom[2].u_weight_rom weight_rom_ADDR_W9_1180                      68   1014.250   4124.494     5138.744  200k (T)  
  g_weight_rom[3].u_weight_rom weight_rom_ADDR_W9_1179                      69    898.128   4289.479     5187.607  200k (T)  
  u_ctrl                       controller_fsm                               63   1081.382   3577.451     4658.833  200k (T)  
  u_sram_a                     feature_sram_DEPTH8192_ADDR_W13              28 293253.259   1658.455   294911.714  200k (T)  
    mux_70_20                  bmux_1635_159_15_1322                        15    235.872    547.044      782.916  200k (T)  
  u_sram_b                     feature_sram_DEPTH8192_ADDR_W13_284          28 293253.259   1658.455   294911.714  200k (T)  
    mux_70_20                  bmux_1635_159_15                             15    235.872    547.044      782.916  200k (T)  
  (S) = wireload was automatically selected
  (T) = wireload mode is 'top'
