============================================================
  Generated by:           Genus(TM) Synthesis Solution 23.11-s100_1
  Generated on:           May 25 2026  10:12:46 am
  Module:                 cnn_top
  Operating conditions:   sg13g2_stdcell_typ_1p20V_25C (balanced_tree)
  Wireload mode:          top
  Area mode:              timing library
============================================================


Path 1: VIOLATED (-52573 ps) Setup Check with Pin u_conv_engine_acc_reg_reg[31]/CLK->D
          Group: clk
     Startpoint: (R) u_ag_tap_grp_reg[0]/CLK
          Clock: (R) clk
       Endpoint: (R) u_conv_engine_acc_reg_reg[31]/D
          Clock: (R) clk

                     Capture       Launch     
        Clock Edge:+   10000            0     
       Src Latency:+       0            0     
       Net Latency:+       0 (I)        0 (I) 
           Arrival:=   10000            0     
                                              
             Setup:-     199                  
       Uncertainty:-     100                  
     Required Time:=    9701                  
      Launch Clock:-       0                  
         Data Path:-   62274                  
             Slack:=  -52573                  

#-----------------------------------------------------------------------------------------------------------------------------------------------
#                         Timing Point                          Flags    Arc   Edge      Cell        Fanout  Load  Trans Delay Arrival Instance 
#                                                                                                            (fF)   (ps)  (ps)   (ps)  Location 
#-----------------------------------------------------------------------------------------------------------------------------------------------
  u_ag_tap_grp_reg[0]/CLK                                       -       -      R     (arrival)          138      -     0     0       0    (-,-) 
  u_ag_tap_grp_reg[0]/Q                                         -       CLK->Q R     sg13g2_dfrbp_2       3  487.8   997   903     903    (-,-) 
  g232246__3680/Y                                               -       A_N->Y R     sg13g2_nand2b_2      1  152.9   455  1223    2126    (-,-) 
  fopt234997/X                                                  -       A->X   R     sg13g2_buf_16       11 1190.7   314   990    3116    (-,-) 
  g232225__6260/X                                               -       B->X   R     sg13g2_and2_2        1  152.9   322   736    3852    (-,-) 
  fopt235544/X                                                  -       A->X   R     sg13g2_buf_16       11 1199.6   315   966    4818    (-,-) 
  g224895_0/Y                                                   -       B->Y   F     sg13g2_nand2b_2      1  140.5   442   819    5637    (-,-) 
  g232751__5526/X                                               -       S->X   R     sg13g2_mux2_2        2  313.5   644  1220    6857    (-,-) 
  g235597/Y                                                     -       B_N->Y R     sg13g2_nor2b_2       2  313.4  1286  1814    8672    (-,-) 
  g238093/Y                                                     -       B->Y   F     sg13g2_nor2_2        2  313.1   745  1691   10362    (-,-) 
  g232577__1705/X                                               -       B1->X  F     sg13g2_a21o_2        1  138.0   234  1170   11533    (-,-) 
  g232385__4733/X                                               -       A->X   F     sg13g2_and2_2        2  324.0   502  1061   12594    (-,-) 
  g232357__5107/X                                               -       B->X   F     sg13g2_or2_2         3  485.9   748  1506   14100    (-,-) 
  g232545__238298/X                                             -       A1->X  F     sg13g2_a21o_2        1  140.5   237  1195   15295    (-,-) 
  g232516__9315/X                                               -       S->X   R     sg13g2_mux2_2        1  138.0   294   945   16240    (-,-) 
  g232508__7098/X                                               -       A->X   R     sg13g2_and2_2        4  653.2  1328  1632   17872    (-,-) 
  g_weight_rom[3].u_weight_rom/g11752__5107/X                   -       B->X   R     sg13g2_or2_2         3  488.2   993  1753   19625    (-,-) 
  g_weight_rom[3].u_weight_rom/g11723__5526/X                   -       C->X   R     sg13g2_or3_2         2  310.2   635  1457   21082    (-,-) 
  g_weight_rom[3].u_weight_rom/g11715__6417/X                   -       B->X   R     sg13g2_and2_2        1  182.4   382  1188   22269    (-,-) 
  g_weight_rom[3].u_weight_rom/g11714/Y                         -       A->Y   F     sg13g2_inv_16        9 1070.6   278  1066   23335    (-,-) 
  csa_tree_u_conv_engine_add_103_33_I670_g16142/X               -       A->X   F     sg13g2_and2_2        1  152.3   247   742   24077    (-,-) 
  fopt234971/X                                                  -       A->X   F     sg13g2_buf_16        9 1098.1   222   906   24983    (-,-) 
  fopt234969/Y                                                  -       A->Y   R     sg13g2_inv_8         2  311.5   194   689   25672    (-,-) 
  csa_tree_u_conv_engine_add_103_33_I670_g15587/X               -       A0->X  R     sg13g2_mux2_1        1  140.6   577  1206   26878    (-,-) 
  csa_tree_u_conv_engine_add_103_33_I670_g15317/X               -       S->X   F     sg13g2_mux2_2        2  319.8   501  1215   28093    (-,-) 
  csa_tree_u_conv_engine_add_103_33_I670_g15255/Y               -       A->Y   R     sg13g2_inv_4         3  483.4   552  1322   29415    (-,-) 
  csa_tree_u_conv_engine_add_103_33_I670_g15071/X               -       A->X   R     sg13g2_or2_1         1  138.1   565  1301   30716    (-,-) 
  csa_tree_u_conv_engine_add_103_33_I670_g14883/X               -       B->X   R     sg13g2_and2_2        2  317.1   652  1220   31936    (-,-) 
  csa_tree_u_conv_engine_add_103_33_I670_g14854/Y               -       A->Y   F     sg13g2_inv_4         2  308.3   372  1212   33149    (-,-) 
  csa_tree_u_conv_engine_add_103_33_I670_g14592/X               -       A2->X  F     sg13g2_a21o_2        1  152.3   250  1109   34258    (-,-) 
  fopt234952/X                                                  -       A->X   F     sg13g2_buf_16        4  651.7   139   844   35102    (-,-) 
  csa_tree_u_conv_engine_add_103_33_I670_g14517/X               -       B->X   F     sg13g2_or2_1         1  138.4   428  1202   36304    (-,-) 
  csa_tree_u_conv_engine_add_103_33_I670_g14450/X               -       A1->X  F     sg13g2_a21o_2        3  484.1   744  1331   37634    (-,-) 
  g235592/Y                                                     -       A_N->Y F     sg13g2_nand2b_2      2  313.0   908  1659   39293    (-,-) 
  g235682/Y                                                     -       A1->Y  R     sg13g2_a21oi_2       1  139.4   672  1432   40725    (-,-) 
  drc235852/X                                                   -       A->X   R     sg13g2_buf_4         3  480.2   498  1152   41878    (-,-) 
  csa_tree_u_conv_engine_add_103_33_I670_g14267/X               -       A1->X  R     sg13g2_mux2_2        2  314.0   646  1408   43285    (-,-) 
  csa_tree_u_conv_engine_add_103_33_I670_g14248/X               -       S->X   R     sg13g2_mux2_2        2  328.5   675  1416   44702    (-,-) 
  csa_tree_u_conv_engine_add_103_33_I670_g14247/Y               -       A->Y   F     sg13g2_inv_8         1  135.9   173   982   45684    (-,-) 
  csa_tree_u_conv_engine_add_103_33_I670_g14240/X               -       A0->X  F     sg13g2_mux2_2        1  152.3   257   920   46604    (-,-) 
  fopt234925/X                                                  -       A->X   F     sg13g2_buf_16        5  843.0   174   873   47477    (-,-) 
  fopt234924/Y                                                  -       A->Y   R     sg13g2_inv_8         1  136.1   102   985   48462    (-,-) 
  WALLACE_CSA_DUMMY_OP669_g1022/X                               -       A1->X  R     sg13g2_mux2_2        1  138.4   293   863   49325    (-,-) 
  g212973/X                                                     -       A2->X  R     sg13g2_a21o_2        3  481.7   981  1400   50724    (-,-) 
  ADD_TC_OP_Y_final_adder_u_conv_engine_add_103_33_I4_g235632/X -       B->X   R     sg13g2_or2_2         1  138.0   293  1202   51926    (-,-) 
  ADD_TC_OP_Y_final_adder_u_conv_engine_add_103_33_I4_g1591/X   -       A->X   R     sg13g2_and2_2        3  482.3   984  1395   53321    (-,-) 
  ADD_TC_OP_Y_final_adder_u_conv_engine_add_103_33_I4_g1510/X   -       A2->X  R     sg13g2_a21o_2        3  480.9   980  1709   55030    (-,-) 
  ADD_TC_OP_Y_final_adder_u_conv_engine_add_103_33_I4_g1487/X   -       A2->X  R     sg13g2_a21o_2        1  138.1   294  1234   56264    (-,-) 
  ADD_TC_OP_Y_final_adder_u_conv_engine_add_103_33_I4_g1443/X   -       B1->X  R     sg13g2_a21o_2        1  152.9   320   904   57168    (-,-) 
  fopt234993/X                                                  -       A->X   R     sg13g2_buf_16       14 1397.5   365  1000   58168    (-,-) 
  ADD_TC_OP_Y_final_adder_u_conv_engine_add_103_33_I4_g1423/Y   -       A1->Y  F     sg13g2_a21oi_2       1  140.5   444   779   58948    (-,-) 
  ADD_TC_OP_Y_final_adder_u_conv_engine_add_103_33_I4_g1406/X   -       S->X   R     sg13g2_mux2_2        1  138.5   295   978   59926    (-,-) 
  g228366__239186/X                                             -       A1->X  R     sg13g2_a21o_2        1  137.8   290   926   60852    (-,-) 
  g228291__6260/X                                               -       B->X   R     sg13g2_or2_2         1  137.1   287   892   61744    (-,-) 
  u_conv_engine_acc_reg_reg[31]/D                               -       -      R     sg13g2_dfrbp_1       1      -     -   530   62274    (-,-) 
#-----------------------------------------------------------------------------------------------------------------------------------------------



Path 2: VIOLATED (-52573 ps) Setup Check with Pin u_conv_engine_acc_reg_reg[30]/CLK->D
          Group: clk
     Startpoint: (R) u_ag_tap_grp_reg[0]/CLK
          Clock: (R) clk
       Endpoint: (R) u_conv_engine_acc_reg_reg[30]/D
          Clock: (R) clk

                     Capture       Launch     
        Clock Edge:+   10000            0     
       Src Latency:+       0            0     
       Net Latency:+       0 (I)        0 (I) 
           Arrival:=   10000            0     
                                              
             Setup:-     199                  
       Uncertainty:-     100                  
     Required Time:=    9701                  
      Launch Clock:-       0                  
         Data Path:-   62274                  
             Slack:=  -52573                  

#-----------------------------------------------------------------------------------------------------------------------------------------------
#                         Timing Point                          Flags    Arc   Edge      Cell        Fanout  Load  Trans Delay Arrival Instance 
#                                                                                                            (fF)   (ps)  (ps)   (ps)  Location 
#-----------------------------------------------------------------------------------------------------------------------------------------------
  u_ag_tap_grp_reg[0]/CLK                                       -       -      R     (arrival)          138      -     0     0       0    (-,-) 
  u_ag_tap_grp_reg[0]/Q                                         -       CLK->Q R     sg13g2_dfrbp_2       3  487.8   997   903     903    (-,-) 
  g232246__3680/Y                                               -       A_N->Y R     sg13g2_nand2b_2      1  152.9   455  1223    2126    (-,-) 
  fopt234997/X                                                  -       A->X   R     sg13g2_buf_16       11 1190.7   314   990    3116    (-,-) 
  g232225__6260/X                                               -       B->X   R     sg13g2_and2_2        1  152.9   322   736    3852    (-,-) 
  fopt235544/X                                                  -       A->X   R     sg13g2_buf_16       11 1199.6   315   966    4818    (-,-) 
  g224895_0/Y                                                   -       B->Y   F     sg13g2_nand2b_2      1  140.5   442   819    5637    (-,-) 
  g232751__5526/X                                               -       S->X   R     sg13g2_mux2_2        2  313.5   644  1220    6857    (-,-) 
  g235597/Y                                                     -       B_N->Y R     sg13g2_nor2b_2       2  313.4  1286  1814    8672    (-,-) 
  g238093/Y                                                     -       B->Y   F     sg13g2_nor2_2        2  313.1   745  1691   10362    (-,-) 
  g232577__1705/X                                               -       B1->X  F     sg13g2_a21o_2        1  138.0   234  1170   11533    (-,-) 
  g232385__4733/X                                               -       A->X   F     sg13g2_and2_2        2  324.0   502  1061   12594    (-,-) 
  g232357__5107/X                                               -       B->X   F     sg13g2_or2_2         3  485.9   748  1506   14100    (-,-) 
  g232545__238298/X                                             -       A1->X  F     sg13g2_a21o_2        1  140.5   237  1195   15295    (-,-) 
  g232516__9315/X                                               -       S->X   R     sg13g2_mux2_2        1  138.0   294   945   16240    (-,-) 
  g232508__7098/X                                               -       A->X   R     sg13g2_and2_2        4  653.2  1328  1632   17872    (-,-) 
  g_weight_rom[3].u_weight_rom/g11752__5107/X                   -       B->X   R     sg13g2_or2_2         3  488.2   993  1753   19625    (-,-) 
  g_weight_rom[3].u_weight_rom/g11723__5526/X                   -       C->X   R     sg13g2_or3_2         2  310.2   635  1457   21082    (-,-) 
  g_weight_rom[3].u_weight_rom/g11715__6417/X                   -       B->X   R     sg13g2_and2_2        1  182.4   382  1188   22269    (-,-) 
  g_weight_rom[3].u_weight_rom/g11714/Y                         -       A->Y   F     sg13g2_inv_16        9 1070.6   278  1066   23335    (-,-) 
  csa_tree_u_conv_engine_add_103_33_I670_g16142/X               -       A->X   F     sg13g2_and2_2        1  152.3   247   742   24077    (-,-) 
  fopt234971/X                                                  -       A->X   F     sg13g2_buf_16        9 1098.1   222   906   24983    (-,-) 
  fopt234969/Y                                                  -       A->Y   R     sg13g2_inv_8         2  311.5   194   689   25672    (-,-) 
  csa_tree_u_conv_engine_add_103_33_I670_g15587/X               -       A0->X  R     sg13g2_mux2_1        1  140.6   577  1206   26878    (-,-) 
  csa_tree_u_conv_engine_add_103_33_I670_g15317/X               -       S->X   F     sg13g2_mux2_2        2  319.8   501  1215   28093    (-,-) 
  csa_tree_u_conv_engine_add_103_33_I670_g15255/Y               -       A->Y   R     sg13g2_inv_4         3  483.4   552  1322   29415    (-,-) 
  csa_tree_u_conv_engine_add_103_33_I670_g15071/X               -       A->X   R     sg13g2_or2_1         1  138.1   565  1301   30716    (-,-) 
  csa_tree_u_conv_engine_add_103_33_I670_g14883/X               -       B->X   R     sg13g2_and2_2        2  317.1   652  1220   31936    (-,-) 
  csa_tree_u_conv_engine_add_103_33_I670_g14854/Y               -       A->Y   F     sg13g2_inv_4         2  308.3   372  1212   33149    (-,-) 
  csa_tree_u_conv_engine_add_103_33_I670_g14592/X               -       A2->X  F     sg13g2_a21o_2        1  152.3   250  1109   34258    (-,-) 
  fopt234952/X                                                  -       A->X   F     sg13g2_buf_16        4  651.7   139   844   35102    (-,-) 
  csa_tree_u_conv_engine_add_103_33_I670_g14517/X               -       B->X   F     sg13g2_or2_1         1  138.4   428  1202   36304    (-,-) 
  csa_tree_u_conv_engine_add_103_33_I670_g14450/X               -       A1->X  F     sg13g2_a21o_2        3  484.1   744  1331   37634    (-,-) 
  g235592/Y                                                     -       A_N->Y F     sg13g2_nand2b_2      2  313.0   908  1659   39293    (-,-) 
  g235682/Y                                                     -       A1->Y  R     sg13g2_a21oi_2       1  139.4   672  1432   40725    (-,-) 
  drc235852/X                                                   -       A->X   R     sg13g2_buf_4         3  480.2   498  1152   41878    (-,-) 
  csa_tree_u_conv_engine_add_103_33_I670_g14267/X               -       A1->X  R     sg13g2_mux2_2        2  314.0   646  1408   43285    (-,-) 
  csa_tree_u_conv_engine_add_103_33_I670_g14248/X               -       S->X   R     sg13g2_mux2_2        2  328.5   675  1416   44702    (-,-) 
  csa_tree_u_conv_engine_add_103_33_I670_g14247/Y               -       A->Y   F     sg13g2_inv_8         1  135.9   173   982   45684    (-,-) 
  csa_tree_u_conv_engine_add_103_33_I670_g14240/X               -       A0->X  F     sg13g2_mux2_2        1  152.3   257   920   46604    (-,-) 
  fopt234925/X                                                  -       A->X   F     sg13g2_buf_16        5  843.0   174   873   47477    (-,-) 
  fopt234924/Y                                                  -       A->Y   R     sg13g2_inv_8         1  136.1   102   985   48462    (-,-) 
  WALLACE_CSA_DUMMY_OP669_g1022/X                               -       A1->X  R     sg13g2_mux2_2        1  138.4   293   863   49325    (-,-) 
  g212973/X                                                     -       A2->X  R     sg13g2_a21o_2        3  481.7   981  1400   50724    (-,-) 
  ADD_TC_OP_Y_final_adder_u_conv_engine_add_103_33_I4_g235632/X -       B->X   R     sg13g2_or2_2         1  138.0   293  1202   51926    (-,-) 
  ADD_TC_OP_Y_final_adder_u_conv_engine_add_103_33_I4_g1591/X   -       A->X   R     sg13g2_and2_2        3  482.3   984  1395   53321    (-,-) 
  ADD_TC_OP_Y_final_adder_u_conv_engine_add_103_33_I4_g1510/X   -       A2->X  R     sg13g2_a21o_2        3  480.9   980  1709   55030    (-,-) 
  ADD_TC_OP_Y_final_adder_u_conv_engine_add_103_33_I4_g1487/X   -       A2->X  R     sg13g2_a21o_2        1  138.1   294  1234   56264    (-,-) 
  ADD_TC_OP_Y_final_adder_u_conv_engine_add_103_33_I4_g1443/X   -       B1->X  R     sg13g2_a21o_2        1  152.9   320   904   57168    (-,-) 
  fopt234993/X                                                  -       A->X   R     sg13g2_buf_16       14 1397.5   365  1000   58168    (-,-) 
  ADD_TC_OP_Y_final_adder_u_conv_engine_add_103_33_I4_g1419/Y   -       A1->Y  F     sg13g2_a21oi_2       1  140.5   444   779   58948    (-,-) 
  ADD_TC_OP_Y_final_adder_u_conv_engine_add_103_33_I4_g1407/X   -       S->X   R     sg13g2_mux2_2        1  138.5   295   978   59926    (-,-) 
  g228365__239181/X                                             -       A1->X  R     sg13g2_a21o_2        1  137.8   290   926   60852    (-,-) 
  g228292__4319/X                                               -       B->X   R     sg13g2_or2_2         1  137.1   287   892   61744    (-,-) 
  u_conv_engine_acc_reg_reg[30]/D                               -       -      R     sg13g2_dfrbp_1       1      -     -   530   62274    (-,-) 
#-----------------------------------------------------------------------------------------------------------------------------------------------



Path 3: VIOLATED (-52573 ps) Setup Check with Pin u_conv_engine_acc_reg_reg[29]/CLK->D
          Group: clk
     Startpoint: (R) u_ag_tap_grp_reg[0]/CLK
          Clock: (R) clk
       Endpoint: (R) u_conv_engine_acc_reg_reg[29]/D
          Clock: (R) clk

                     Capture       Launch     
        Clock Edge:+   10000            0     
       Src Latency:+       0            0     
       Net Latency:+       0 (I)        0 (I) 
           Arrival:=   10000            0     
                                              
             Setup:-     199                  
       Uncertainty:-     100                  
     Required Time:=    9701                  
      Launch Clock:-       0                  
         Data Path:-   62274                  
             Slack:=  -52573                  

#-----------------------------------------------------------------------------------------------------------------------------------------------
#                         Timing Point                          Flags    Arc   Edge      Cell        Fanout  Load  Trans Delay Arrival Instance 
#                                                                                                            (fF)   (ps)  (ps)   (ps)  Location 
#-----------------------------------------------------------------------------------------------------------------------------------------------
  u_ag_tap_grp_reg[0]/CLK                                       -       -      R     (arrival)          138      -     0     0       0    (-,-) 
  u_ag_tap_grp_reg[0]/Q                                         -       CLK->Q R     sg13g2_dfrbp_2       3  487.8   997   903     903    (-,-) 
  g232246__3680/Y                                               -       A_N->Y R     sg13g2_nand2b_2      1  152.9   455  1223    2126    (-,-) 
  fopt234997/X                                                  -       A->X   R     sg13g2_buf_16       11 1190.7   314   990    3116    (-,-) 
  g232225__6260/X                                               -       B->X   R     sg13g2_and2_2        1  152.9   322   736    3852    (-,-) 
  fopt235544/X                                                  -       A->X   R     sg13g2_buf_16       11 1199.6   315   966    4818    (-,-) 
  g224895_0/Y                                                   -       B->Y   F     sg13g2_nand2b_2      1  140.5   442   819    5637    (-,-) 
  g232751__5526/X                                               -       S->X   R     sg13g2_mux2_2        2  313.5   644  1220    6857    (-,-) 
  g235597/Y                                                     -       B_N->Y R     sg13g2_nor2b_2       2  313.4  1286  1814    8672    (-,-) 
  g238093/Y                                                     -       B->Y   F     sg13g2_nor2_2        2  313.1   745  1691   10362    (-,-) 
  g232577__1705/X                                               -       B1->X  F     sg13g2_a21o_2        1  138.0   234  1170   11533    (-,-) 
  g232385__4733/X                                               -       A->X   F     sg13g2_and2_2        2  324.0   502  1061   12594    (-,-) 
  g232357__5107/X                                               -       B->X   F     sg13g2_or2_2         3  485.9   748  1506   14100    (-,-) 
  g232545__238298/X                                             -       A1->X  F     sg13g2_a21o_2        1  140.5   237  1195   15295    (-,-) 
  g232516__9315/X                                               -       S->X   R     sg13g2_mux2_2        1  138.0   294   945   16240    (-,-) 
  g232508__7098/X                                               -       A->X   R     sg13g2_and2_2        4  653.2  1328  1632   17872    (-,-) 
  g_weight_rom[3].u_weight_rom/g11752__5107/X                   -       B->X   R     sg13g2_or2_2         3  488.2   993  1753   19625    (-,-) 
  g_weight_rom[3].u_weight_rom/g11723__5526/X                   -       C->X   R     sg13g2_or3_2         2  310.2   635  1457   21082    (-,-) 
  g_weight_rom[3].u_weight_rom/g11715__6417/X                   -       B->X   R     sg13g2_and2_2        1  182.4   382  1188   22269    (-,-) 
  g_weight_rom[3].u_weight_rom/g11714/Y                         -       A->Y   F     sg13g2_inv_16        9 1070.6   278  1066   23335    (-,-) 
  csa_tree_u_conv_engine_add_103_33_I670_g16142/X               -       A->X   F     sg13g2_and2_2        1  152.3   247   742   24077    (-,-) 
  fopt234971/X                                                  -       A->X   F     sg13g2_buf_16        9 1098.1   222   906   24983    (-,-) 
  fopt234969/Y                                                  -       A->Y   R     sg13g2_inv_8         2  311.5   194   689   25672    (-,-) 
  csa_tree_u_conv_engine_add_103_33_I670_g15587/X               -       A0->X  R     sg13g2_mux2_1        1  140.6   577  1206   26878    (-,-) 
  csa_tree_u_conv_engine_add_103_33_I670_g15317/X               -       S->X   F     sg13g2_mux2_2        2  319.8   501  1215   28093    (-,-) 
  csa_tree_u_conv_engine_add_103_33_I670_g15255/Y               -       A->Y   R     sg13g2_inv_4         3  483.4   552  1322   29415    (-,-) 
  csa_tree_u_conv_engine_add_103_33_I670_g15071/X               -       A->X   R     sg13g2_or2_1         1  138.1   565  1301   30716    (-,-) 
  csa_tree_u_conv_engine_add_103_33_I670_g14883/X               -       B->X   R     sg13g2_and2_2        2  317.1   652  1220   31936    (-,-) 
  csa_tree_u_conv_engine_add_103_33_I670_g14854/Y               -       A->Y   F     sg13g2_inv_4         2  308.3   372  1212   33149    (-,-) 
  csa_tree_u_conv_engine_add_103_33_I670_g14592/X               -       A2->X  F     sg13g2_a21o_2        1  152.3   250  1109   34258    (-,-) 
  fopt234952/X                                                  -       A->X   F     sg13g2_buf_16        4  651.7   139   844   35102    (-,-) 
  csa_tree_u_conv_engine_add_103_33_I670_g14517/X               -       B->X   F     sg13g2_or2_1         1  138.4   428  1202   36304    (-,-) 
  csa_tree_u_conv_engine_add_103_33_I670_g14450/X               -       A1->X  F     sg13g2_a21o_2        3  484.1   744  1331   37634    (-,-) 
  g235592/Y                                                     -       A_N->Y F     sg13g2_nand2b_2      2  313.0   908  1659   39293    (-,-) 
  g235682/Y                                                     -       A1->Y  R     sg13g2_a21oi_2       1  139.4   672  1432   40725    (-,-) 
  drc235852/X                                                   -       A->X   R     sg13g2_buf_4         3  480.2   498  1152   41878    (-,-) 
  csa_tree_u_conv_engine_add_103_33_I670_g14267/X               -       A1->X  R     sg13g2_mux2_2        2  314.0   646  1408   43285    (-,-) 
  csa_tree_u_conv_engine_add_103_33_I670_g14248/X               -       S->X   R     sg13g2_mux2_2        2  328.5   675  1416   44702    (-,-) 
  csa_tree_u_conv_engine_add_103_33_I670_g14247/Y               -       A->Y   F     sg13g2_inv_8         1  135.9   173   982   45684    (-,-) 
  csa_tree_u_conv_engine_add_103_33_I670_g14240/X               -       A0->X  F     sg13g2_mux2_2        1  152.3   257   920   46604    (-,-) 
  fopt234925/X                                                  -       A->X   F     sg13g2_buf_16        5  843.0   174   873   47477    (-,-) 
  fopt234924/Y                                                  -       A->Y   R     sg13g2_inv_8         1  136.1   102   985   48462    (-,-) 
  WALLACE_CSA_DUMMY_OP669_g1022/X                               -       A1->X  R     sg13g2_mux2_2        1  138.4   293   863   49325    (-,-) 
  g212973/X                                                     -       A2->X  R     sg13g2_a21o_2        3  481.7   981  1400   50724    (-,-) 
  ADD_TC_OP_Y_final_adder_u_conv_engine_add_103_33_I4_g235632/X -       B->X   R     sg13g2_or2_2         1  138.0   293  1202   51926    (-,-) 
  ADD_TC_OP_Y_final_adder_u_conv_engine_add_103_33_I4_g1591/X   -       A->X   R     sg13g2_and2_2        3  482.3   984  1395   53321    (-,-) 
  ADD_TC_OP_Y_final_adder_u_conv_engine_add_103_33_I4_g1510/X   -       A2->X  R     sg13g2_a21o_2        3  480.9   980  1709   55030    (-,-) 
  ADD_TC_OP_Y_final_adder_u_conv_engine_add_103_33_I4_g1487/X   -       A2->X  R     sg13g2_a21o_2        1  138.1   294  1234   56264    (-,-) 
  ADD_TC_OP_Y_final_adder_u_conv_engine_add_103_33_I4_g1443/X   -       B1->X  R     sg13g2_a21o_2        1  152.9   320   904   57168    (-,-) 
  fopt234993/X                                                  -       A->X   R     sg13g2_buf_16       14 1397.5   365  1000   58168    (-,-) 
  ADD_TC_OP_Y_final_adder_u_conv_engine_add_103_33_I4_g1416/Y   -       A1->Y  F     sg13g2_a21oi_2       1  140.5   444   779   58948    (-,-) 
  ADD_TC_OP_Y_final_adder_u_conv_engine_add_103_33_I4_g1412/X   -       S->X   R     sg13g2_mux2_2        1  138.5   295   978   59926    (-,-) 
  g228364__239191/X                                             -       A1->X  R     sg13g2_a21o_2        1  137.8   290   926   60852    (-,-) 
  g228293__8428/X                                               -       B->X   R     sg13g2_or2_2         1  137.1   287   892   61744    (-,-) 
  u_conv_engine_acc_reg_reg[29]/D                               -       -      R     sg13g2_dfrbp_1       1      -     -   530   62274    (-,-) 
#-----------------------------------------------------------------------------------------------------------------------------------------------



Path 4: VIOLATED (-52573 ps) Setup Check with Pin u_conv_engine_acc_reg_reg[26]/CLK->D
          Group: clk
     Startpoint: (R) u_ag_tap_grp_reg[0]/CLK
          Clock: (R) clk
       Endpoint: (R) u_conv_engine_acc_reg_reg[26]/D
          Clock: (R) clk

                     Capture       Launch     
        Clock Edge:+   10000            0     
       Src Latency:+       0            0     
       Net Latency:+       0 (I)        0 (I) 
           Arrival:=   10000            0     
                                              
             Setup:-     199                  
       Uncertainty:-     100                  
     Required Time:=    9701                  
      Launch Clock:-       0                  
         Data Path:-   62274                  
             Slack:=  -52573                  

#-----------------------------------------------------------------------------------------------------------------------------------------------
#                         Timing Point                          Flags    Arc   Edge      Cell        Fanout  Load  Trans Delay Arrival Instance 
#                                                                                                            (fF)   (ps)  (ps)   (ps)  Location 
#-----------------------------------------------------------------------------------------------------------------------------------------------
  u_ag_tap_grp_reg[0]/CLK                                       -       -      R     (arrival)          138      -     0     0       0    (-,-) 
  u_ag_tap_grp_reg[0]/Q                                         -       CLK->Q R     sg13g2_dfrbp_2       3  487.8   997   903     903    (-,-) 
  g232246__3680/Y                                               -       A_N->Y R     sg13g2_nand2b_2      1  152.9   455  1223    2126    (-,-) 
  fopt234997/X                                                  -       A->X   R     sg13g2_buf_16       11 1190.7   314   990    3116    (-,-) 
  g232225__6260/X                                               -       B->X   R     sg13g2_and2_2        1  152.9   322   736    3852    (-,-) 
  fopt235544/X                                                  -       A->X   R     sg13g2_buf_16       11 1199.6   315   966    4818    (-,-) 
  g224895_0/Y                                                   -       B->Y   F     sg13g2_nand2b_2      1  140.5   442   819    5637    (-,-) 
  g232751__5526/X                                               -       S->X   R     sg13g2_mux2_2        2  313.5   644  1220    6857    (-,-) 
  g235597/Y                                                     -       B_N->Y R     sg13g2_nor2b_2       2  313.4  1286  1814    8672    (-,-) 
  g238093/Y                                                     -       B->Y   F     sg13g2_nor2_2        2  313.1   745  1691   10362    (-,-) 
  g232577__1705/X                                               -       B1->X  F     sg13g2_a21o_2        1  138.0   234  1170   11533    (-,-) 
  g232385__4733/X                                               -       A->X   F     sg13g2_and2_2        2  324.0   502  1061   12594    (-,-) 
  g232357__5107/X                                               -       B->X   F     sg13g2_or2_2         3  485.9   748  1506   14100    (-,-) 
  g232545__238298/X                                             -       A1->X  F     sg13g2_a21o_2        1  140.5   237  1195   15295    (-,-) 
  g232516__9315/X                                               -       S->X   R     sg13g2_mux2_2        1  138.0   294   945   16240    (-,-) 
  g232508__7098/X                                               -       A->X   R     sg13g2_and2_2        4  653.2  1328  1632   17872    (-,-) 
  g_weight_rom[3].u_weight_rom/g11752__5107/X                   -       B->X   R     sg13g2_or2_2         3  488.2   993  1753   19625    (-,-) 
  g_weight_rom[3].u_weight_rom/g11723__5526/X                   -       C->X   R     sg13g2_or3_2         2  310.2   635  1457   21082    (-,-) 
  g_weight_rom[3].u_weight_rom/g11715__6417/X                   -       B->X   R     sg13g2_and2_2        1  182.4   382  1188   22269    (-,-) 
  g_weight_rom[3].u_weight_rom/g11714/Y                         -       A->Y   F     sg13g2_inv_16        9 1070.6   278  1066   23335    (-,-) 
  csa_tree_u_conv_engine_add_103_33_I670_g16142/X               -       A->X   F     sg13g2_and2_2        1  152.3   247   742   24077    (-,-) 
  fopt234971/X                                                  -       A->X   F     sg13g2_buf_16        9 1098.1   222   906   24983    (-,-) 
  fopt234969/Y                                                  -       A->Y   R     sg13g2_inv_8         2  311.5   194   689   25672    (-,-) 
  csa_tree_u_conv_engine_add_103_33_I670_g15587/X               -       A0->X  R     sg13g2_mux2_1        1  140.6   577  1206   26878    (-,-) 
  csa_tree_u_conv_engine_add_103_33_I670_g15317/X               -       S->X   F     sg13g2_mux2_2        2  319.8   501  1215   28093    (-,-) 
  csa_tree_u_conv_engine_add_103_33_I670_g15255/Y               -       A->Y   R     sg13g2_inv_4         3  483.4   552  1322   29415    (-,-) 
  csa_tree_u_conv_engine_add_103_33_I670_g15071/X               -       A->X   R     sg13g2_or2_1         1  138.1   565  1301   30716    (-,-) 
  csa_tree_u_conv_engine_add_103_33_I670_g14883/X               -       B->X   R     sg13g2_and2_2        2  317.1   652  1220   31936    (-,-) 
  csa_tree_u_conv_engine_add_103_33_I670_g14854/Y               -       A->Y   F     sg13g2_inv_4         2  308.3   372  1212   33149    (-,-) 
  csa_tree_u_conv_engine_add_103_33_I670_g14592/X               -       A2->X  F     sg13g2_a21o_2        1  152.3   250  1109   34258    (-,-) 
  fopt234952/X                                                  -       A->X   F     sg13g2_buf_16        4  651.7   139   844   35102    (-,-) 
  csa_tree_u_conv_engine_add_103_33_I670_g14517/X               -       B->X   F     sg13g2_or2_1         1  138.4   428  1202   36304    (-,-) 
  csa_tree_u_conv_engine_add_103_33_I670_g14450/X               -       A1->X  F     sg13g2_a21o_2        3  484.1   744  1331   37634    (-,-) 
  g235592/Y                                                     -       A_N->Y F     sg13g2_nand2b_2      2  313.0   908  1659   39293    (-,-) 
  g235682/Y                                                     -       A1->Y  R     sg13g2_a21oi_2       1  139.4   672  1432   40725    (-,-) 
  drc235852/X                                                   -       A->X   R     sg13g2_buf_4         3  480.2   498  1152   41878    (-,-) 
  csa_tree_u_conv_engine_add_103_33_I670_g14267/X               -       A1->X  R     sg13g2_mux2_2        2  314.0   646  1408   43285    (-,-) 
  csa_tree_u_conv_engine_add_103_33_I670_g14248/X               -       S->X   R     sg13g2_mux2_2        2  328.5   675  1416   44702    (-,-) 
  csa_tree_u_conv_engine_add_103_33_I670_g14247/Y               -       A->Y   F     sg13g2_inv_8         1  135.9   173   982   45684    (-,-) 
  csa_tree_u_conv_engine_add_103_33_I670_g14240/X               -       A0->X  F     sg13g2_mux2_2        1  152.3   257   920   46604    (-,-) 
  fopt234925/X                                                  -       A->X   F     sg13g2_buf_16        5  843.0   174   873   47477    (-,-) 
  fopt234924/Y                                                  -       A->Y   R     sg13g2_inv_8         1  136.1   102   985   48462    (-,-) 
  WALLACE_CSA_DUMMY_OP669_g1022/X                               -       A1->X  R     sg13g2_mux2_2        1  138.4   293   863   49325    (-,-) 
  g212973/X                                                     -       A2->X  R     sg13g2_a21o_2        3  481.7   981  1400   50724    (-,-) 
  ADD_TC_OP_Y_final_adder_u_conv_engine_add_103_33_I4_g235632/X -       B->X   R     sg13g2_or2_2         1  138.0   293  1202   51926    (-,-) 
  ADD_TC_OP_Y_final_adder_u_conv_engine_add_103_33_I4_g1591/X   -       A->X   R     sg13g2_and2_2        3  482.3   984  1395   53321    (-,-) 
  ADD_TC_OP_Y_final_adder_u_conv_engine_add_103_33_I4_g1510/X   -       A2->X  R     sg13g2_a21o_2        3  480.9   980  1709   55030    (-,-) 
  ADD_TC_OP_Y_final_adder_u_conv_engine_add_103_33_I4_g1487/X   -       A2->X  R     sg13g2_a21o_2        1  138.1   294  1234   56264    (-,-) 
  ADD_TC_OP_Y_final_adder_u_conv_engine_add_103_33_I4_g1443/X   -       B1->X  R     sg13g2_a21o_2        1  152.9   320   904   57168    (-,-) 
  fopt234993/X                                                  -       A->X   R     sg13g2_buf_16       14 1397.5   365  1000   58168    (-,-) 
  ADD_TC_OP_Y_final_adder_u_conv_engine_add_103_33_I4_g1420/Y   -       A1->Y  F     sg13g2_a21oi_2       1  140.5   444   779   58948    (-,-) 
  ADD_TC_OP_Y_final_adder_u_conv_engine_add_103_33_I4_g1401/X   -       S->X   R     sg13g2_mux2_2        1  138.5   295   978   59926    (-,-) 
  g228361__239184/X                                             -       A1->X  R     sg13g2_a21o_2        1  137.8   290   926   60852    (-,-) 
  g228296__3680/X                                               -       B->X   R     sg13g2_or2_2         1  137.1   287   892   61744    (-,-) 
  u_conv_engine_acc_reg_reg[26]/D                               -       -      R     sg13g2_dfrbp_1       1      -     -   530   62274    (-,-) 
#-----------------------------------------------------------------------------------------------------------------------------------------------



Path 5: VIOLATED (-52573 ps) Setup Check with Pin u_conv_engine_acc_reg_reg[25]/CLK->D
          Group: clk
     Startpoint: (R) u_ag_tap_grp_reg[0]/CLK
          Clock: (R) clk
       Endpoint: (R) u_conv_engine_acc_reg_reg[25]/D
          Clock: (R) clk

                     Capture       Launch     
        Clock Edge:+   10000            0     
       Src Latency:+       0            0     
       Net Latency:+       0 (I)        0 (I) 
           Arrival:=   10000            0     
                                              
             Setup:-     199                  
       Uncertainty:-     100                  
     Required Time:=    9701                  
      Launch Clock:-       0                  
         Data Path:-   62274                  
             Slack:=  -52573                  

#-----------------------------------------------------------------------------------------------------------------------------------------------
#                         Timing Point                          Flags    Arc   Edge      Cell        Fanout  Load  Trans Delay Arrival Instance 
#                                                                                                            (fF)   (ps)  (ps)   (ps)  Location 
#-----------------------------------------------------------------------------------------------------------------------------------------------
  u_ag_tap_grp_reg[0]/CLK                                       -       -      R     (arrival)          138      -     0     0       0    (-,-) 
  u_ag_tap_grp_reg[0]/Q                                         -       CLK->Q R     sg13g2_dfrbp_2       3  487.8   997   903     903    (-,-) 
  g232246__3680/Y                                               -       A_N->Y R     sg13g2_nand2b_2      1  152.9   455  1223    2126    (-,-) 
  fopt234997/X                                                  -       A->X   R     sg13g2_buf_16       11 1190.7   314   990    3116    (-,-) 
  g232225__6260/X                                               -       B->X   R     sg13g2_and2_2        1  152.9   322   736    3852    (-,-) 
  fopt235544/X                                                  -       A->X   R     sg13g2_buf_16       11 1199.6   315   966    4818    (-,-) 
  g224895_0/Y                                                   -       B->Y   F     sg13g2_nand2b_2      1  140.5   442   819    5637    (-,-) 
  g232751__5526/X                                               -       S->X   R     sg13g2_mux2_2        2  313.5   644  1220    6857    (-,-) 
  g235597/Y                                                     -       B_N->Y R     sg13g2_nor2b_2       2  313.4  1286  1814    8672    (-,-) 
  g238093/Y                                                     -       B->Y   F     sg13g2_nor2_2        2  313.1   745  1691   10362    (-,-) 
  g232577__1705/X                                               -       B1->X  F     sg13g2_a21o_2        1  138.0   234  1170   11533    (-,-) 
  g232385__4733/X                                               -       A->X   F     sg13g2_and2_2        2  324.0   502  1061   12594    (-,-) 
  g232357__5107/X                                               -       B->X   F     sg13g2_or2_2         3  485.9   748  1506   14100    (-,-) 
  g232545__238298/X                                             -       A1->X  F     sg13g2_a21o_2        1  140.5   237  1195   15295    (-,-) 
  g232516__9315/X                                               -       S->X   R     sg13g2_mux2_2        1  138.0   294   945   16240    (-,-) 
  g232508__7098/X                                               -       A->X   R     sg13g2_and2_2        4  653.2  1328  1632   17872    (-,-) 
  g_weight_rom[3].u_weight_rom/g11752__5107/X                   -       B->X   R     sg13g2_or2_2         3  488.2   993  1753   19625    (-,-) 
  g_weight_rom[3].u_weight_rom/g11723__5526/X                   -       C->X   R     sg13g2_or3_2         2  310.2   635  1457   21082    (-,-) 
  g_weight_rom[3].u_weight_rom/g11715__6417/X                   -       B->X   R     sg13g2_and2_2        1  182.4   382  1188   22269    (-,-) 
  g_weight_rom[3].u_weight_rom/g11714/Y                         -       A->Y   F     sg13g2_inv_16        9 1070.6   278  1066   23335    (-,-) 
  csa_tree_u_conv_engine_add_103_33_I670_g16142/X               -       A->X   F     sg13g2_and2_2        1  152.3   247   742   24077    (-,-) 
  fopt234971/X                                                  -       A->X   F     sg13g2_buf_16        9 1098.1   222   906   24983    (-,-) 
  fopt234969/Y                                                  -       A->Y   R     sg13g2_inv_8         2  311.5   194   689   25672    (-,-) 
  csa_tree_u_conv_engine_add_103_33_I670_g15587/X               -       A0->X  R     sg13g2_mux2_1        1  140.6   577  1206   26878    (-,-) 
  csa_tree_u_conv_engine_add_103_33_I670_g15317/X               -       S->X   F     sg13g2_mux2_2        2  319.8   501  1215   28093    (-,-) 
  csa_tree_u_conv_engine_add_103_33_I670_g15255/Y               -       A->Y   R     sg13g2_inv_4         3  483.4   552  1322   29415    (-,-) 
  csa_tree_u_conv_engine_add_103_33_I670_g15071/X               -       A->X   R     sg13g2_or2_1         1  138.1   565  1301   30716    (-,-) 
  csa_tree_u_conv_engine_add_103_33_I670_g14883/X               -       B->X   R     sg13g2_and2_2        2  317.1   652  1220   31936    (-,-) 
  csa_tree_u_conv_engine_add_103_33_I670_g14854/Y               -       A->Y   F     sg13g2_inv_4         2  308.3   372  1212   33149    (-,-) 
  csa_tree_u_conv_engine_add_103_33_I670_g14592/X               -       A2->X  F     sg13g2_a21o_2        1  152.3   250  1109   34258    (-,-) 
  fopt234952/X                                                  -       A->X   F     sg13g2_buf_16        4  651.7   139   844   35102    (-,-) 
  csa_tree_u_conv_engine_add_103_33_I670_g14517/X               -       B->X   F     sg13g2_or2_1         1  138.4   428  1202   36304    (-,-) 
  csa_tree_u_conv_engine_add_103_33_I670_g14450/X               -       A1->X  F     sg13g2_a21o_2        3  484.1   744  1331   37634    (-,-) 
  g235592/Y                                                     -       A_N->Y F     sg13g2_nand2b_2      2  313.0   908  1659   39293    (-,-) 
  g235682/Y                                                     -       A1->Y  R     sg13g2_a21oi_2       1  139.4   672  1432   40725    (-,-) 
  drc235852/X                                                   -       A->X   R     sg13g2_buf_4         3  480.2   498  1152   41878    (-,-) 
  csa_tree_u_conv_engine_add_103_33_I670_g14267/X               -       A1->X  R     sg13g2_mux2_2        2  314.0   646  1408   43285    (-,-) 
  csa_tree_u_conv_engine_add_103_33_I670_g14248/X               -       S->X   R     sg13g2_mux2_2        2  328.5   675  1416   44702    (-,-) 
  csa_tree_u_conv_engine_add_103_33_I670_g14247/Y               -       A->Y   F     sg13g2_inv_8         1  135.9   173   982   45684    (-,-) 
  csa_tree_u_conv_engine_add_103_33_I670_g14240/X               -       A0->X  F     sg13g2_mux2_2        1  152.3   257   920   46604    (-,-) 
  fopt234925/X                                                  -       A->X   F     sg13g2_buf_16        5  843.0   174   873   47477    (-,-) 
  fopt234924/Y                                                  -       A->Y   R     sg13g2_inv_8         1  136.1   102   985   48462    (-,-) 
  WALLACE_CSA_DUMMY_OP669_g1022/X                               -       A1->X  R     sg13g2_mux2_2        1  138.4   293   863   49325    (-,-) 
  g212973/X                                                     -       A2->X  R     sg13g2_a21o_2        3  481.7   981  1400   50724    (-,-) 
  ADD_TC_OP_Y_final_adder_u_conv_engine_add_103_33_I4_g235632/X -       B->X   R     sg13g2_or2_2         1  138.0   293  1202   51926    (-,-) 
  ADD_TC_OP_Y_final_adder_u_conv_engine_add_103_33_I4_g1591/X   -       A->X   R     sg13g2_and2_2        3  482.3   984  1395   53321    (-,-) 
  ADD_TC_OP_Y_final_adder_u_conv_engine_add_103_33_I4_g1510/X   -       A2->X  R     sg13g2_a21o_2        3  480.9   980  1709   55030    (-,-) 
  ADD_TC_OP_Y_final_adder_u_conv_engine_add_103_33_I4_g1487/X   -       A2->X  R     sg13g2_a21o_2        1  138.1   294  1234   56264    (-,-) 
  ADD_TC_OP_Y_final_adder_u_conv_engine_add_103_33_I4_g1443/X   -       B1->X  R     sg13g2_a21o_2        1  152.9   320   904   57168    (-,-) 
  fopt234993/X                                                  -       A->X   R     sg13g2_buf_16       14 1397.5   365  1000   58168    (-,-) 
  ADD_TC_OP_Y_final_adder_u_conv_engine_add_103_33_I4_g1422/Y   -       A1->Y  F     sg13g2_a21oi_2       1  140.5   444   779   58948    (-,-) 
  ADD_TC_OP_Y_final_adder_u_conv_engine_add_103_33_I4_g1402/X   -       S->X   R     sg13g2_mux2_2        1  138.5   295   978   59926    (-,-) 
  g228360__239177/X                                             -       A1->X  R     sg13g2_a21o_2        1  137.8   290   926   60852    (-,-) 
  g228297__1617/X                                               -       B->X   R     sg13g2_or2_2         1  137.1   287   892   61744    (-,-) 
  u_conv_engine_acc_reg_reg[25]/D                               -       -      R     sg13g2_dfrbp_1       1      -     -   530   62274    (-,-) 
#-----------------------------------------------------------------------------------------------------------------------------------------------



Path 6: VIOLATED (-52573 ps) Setup Check with Pin u_conv_engine_acc_reg_reg[19]/CLK->D
          Group: clk
     Startpoint: (R) u_ag_tap_grp_reg[0]/CLK
          Clock: (R) clk
       Endpoint: (R) u_conv_engine_acc_reg_reg[19]/D
          Clock: (R) clk

                     Capture       Launch     
        Clock Edge:+   10000            0     
       Src Latency:+       0            0     
       Net Latency:+       0 (I)        0 (I) 
           Arrival:=   10000            0     
                                              
             Setup:-     199                  
       Uncertainty:-     100                  
     Required Time:=    9701                  
      Launch Clock:-       0                  
         Data Path:-   62274                  
             Slack:=  -52573                  

#-----------------------------------------------------------------------------------------------------------------------------------------------
#                         Timing Point                          Flags    Arc   Edge      Cell        Fanout  Load  Trans Delay Arrival Instance 
#                                                                                                            (fF)   (ps)  (ps)   (ps)  Location 
#-----------------------------------------------------------------------------------------------------------------------------------------------
  u_ag_tap_grp_reg[0]/CLK                                       -       -      R     (arrival)          138      -     0     0       0    (-,-) 
  u_ag_tap_grp_reg[0]/Q                                         -       CLK->Q R     sg13g2_dfrbp_2       3  487.8   997   903     903    (-,-) 
  g232246__3680/Y                                               -       A_N->Y R     sg13g2_nand2b_2      1  152.9   455  1223    2126    (-,-) 
  fopt234997/X                                                  -       A->X   R     sg13g2_buf_16       11 1190.7   314   990    3116    (-,-) 
  g232225__6260/X                                               -       B->X   R     sg13g2_and2_2        1  152.9   322   736    3852    (-,-) 
  fopt235544/X                                                  -       A->X   R     sg13g2_buf_16       11 1199.6   315   966    4818    (-,-) 
  g224895_0/Y                                                   -       B->Y   F     sg13g2_nand2b_2      1  140.5   442   819    5637    (-,-) 
  g232751__5526/X                                               -       S->X   R     sg13g2_mux2_2        2  313.5   644  1220    6857    (-,-) 
  g235597/Y                                                     -       B_N->Y R     sg13g2_nor2b_2       2  313.4  1286  1814    8672    (-,-) 
  g238093/Y                                                     -       B->Y   F     sg13g2_nor2_2        2  313.1   745  1691   10362    (-,-) 
  g232577__1705/X                                               -       B1->X  F     sg13g2_a21o_2        1  138.0   234  1170   11533    (-,-) 
  g232385__4733/X                                               -       A->X   F     sg13g2_and2_2        2  324.0   502  1061   12594    (-,-) 
  g232357__5107/X                                               -       B->X   F     sg13g2_or2_2         3  485.9   748  1506   14100    (-,-) 
  g232545__238298/X                                             -       A1->X  F     sg13g2_a21o_2        1  140.5   237  1195   15295    (-,-) 
  g232516__9315/X                                               -       S->X   R     sg13g2_mux2_2        1  138.0   294   945   16240    (-,-) 
  g232508__7098/X                                               -       A->X   R     sg13g2_and2_2        4  653.2  1328  1632   17872    (-,-) 
  g_weight_rom[3].u_weight_rom/g11752__5107/X                   -       B->X   R     sg13g2_or2_2         3  488.2   993  1753   19625    (-,-) 
  g_weight_rom[3].u_weight_rom/g11723__5526/X                   -       C->X   R     sg13g2_or3_2         2  310.2   635  1457   21082    (-,-) 
  g_weight_rom[3].u_weight_rom/g11715__6417/X                   -       B->X   R     sg13g2_and2_2        1  182.4   382  1188   22269    (-,-) 
  g_weight_rom[3].u_weight_rom/g11714/Y                         -       A->Y   F     sg13g2_inv_16        9 1070.6   278  1066   23335    (-,-) 
  csa_tree_u_conv_engine_add_103_33_I670_g16142/X               -       A->X   F     sg13g2_and2_2        1  152.3   247   742   24077    (-,-) 
  fopt234971/X                                                  -       A->X   F     sg13g2_buf_16        9 1098.1   222   906   24983    (-,-) 
  fopt234969/Y                                                  -       A->Y   R     sg13g2_inv_8         2  311.5   194   689   25672    (-,-) 
  csa_tree_u_conv_engine_add_103_33_I670_g15587/X               -       A0->X  R     sg13g2_mux2_1        1  140.6   577  1206   26878    (-,-) 
  csa_tree_u_conv_engine_add_103_33_I670_g15317/X               -       S->X   F     sg13g2_mux2_2        2  319.8   501  1215   28093    (-,-) 
  csa_tree_u_conv_engine_add_103_33_I670_g15255/Y               -       A->Y   R     sg13g2_inv_4         3  483.4   552  1322   29415    (-,-) 
  csa_tree_u_conv_engine_add_103_33_I670_g15071/X               -       A->X   R     sg13g2_or2_1         1  138.1   565  1301   30716    (-,-) 
  csa_tree_u_conv_engine_add_103_33_I670_g14883/X               -       B->X   R     sg13g2_and2_2        2  317.1   652  1220   31936    (-,-) 
  csa_tree_u_conv_engine_add_103_33_I670_g14854/Y               -       A->Y   F     sg13g2_inv_4         2  308.3   372  1212   33149    (-,-) 
  csa_tree_u_conv_engine_add_103_33_I670_g14592/X               -       A2->X  F     sg13g2_a21o_2        1  152.3   250  1109   34258    (-,-) 
  fopt234952/X                                                  -       A->X   F     sg13g2_buf_16        4  651.7   139   844   35102    (-,-) 
  csa_tree_u_conv_engine_add_103_33_I670_g14517/X               -       B->X   F     sg13g2_or2_1         1  138.4   428  1202   36304    (-,-) 
  csa_tree_u_conv_engine_add_103_33_I670_g14450/X               -       A1->X  F     sg13g2_a21o_2        3  484.1   744  1331   37634    (-,-) 
  g235592/Y                                                     -       A_N->Y F     sg13g2_nand2b_2      2  313.0   908  1659   39293    (-,-) 
  g235682/Y                                                     -       A1->Y  R     sg13g2_a21oi_2       1  139.4   672  1432   40725    (-,-) 
  drc235852/X                                                   -       A->X   R     sg13g2_buf_4         3  480.2   498  1152   41878    (-,-) 
  csa_tree_u_conv_engine_add_103_33_I670_g14267/X               -       A1->X  R     sg13g2_mux2_2        2  314.0   646  1408   43285    (-,-) 
  csa_tree_u_conv_engine_add_103_33_I670_g14248/X               -       S->X   R     sg13g2_mux2_2        2  328.5   675  1416   44702    (-,-) 
  csa_tree_u_conv_engine_add_103_33_I670_g14247/Y               -       A->Y   F     sg13g2_inv_8         1  135.9   173   982   45684    (-,-) 
  csa_tree_u_conv_engine_add_103_33_I670_g14240/X               -       A0->X  F     sg13g2_mux2_2        1  152.3   257   920   46604    (-,-) 
  fopt234925/X                                                  -       A->X   F     sg13g2_buf_16        5  843.0   174   873   47477    (-,-) 
  fopt234924/Y                                                  -       A->Y   R     sg13g2_inv_8         1  136.1   102   985   48462    (-,-) 
  WALLACE_CSA_DUMMY_OP669_g1022/X                               -       A1->X  R     sg13g2_mux2_2        1  138.4   293   863   49325    (-,-) 
  g212973/X                                                     -       A2->X  R     sg13g2_a21o_2        3  481.7   981  1400   50724    (-,-) 
  ADD_TC_OP_Y_final_adder_u_conv_engine_add_103_33_I4_g235632/X -       B->X   R     sg13g2_or2_2         1  138.0   293  1202   51926    (-,-) 
  ADD_TC_OP_Y_final_adder_u_conv_engine_add_103_33_I4_g1591/X   -       A->X   R     sg13g2_and2_2        3  482.3   984  1395   53321    (-,-) 
  ADD_TC_OP_Y_final_adder_u_conv_engine_add_103_33_I4_g1510/X   -       A2->X  R     sg13g2_a21o_2        3  480.9   980  1709   55030    (-,-) 
  ADD_TC_OP_Y_final_adder_u_conv_engine_add_103_33_I4_g1487/X   -       A2->X  R     sg13g2_a21o_2        1  138.1   294  1234   56264    (-,-) 
  ADD_TC_OP_Y_final_adder_u_conv_engine_add_103_33_I4_g1443/X   -       B1->X  R     sg13g2_a21o_2        1  152.9   320   904   57168    (-,-) 
  fopt234993/X                                                  -       A->X   R     sg13g2_buf_16       14 1397.5   365  1000   58168    (-,-) 
  ADD_TC_OP_Y_final_adder_u_conv_engine_add_103_33_I4_g1425/Y   -       A1->Y  F     sg13g2_a21oi_2       1  140.5   444   779   58948    (-,-) 
  ADD_TC_OP_Y_final_adder_u_conv_engine_add_103_33_I4_g1408/X   -       S->X   R     sg13g2_mux2_2        1  138.5   295   978   59926    (-,-) 
  g228355__239190/X                                             -       A1->X  R     sg13g2_a21o_2        1  137.8   290   926   60852    (-,-) 
  g228303__6131/X                                               -       B->X   R     sg13g2_or2_2         1  137.1   287   892   61744    (-,-) 
  u_conv_engine_acc_reg_reg[19]/D                               -       -      R     sg13g2_dfrbp_1       1      -     -   530   62274    (-,-) 
#-----------------------------------------------------------------------------------------------------------------------------------------------



Path 7: VIOLATED (-52558 ps) Setup Check with Pin u_conv_engine_acc_reg_reg[20]/CLK->D
          Group: clk
     Startpoint: (R) u_ag_tap_grp_reg[0]/CLK
          Clock: (R) clk
       Endpoint: (R) u_conv_engine_acc_reg_reg[20]/D
          Clock: (R) clk

                     Capture       Launch     
        Clock Edge:+   10000            0     
       Src Latency:+       0            0     
       Net Latency:+       0 (I)        0 (I) 
           Arrival:=   10000            0     
                                              
             Setup:-     206                  
       Uncertainty:-     100                  
     Required Time:=    9694                  
      Launch Clock:-       0                  
         Data Path:-   62253                  
             Slack:=  -52558                  

#-----------------------------------------------------------------------------------------------------------------------------------------------
#                         Timing Point                          Flags    Arc   Edge      Cell        Fanout  Load  Trans Delay Arrival Instance 
#                                                                                                            (fF)   (ps)  (ps)   (ps)  Location 
#-----------------------------------------------------------------------------------------------------------------------------------------------
  u_ag_tap_grp_reg[0]/CLK                                       -       -      R     (arrival)          138      -     0     0       0    (-,-) 
  u_ag_tap_grp_reg[0]/Q                                         -       CLK->Q R     sg13g2_dfrbp_2       3  487.8   997   903     903    (-,-) 
  g232246__3680/Y                                               -       A_N->Y R     sg13g2_nand2b_2      1  152.9   455  1223    2126    (-,-) 
  fopt234997/X                                                  -       A->X   R     sg13g2_buf_16       11 1190.7   314   990    3116    (-,-) 
  g232225__6260/X                                               -       B->X   R     sg13g2_and2_2        1  152.9   322   736    3852    (-,-) 
  fopt235544/X                                                  -       A->X   R     sg13g2_buf_16       11 1199.6   315   966    4818    (-,-) 
  g224895_0/Y                                                   -       B->Y   F     sg13g2_nand2b_2      1  140.5   442   819    5637    (-,-) 
  g232751__5526/X                                               -       S->X   R     sg13g2_mux2_2        2  313.5   644  1220    6857    (-,-) 
  g235597/Y                                                     -       B_N->Y R     sg13g2_nor2b_2       2  313.4  1286  1814    8672    (-,-) 
  g238093/Y                                                     -       B->Y   F     sg13g2_nor2_2        2  313.1   745  1691   10362    (-,-) 
  g232577__1705/X                                               -       B1->X  F     sg13g2_a21o_2        1  138.0   234  1170   11533    (-,-) 
  g232385__4733/X                                               -       A->X   F     sg13g2_and2_2        2  324.0   502  1061   12594    (-,-) 
  g232357__5107/X                                               -       B->X   F     sg13g2_or2_2         3  485.9   748  1506   14100    (-,-) 
  g232545__238298/X                                             -       A1->X  F     sg13g2_a21o_2        1  140.5   237  1195   15295    (-,-) 
  g232516__9315/X                                               -       S->X   R     sg13g2_mux2_2        1  138.0   294   945   16240    (-,-) 
  g232508__7098/X                                               -       A->X   R     sg13g2_and2_2        4  653.2  1328  1632   17872    (-,-) 
  g_weight_rom[3].u_weight_rom/g11752__5107/X                   -       B->X   R     sg13g2_or2_2         3  488.2   993  1753   19625    (-,-) 
  g_weight_rom[3].u_weight_rom/g11723__5526/X                   -       C->X   R     sg13g2_or3_2         2  310.2   635  1457   21082    (-,-) 
  g_weight_rom[3].u_weight_rom/g11715__6417/X                   -       B->X   R     sg13g2_and2_2        1  182.4   382  1188   22269    (-,-) 
  g_weight_rom[3].u_weight_rom/g11714/Y                         -       A->Y   F     sg13g2_inv_16        9 1070.6   278  1066   23335    (-,-) 
  csa_tree_u_conv_engine_add_103_33_I670_g16142/X               -       A->X   F     sg13g2_and2_2        1  152.3   247   742   24077    (-,-) 
  fopt234971/X                                                  -       A->X   F     sg13g2_buf_16        9 1098.1   222   906   24983    (-,-) 
  fopt234969/Y                                                  -       A->Y   R     sg13g2_inv_8         2  311.5   194   689   25672    (-,-) 
  csa_tree_u_conv_engine_add_103_33_I670_g15587/X               -       A0->X  R     sg13g2_mux2_1        1  140.6   577  1206   26878    (-,-) 
  csa_tree_u_conv_engine_add_103_33_I670_g15317/X               -       S->X   F     sg13g2_mux2_2        2  319.8   501  1215   28093    (-,-) 
  csa_tree_u_conv_engine_add_103_33_I670_g15255/Y               -       A->Y   R     sg13g2_inv_4         3  483.4   552  1322   29415    (-,-) 
  csa_tree_u_conv_engine_add_103_33_I670_g15071/X               -       A->X   R     sg13g2_or2_1         1  138.1   565  1301   30716    (-,-) 
  csa_tree_u_conv_engine_add_103_33_I670_g14883/X               -       B->X   R     sg13g2_and2_2        2  317.1   652  1220   31936    (-,-) 
  csa_tree_u_conv_engine_add_103_33_I670_g14854/Y               -       A->Y   F     sg13g2_inv_4         2  308.3   372  1212   33149    (-,-) 
  csa_tree_u_conv_engine_add_103_33_I670_g14592/X               -       A2->X  F     sg13g2_a21o_2        1  152.3   250  1109   34258    (-,-) 
  fopt234952/X                                                  -       A->X   F     sg13g2_buf_16        4  651.7   139   844   35102    (-,-) 
  csa_tree_u_conv_engine_add_103_33_I670_g14517/X               -       B->X   F     sg13g2_or2_1         1  138.4   428  1202   36304    (-,-) 
  csa_tree_u_conv_engine_add_103_33_I670_g14450/X               -       A1->X  F     sg13g2_a21o_2        3  484.1   744  1331   37634    (-,-) 
  g235592/Y                                                     -       A_N->Y F     sg13g2_nand2b_2      2  313.0   908  1659   39293    (-,-) 
  g235682/Y                                                     -       A1->Y  R     sg13g2_a21oi_2       1  139.4   672  1432   40725    (-,-) 
  drc235852/X                                                   -       A->X   R     sg13g2_buf_4         3  480.2   498  1152   41878    (-,-) 
  csa_tree_u_conv_engine_add_103_33_I670_g14267/X               -       A1->X  R     sg13g2_mux2_2        2  314.0   646  1408   43285    (-,-) 
  csa_tree_u_conv_engine_add_103_33_I670_g14248/X               -       S->X   R     sg13g2_mux2_2        2  328.5   675  1416   44702    (-,-) 
  csa_tree_u_conv_engine_add_103_33_I670_g14247/Y               -       A->Y   F     sg13g2_inv_8         1  135.9   173   982   45684    (-,-) 
  csa_tree_u_conv_engine_add_103_33_I670_g14240/X               -       A0->X  F     sg13g2_mux2_2        1  152.3   257   920   46604    (-,-) 
  fopt234925/X                                                  -       A->X   F     sg13g2_buf_16        5  843.0   174   873   47477    (-,-) 
  fopt234924/Y                                                  -       A->Y   R     sg13g2_inv_8         1  136.1   102   985   48462    (-,-) 
  WALLACE_CSA_DUMMY_OP669_g1022/X                               -       A1->X  R     sg13g2_mux2_2        1  138.4   293   863   49325    (-,-) 
  g212973/X                                                     -       A2->X  R     sg13g2_a21o_2        3  481.7   981  1400   50724    (-,-) 
  ADD_TC_OP_Y_final_adder_u_conv_engine_add_103_33_I4_g235632/X -       B->X   R     sg13g2_or2_2         1  138.0   293  1202   51926    (-,-) 
  ADD_TC_OP_Y_final_adder_u_conv_engine_add_103_33_I4_g1591/X   -       A->X   R     sg13g2_and2_2        3  482.3   984  1395   53321    (-,-) 
  ADD_TC_OP_Y_final_adder_u_conv_engine_add_103_33_I4_g235616/X -       A->X   R     sg13g2_and2_2        1  138.1   297  1226   54547    (-,-) 
  ADD_TC_OP_Y_final_adder_u_conv_engine_add_103_33_I4_g1452/X   -       B->X   R     sg13g2_and2_2        2  309.8   638  1156   55704    (-,-) 
  ADD_TC_OP_Y_final_adder_u_conv_engine_add_103_33_I4_g1447/X   -       D->X   R     sg13g2_or4_2         1  138.4   294  1120   56824    (-,-) 
  ADD_TC_OP_Y_final_adder_u_conv_engine_add_103_33_I4_g1437/X   -       A2->X  R     sg13g2_a21o_2        1  140.6   296   928   57751    (-,-) 
  ADD_TC_OP_Y_final_adder_u_conv_engine_add_103_33_I4_g1409/X   -       S->X   R     sg13g2_mux2_2        2  308.1   634  1173   58924    (-,-) 
  g228448/X                                                     -       A->X   R     sg13g2_and2_2        1  152.9   326  1148   60073    (-,-) 
  g228428/X                                                     -       A->X   R     sg13g2_buf_16       13 1308.3   342   986   61059    (-,-) 
  g228287__6417/X                                               -       C->X   R     sg13g2_or3_2         1  137.0   288   664   61723    (-,-) 
  u_conv_engine_acc_reg_reg[20]/D                               -       -      R     sg13g2_dfrbp_2       1      -     -   530   62253    (-,-) 
#-----------------------------------------------------------------------------------------------------------------------------------------------



Path 8: VIOLATED (-52548 ps) Setup Check with Pin u_conv_engine_acc_reg_reg[28]/CLK->D
          Group: clk
     Startpoint: (R) u_ag_tap_grp_reg[0]/CLK
          Clock: (R) clk
       Endpoint: (R) u_conv_engine_acc_reg_reg[28]/D
          Clock: (R) clk

                     Capture       Launch     
        Clock Edge:+   10000            0     
       Src Latency:+       0            0     
       Net Latency:+       0 (I)        0 (I) 
           Arrival:=   10000            0     
                                              
             Setup:-     205                  
       Uncertainty:-     100                  
     Required Time:=    9695                  
      Launch Clock:-       0                  
         Data Path:-   62242                  
             Slack:=  -52548                  

#-----------------------------------------------------------------------------------------------------------------------------------------------
#                         Timing Point                          Flags    Arc   Edge      Cell        Fanout  Load  Trans Delay Arrival Instance 
#                                                                                                            (fF)   (ps)  (ps)   (ps)  Location 
#-----------------------------------------------------------------------------------------------------------------------------------------------
  u_ag_tap_grp_reg[0]/CLK                                       -       -      R     (arrival)          138      -     0     0       0    (-,-) 
  u_ag_tap_grp_reg[0]/Q                                         -       CLK->Q R     sg13g2_dfrbp_2       3  487.8   997   903     903    (-,-) 
  g232246__3680/Y                                               -       A_N->Y R     sg13g2_nand2b_2      1  152.9   455  1223    2126    (-,-) 
  fopt234997/X                                                  -       A->X   R     sg13g2_buf_16       11 1190.7   314   990    3116    (-,-) 
  g232225__6260/X                                               -       B->X   R     sg13g2_and2_2        1  152.9   322   736    3852    (-,-) 
  fopt235544/X                                                  -       A->X   R     sg13g2_buf_16       11 1199.6   315   966    4818    (-,-) 
  g224895_0/Y                                                   -       B->Y   F     sg13g2_nand2b_2      1  140.5   442   819    5637    (-,-) 
  g232751__5526/X                                               -       S->X   R     sg13g2_mux2_2        2  313.5   644  1220    6857    (-,-) 
  g235597/Y                                                     -       B_N->Y R     sg13g2_nor2b_2       2  313.4  1286  1814    8672    (-,-) 
  g238093/Y                                                     -       B->Y   F     sg13g2_nor2_2        2  313.1   745  1691   10362    (-,-) 
  g232577__1705/X                                               -       B1->X  F     sg13g2_a21o_2        1  138.0   234  1170   11533    (-,-) 
  g232385__4733/X                                               -       A->X   F     sg13g2_and2_2        2  324.0   502  1061   12594    (-,-) 
  g232357__5107/X                                               -       B->X   F     sg13g2_or2_2         3  485.9   748  1506   14100    (-,-) 
  g232545__238298/X                                             -       A1->X  F     sg13g2_a21o_2        1  140.5   237  1195   15295    (-,-) 
  g232516__9315/X                                               -       S->X   R     sg13g2_mux2_2        1  138.0   294   945   16240    (-,-) 
  g232508__7098/X                                               -       A->X   R     sg13g2_and2_2        4  653.2  1328  1632   17872    (-,-) 
  g_weight_rom[3].u_weight_rom/g11752__5107/X                   -       B->X   R     sg13g2_or2_2         3  488.2   993  1753   19625    (-,-) 
  g_weight_rom[3].u_weight_rom/g11723__5526/X                   -       C->X   R     sg13g2_or3_2         2  310.2   635  1457   21082    (-,-) 
  g_weight_rom[3].u_weight_rom/g11715__6417/X                   -       B->X   R     sg13g2_and2_2        1  182.4   382  1188   22269    (-,-) 
  g_weight_rom[3].u_weight_rom/g11714/Y                         -       A->Y   F     sg13g2_inv_16        9 1070.6   278  1066   23335    (-,-) 
  csa_tree_u_conv_engine_add_103_33_I670_g16142/X               -       A->X   F     sg13g2_and2_2        1  152.3   247   742   24077    (-,-) 
  fopt234971/X                                                  -       A->X   F     sg13g2_buf_16        9 1098.1   222   906   24983    (-,-) 
  fopt234969/Y                                                  -       A->Y   R     sg13g2_inv_8         2  311.5   194   689   25672    (-,-) 
  csa_tree_u_conv_engine_add_103_33_I670_g15587/X               -       A0->X  R     sg13g2_mux2_1        1  140.6   577  1206   26878    (-,-) 
  csa_tree_u_conv_engine_add_103_33_I670_g15317/X               -       S->X   F     sg13g2_mux2_2        2  319.8   501  1215   28093    (-,-) 
  csa_tree_u_conv_engine_add_103_33_I670_g15255/Y               -       A->Y   R     sg13g2_inv_4         3  483.4   552  1322   29415    (-,-) 
  csa_tree_u_conv_engine_add_103_33_I670_g15071/X               -       A->X   R     sg13g2_or2_1         1  138.1   565  1301   30716    (-,-) 
  csa_tree_u_conv_engine_add_103_33_I670_g14883/X               -       B->X   R     sg13g2_and2_2        2  317.1   652  1220   31936    (-,-) 
  csa_tree_u_conv_engine_add_103_33_I670_g14854/Y               -       A->Y   F     sg13g2_inv_4         2  308.3   372  1212   33149    (-,-) 
  csa_tree_u_conv_engine_add_103_33_I670_g14592/X               -       A2->X  F     sg13g2_a21o_2        1  152.3   250  1109   34258    (-,-) 
  fopt234952/X                                                  -       A->X   F     sg13g2_buf_16        4  651.7   139   844   35102    (-,-) 
  csa_tree_u_conv_engine_add_103_33_I670_g14517/X               -       B->X   F     sg13g2_or2_1         1  138.4   428  1202   36304    (-,-) 
  csa_tree_u_conv_engine_add_103_33_I670_g14450/X               -       A1->X  F     sg13g2_a21o_2        3  484.1   744  1331   37634    (-,-) 
  g235592/Y                                                     -       A_N->Y F     sg13g2_nand2b_2      2  313.0   908  1659   39293    (-,-) 
  g235682/Y                                                     -       A1->Y  R     sg13g2_a21oi_2       1  139.4   672  1432   40725    (-,-) 
  drc235852/X                                                   -       A->X   R     sg13g2_buf_4         3  480.2   498  1152   41878    (-,-) 
  csa_tree_u_conv_engine_add_103_33_I670_g14267/X               -       A1->X  R     sg13g2_mux2_2        2  314.0   646  1408   43285    (-,-) 
  csa_tree_u_conv_engine_add_103_33_I670_g14248/X               -       S->X   R     sg13g2_mux2_2        2  328.5   675  1416   44702    (-,-) 
  csa_tree_u_conv_engine_add_103_33_I670_g14247/Y               -       A->Y   F     sg13g2_inv_8         1  135.9   173   982   45684    (-,-) 
  csa_tree_u_conv_engine_add_103_33_I670_g14240/X               -       A0->X  F     sg13g2_mux2_2        1  152.3   257   920   46604    (-,-) 
  fopt234925/X                                                  -       A->X   F     sg13g2_buf_16        5  843.0   174   873   47477    (-,-) 
  fopt234924/Y                                                  -       A->Y   R     sg13g2_inv_8         1  136.1   102   985   48462    (-,-) 
  WALLACE_CSA_DUMMY_OP669_g1022/X                               -       A1->X  R     sg13g2_mux2_2        1  138.4   293   863   49325    (-,-) 
  g212973/X                                                     -       A2->X  R     sg13g2_a21o_2        3  481.7   981  1400   50724    (-,-) 
  ADD_TC_OP_Y_final_adder_u_conv_engine_add_103_33_I4_g235632/X -       B->X   R     sg13g2_or2_2         1  138.0   293  1202   51926    (-,-) 
  ADD_TC_OP_Y_final_adder_u_conv_engine_add_103_33_I4_g1591/X   -       A->X   R     sg13g2_and2_2        3  482.3   984  1395   53321    (-,-) 
  ADD_TC_OP_Y_final_adder_u_conv_engine_add_103_33_I4_g235616/X -       A->X   R     sg13g2_and2_2        1  138.1   297  1226   54547    (-,-) 
  ADD_TC_OP_Y_final_adder_u_conv_engine_add_103_33_I4_g1452/X   -       B->X   R     sg13g2_and2_2        2  309.8   638  1156   55704    (-,-) 
  ADD_TC_OP_Y_final_adder_u_conv_engine_add_103_33_I4_g1447/X   -       D->X   R     sg13g2_or4_2         1  138.4   294  1120   56824    (-,-) 
  ADD_TC_OP_Y_final_adder_u_conv_engine_add_103_33_I4_g1437/X   -       A2->X  R     sg13g2_a21o_2        1  140.6   296   928   57751    (-,-) 
  ADD_TC_OP_Y_final_adder_u_conv_engine_add_103_33_I4_g1409/X   -       S->X   R     sg13g2_mux2_2        2  308.1   634  1173   58924    (-,-) 
  g228448/X                                                     -       A->X   R     sg13g2_and2_2        1  152.9   326  1148   60073    (-,-) 
  g228428/X                                                     -       A->X   R     sg13g2_buf_16       13 1308.3   342   986   61059    (-,-) 
  g228294__5526/X                                               -       B->X   R     sg13g2_or2_2         1  137.0   286   654   61712    (-,-) 
  u_conv_engine_acc_reg_reg[28]/D                               -       -      R     sg13g2_dfrbp_2       1      -     -   530   62242    (-,-) 
#-----------------------------------------------------------------------------------------------------------------------------------------------



Path 9: VIOLATED (-52548 ps) Setup Check with Pin u_conv_engine_acc_reg_reg[27]/CLK->D
          Group: clk
     Startpoint: (R) u_ag_tap_grp_reg[0]/CLK
          Clock: (R) clk
       Endpoint: (R) u_conv_engine_acc_reg_reg[27]/D
          Clock: (R) clk

                     Capture       Launch     
        Clock Edge:+   10000            0     
       Src Latency:+       0            0     
       Net Latency:+       0 (I)        0 (I) 
           Arrival:=   10000            0     
                                              
             Setup:-     205                  
       Uncertainty:-     100                  
     Required Time:=    9695                  
      Launch Clock:-       0                  
         Data Path:-   62242                  
             Slack:=  -52548                  

#-----------------------------------------------------------------------------------------------------------------------------------------------
#                         Timing Point                          Flags    Arc   Edge      Cell        Fanout  Load  Trans Delay Arrival Instance 
#                                                                                                            (fF)   (ps)  (ps)   (ps)  Location 
#-----------------------------------------------------------------------------------------------------------------------------------------------
  u_ag_tap_grp_reg[0]/CLK                                       -       -      R     (arrival)          138      -     0     0       0    (-,-) 
  u_ag_tap_grp_reg[0]/Q                                         -       CLK->Q R     sg13g2_dfrbp_2       3  487.8   997   903     903    (-,-) 
  g232246__3680/Y                                               -       A_N->Y R     sg13g2_nand2b_2      1  152.9   455  1223    2126    (-,-) 
  fopt234997/X                                                  -       A->X   R     sg13g2_buf_16       11 1190.7   314   990    3116    (-,-) 
  g232225__6260/X                                               -       B->X   R     sg13g2_and2_2        1  152.9   322   736    3852    (-,-) 
  fopt235544/X                                                  -       A->X   R     sg13g2_buf_16       11 1199.6   315   966    4818    (-,-) 
  g224895_0/Y                                                   -       B->Y   F     sg13g2_nand2b_2      1  140.5   442   819    5637    (-,-) 
  g232751__5526/X                                               -       S->X   R     sg13g2_mux2_2        2  313.5   644  1220    6857    (-,-) 
  g235597/Y                                                     -       B_N->Y R     sg13g2_nor2b_2       2  313.4  1286  1814    8672    (-,-) 
  g238093/Y                                                     -       B->Y   F     sg13g2_nor2_2        2  313.1   745  1691   10362    (-,-) 
  g232577__1705/X                                               -       B1->X  F     sg13g2_a21o_2        1  138.0   234  1170   11533    (-,-) 
  g232385__4733/X                                               -       A->X   F     sg13g2_and2_2        2  324.0   502  1061   12594    (-,-) 
  g232357__5107/X                                               -       B->X   F     sg13g2_or2_2         3  485.9   748  1506   14100    (-,-) 
  g232545__238298/X                                             -       A1->X  F     sg13g2_a21o_2        1  140.5   237  1195   15295    (-,-) 
  g232516__9315/X                                               -       S->X   R     sg13g2_mux2_2        1  138.0   294   945   16240    (-,-) 
  g232508__7098/X                                               -       A->X   R     sg13g2_and2_2        4  653.2  1328  1632   17872    (-,-) 
  g_weight_rom[3].u_weight_rom/g11752__5107/X                   -       B->X   R     sg13g2_or2_2         3  488.2   993  1753   19625    (-,-) 
  g_weight_rom[3].u_weight_rom/g11723__5526/X                   -       C->X   R     sg13g2_or3_2         2  310.2   635  1457   21082    (-,-) 
  g_weight_rom[3].u_weight_rom/g11715__6417/X                   -       B->X   R     sg13g2_and2_2        1  182.4   382  1188   22269    (-,-) 
  g_weight_rom[3].u_weight_rom/g11714/Y                         -       A->Y   F     sg13g2_inv_16        9 1070.6   278  1066   23335    (-,-) 
  csa_tree_u_conv_engine_add_103_33_I670_g16142/X               -       A->X   F     sg13g2_and2_2        1  152.3   247   742   24077    (-,-) 
  fopt234971/X                                                  -       A->X   F     sg13g2_buf_16        9 1098.1   222   906   24983    (-,-) 
  fopt234969/Y                                                  -       A->Y   R     sg13g2_inv_8         2  311.5   194   689   25672    (-,-) 
  csa_tree_u_conv_engine_add_103_33_I670_g15587/X               -       A0->X  R     sg13g2_mux2_1        1  140.6   577  1206   26878    (-,-) 
  csa_tree_u_conv_engine_add_103_33_I670_g15317/X               -       S->X   F     sg13g2_mux2_2        2  319.8   501  1215   28093    (-,-) 
  csa_tree_u_conv_engine_add_103_33_I670_g15255/Y               -       A->Y   R     sg13g2_inv_4         3  483.4   552  1322   29415    (-,-) 
  csa_tree_u_conv_engine_add_103_33_I670_g15071/X               -       A->X   R     sg13g2_or2_1         1  138.1   565  1301   30716    (-,-) 
  csa_tree_u_conv_engine_add_103_33_I670_g14883/X               -       B->X   R     sg13g2_and2_2        2  317.1   652  1220   31936    (-,-) 
  csa_tree_u_conv_engine_add_103_33_I670_g14854/Y               -       A->Y   F     sg13g2_inv_4         2  308.3   372  1212   33149    (-,-) 
  csa_tree_u_conv_engine_add_103_33_I670_g14592/X               -       A2->X  F     sg13g2_a21o_2        1  152.3   250  1109   34258    (-,-) 
  fopt234952/X                                                  -       A->X   F     sg13g2_buf_16        4  651.7   139   844   35102    (-,-) 
  csa_tree_u_conv_engine_add_103_33_I670_g14517/X               -       B->X   F     sg13g2_or2_1         1  138.4   428  1202   36304    (-,-) 
  csa_tree_u_conv_engine_add_103_33_I670_g14450/X               -       A1->X  F     sg13g2_a21o_2        3  484.1   744  1331   37634    (-,-) 
  g235592/Y                                                     -       A_N->Y F     sg13g2_nand2b_2      2  313.0   908  1659   39293    (-,-) 
  g235682/Y                                                     -       A1->Y  R     sg13g2_a21oi_2       1  139.4   672  1432   40725    (-,-) 
  drc235852/X                                                   -       A->X   R     sg13g2_buf_4         3  480.2   498  1152   41878    (-,-) 
  csa_tree_u_conv_engine_add_103_33_I670_g14267/X               -       A1->X  R     sg13g2_mux2_2        2  314.0   646  1408   43285    (-,-) 
  csa_tree_u_conv_engine_add_103_33_I670_g14248/X               -       S->X   R     sg13g2_mux2_2        2  328.5   675  1416   44702    (-,-) 
  csa_tree_u_conv_engine_add_103_33_I670_g14247/Y               -       A->Y   F     sg13g2_inv_8         1  135.9   173   982   45684    (-,-) 
  csa_tree_u_conv_engine_add_103_33_I670_g14240/X               -       A0->X  F     sg13g2_mux2_2        1  152.3   257   920   46604    (-,-) 
  fopt234925/X                                                  -       A->X   F     sg13g2_buf_16        5  843.0   174   873   47477    (-,-) 
  fopt234924/Y                                                  -       A->Y   R     sg13g2_inv_8         1  136.1   102   985   48462    (-,-) 
  WALLACE_CSA_DUMMY_OP669_g1022/X                               -       A1->X  R     sg13g2_mux2_2        1  138.4   293   863   49325    (-,-) 
  g212973/X                                                     -       A2->X  R     sg13g2_a21o_2        3  481.7   981  1400   50724    (-,-) 
  ADD_TC_OP_Y_final_adder_u_conv_engine_add_103_33_I4_g235632/X -       B->X   R     sg13g2_or2_2         1  138.0   293  1202   51926    (-,-) 
  ADD_TC_OP_Y_final_adder_u_conv_engine_add_103_33_I4_g1591/X   -       A->X   R     sg13g2_and2_2        3  482.3   984  1395   53321    (-,-) 
  ADD_TC_OP_Y_final_adder_u_conv_engine_add_103_33_I4_g235616/X -       A->X   R     sg13g2_and2_2        1  138.1   297  1226   54547    (-,-) 
  ADD_TC_OP_Y_final_adder_u_conv_engine_add_103_33_I4_g1452/X   -       B->X   R     sg13g2_and2_2        2  309.8   638  1156   55704    (-,-) 
  ADD_TC_OP_Y_final_adder_u_conv_engine_add_103_33_I4_g1447/X   -       D->X   R     sg13g2_or4_2         1  138.4   294  1120   56824    (-,-) 
  ADD_TC_OP_Y_final_adder_u_conv_engine_add_103_33_I4_g1437/X   -       A2->X  R     sg13g2_a21o_2        1  140.6   296   928   57751    (-,-) 
  ADD_TC_OP_Y_final_adder_u_conv_engine_add_103_33_I4_g1409/X   -       S->X   R     sg13g2_mux2_2        2  308.1   634  1173   58924    (-,-) 
  g228448/X                                                     -       A->X   R     sg13g2_and2_2        1  152.9   326  1148   60073    (-,-) 
  g228428/X                                                     -       A->X   R     sg13g2_buf_16       13 1308.3   342   986   61059    (-,-) 
  g228295__6783/X                                               -       B->X   R     sg13g2_or2_2         1  137.0   286   654   61712    (-,-) 
  u_conv_engine_acc_reg_reg[27]/D                               -       -      R     sg13g2_dfrbp_2       1      -     -   530   62242    (-,-) 
#-----------------------------------------------------------------------------------------------------------------------------------------------



Path 10: VIOLATED (-52548 ps) Setup Check with Pin u_conv_engine_acc_reg_reg[24]/CLK->D
          Group: clk
     Startpoint: (R) u_ag_tap_grp_reg[0]/CLK
          Clock: (R) clk
       Endpoint: (R) u_conv_engine_acc_reg_reg[24]/D
          Clock: (R) clk

                     Capture       Launch     
        Clock Edge:+   10000            0     
       Src Latency:+       0            0     
       Net Latency:+       0 (I)        0 (I) 
           Arrival:=   10000            0     
                                              
             Setup:-     205                  
       Uncertainty:-     100                  
     Required Time:=    9695                  
      Launch Clock:-       0                  
         Data Path:-   62242                  
             Slack:=  -52548                  

#-----------------------------------------------------------------------------------------------------------------------------------------------
#                         Timing Point                          Flags    Arc   Edge      Cell        Fanout  Load  Trans Delay Arrival Instance 
#                                                                                                            (fF)   (ps)  (ps)   (ps)  Location 
#-----------------------------------------------------------------------------------------------------------------------------------------------
  u_ag_tap_grp_reg[0]/CLK                                       -       -      R     (arrival)          138      -     0     0       0    (-,-) 
  u_ag_tap_grp_reg[0]/Q                                         -       CLK->Q R     sg13g2_dfrbp_2       3  487.8   997   903     903    (-,-) 
  g232246__3680/Y                                               -       A_N->Y R     sg13g2_nand2b_2      1  152.9   455  1223    2126    (-,-) 
  fopt234997/X                                                  -       A->X   R     sg13g2_buf_16       11 1190.7   314   990    3116    (-,-) 
  g232225__6260/X                                               -       B->X   R     sg13g2_and2_2        1  152.9   322   736    3852    (-,-) 
  fopt235544/X                                                  -       A->X   R     sg13g2_buf_16       11 1199.6   315   966    4818    (-,-) 
  g224895_0/Y                                                   -       B->Y   F     sg13g2_nand2b_2      1  140.5   442   819    5637    (-,-) 
  g232751__5526/X                                               -       S->X   R     sg13g2_mux2_2        2  313.5   644  1220    6857    (-,-) 
  g235597/Y                                                     -       B_N->Y R     sg13g2_nor2b_2       2  313.4  1286  1814    8672    (-,-) 
  g238093/Y                                                     -       B->Y   F     sg13g2_nor2_2        2  313.1   745  1691   10362    (-,-) 
  g232577__1705/X                                               -       B1->X  F     sg13g2_a21o_2        1  138.0   234  1170   11533    (-,-) 
  g232385__4733/X                                               -       A->X   F     sg13g2_and2_2        2  324.0   502  1061   12594    (-,-) 
  g232357__5107/X                                               -       B->X   F     sg13g2_or2_2         3  485.9   748  1506   14100    (-,-) 
  g232545__238298/X                                             -       A1->X  F     sg13g2_a21o_2        1  140.5   237  1195   15295    (-,-) 
  g232516__9315/X                                               -       S->X   R     sg13g2_mux2_2        1  138.0   294   945   16240    (-,-) 
  g232508__7098/X                                               -       A->X   R     sg13g2_and2_2        4  653.2  1328  1632   17872    (-,-) 
  g_weight_rom[3].u_weight_rom/g11752__5107/X                   -       B->X   R     sg13g2_or2_2         3  488.2   993  1753   19625    (-,-) 
  g_weight_rom[3].u_weight_rom/g11723__5526/X                   -       C->X   R     sg13g2_or3_2         2  310.2   635  1457   21082    (-,-) 
  g_weight_rom[3].u_weight_rom/g11715__6417/X                   -       B->X   R     sg13g2_and2_2        1  182.4   382  1188   22269    (-,-) 
  g_weight_rom[3].u_weight_rom/g11714/Y                         -       A->Y   F     sg13g2_inv_16        9 1070.6   278  1066   23335    (-,-) 
  csa_tree_u_conv_engine_add_103_33_I670_g16142/X               -       A->X   F     sg13g2_and2_2        1  152.3   247   742   24077    (-,-) 
  fopt234971/X                                                  -       A->X   F     sg13g2_buf_16        9 1098.1   222   906   24983    (-,-) 
  fopt234969/Y                                                  -       A->Y   R     sg13g2_inv_8         2  311.5   194   689   25672    (-,-) 
  csa_tree_u_conv_engine_add_103_33_I670_g15587/X               -       A0->X  R     sg13g2_mux2_1        1  140.6   577  1206   26878    (-,-) 
  csa_tree_u_conv_engine_add_103_33_I670_g15317/X               -       S->X   F     sg13g2_mux2_2        2  319.8   501  1215   28093    (-,-) 
  csa_tree_u_conv_engine_add_103_33_I670_g15255/Y               -       A->Y   R     sg13g2_inv_4         3  483.4   552  1322   29415    (-,-) 
  csa_tree_u_conv_engine_add_103_33_I670_g15071/X               -       A->X   R     sg13g2_or2_1         1  138.1   565  1301   30716    (-,-) 
  csa_tree_u_conv_engine_add_103_33_I670_g14883/X               -       B->X   R     sg13g2_and2_2        2  317.1   652  1220   31936    (-,-) 
  csa_tree_u_conv_engine_add_103_33_I670_g14854/Y               -       A->Y   F     sg13g2_inv_4         2  308.3   372  1212   33149    (-,-) 
  csa_tree_u_conv_engine_add_103_33_I670_g14592/X               -       A2->X  F     sg13g2_a21o_2        1  152.3   250  1109   34258    (-,-) 
  fopt234952/X                                                  -       A->X   F     sg13g2_buf_16        4  651.7   139   844   35102    (-,-) 
  csa_tree_u_conv_engine_add_103_33_I670_g14517/X               -       B->X   F     sg13g2_or2_1         1  138.4   428  1202   36304    (-,-) 
  csa_tree_u_conv_engine_add_103_33_I670_g14450/X               -       A1->X  F     sg13g2_a21o_2        3  484.1   744  1331   37634    (-,-) 
  g235592/Y                                                     -       A_N->Y F     sg13g2_nand2b_2      2  313.0   908  1659   39293    (-,-) 
  g235682/Y                                                     -       A1->Y  R     sg13g2_a21oi_2       1  139.4   672  1432   40725    (-,-) 
  drc235852/X                                                   -       A->X   R     sg13g2_buf_4         3  480.2   498  1152   41878    (-,-) 
  csa_tree_u_conv_engine_add_103_33_I670_g14267/X               -       A1->X  R     sg13g2_mux2_2        2  314.0   646  1408   43285    (-,-) 
  csa_tree_u_conv_engine_add_103_33_I670_g14248/X               -       S->X   R     sg13g2_mux2_2        2  328.5   675  1416   44702    (-,-) 
  csa_tree_u_conv_engine_add_103_33_I670_g14247/Y               -       A->Y   F     sg13g2_inv_8         1  135.9   173   982   45684    (-,-) 
  csa_tree_u_conv_engine_add_103_33_I670_g14240/X               -       A0->X  F     sg13g2_mux2_2        1  152.3   257   920   46604    (-,-) 
  fopt234925/X                                                  -       A->X   F     sg13g2_buf_16        5  843.0   174   873   47477    (-,-) 
  fopt234924/Y                                                  -       A->Y   R     sg13g2_inv_8         1  136.1   102   985   48462    (-,-) 
  WALLACE_CSA_DUMMY_OP669_g1022/X                               -       A1->X  R     sg13g2_mux2_2        1  138.4   293   863   49325    (-,-) 
  g212973/X                                                     -       A2->X  R     sg13g2_a21o_2        3  481.7   981  1400   50724    (-,-) 
  ADD_TC_OP_Y_final_adder_u_conv_engine_add_103_33_I4_g235632/X -       B->X   R     sg13g2_or2_2         1  138.0   293  1202   51926    (-,-) 
  ADD_TC_OP_Y_final_adder_u_conv_engine_add_103_33_I4_g1591/X   -       A->X   R     sg13g2_and2_2        3  482.3   984  1395   53321    (-,-) 
  ADD_TC_OP_Y_final_adder_u_conv_engine_add_103_33_I4_g235616/X -       A->X   R     sg13g2_and2_2        1  138.1   297  1226   54547    (-,-) 
  ADD_TC_OP_Y_final_adder_u_conv_engine_add_103_33_I4_g1452/X   -       B->X   R     sg13g2_and2_2        2  309.8   638  1156   55704    (-,-) 
  ADD_TC_OP_Y_final_adder_u_conv_engine_add_103_33_I4_g1447/X   -       D->X   R     sg13g2_or4_2         1  138.4   294  1120   56824    (-,-) 
  ADD_TC_OP_Y_final_adder_u_conv_engine_add_103_33_I4_g1437/X   -       A2->X  R     sg13g2_a21o_2        1  140.6   296   928   57751    (-,-) 
  ADD_TC_OP_Y_final_adder_u_conv_engine_add_103_33_I4_g1409/X   -       S->X   R     sg13g2_mux2_2        2  308.1   634  1173   58924    (-,-) 
  g228448/X                                                     -       A->X   R     sg13g2_and2_2        1  152.9   326  1148   60073    (-,-) 
  g228428/X                                                     -       A->X   R     sg13g2_buf_16       13 1308.3   342   986   61059    (-,-) 
  g228298__2802/X                                               -       B->X   R     sg13g2_or2_2         1  137.0   286   654   61712    (-,-) 
  u_conv_engine_acc_reg_reg[24]/D                               -       -      R     sg13g2_dfrbp_2       1      -     -   530   62242    (-,-) 
#-----------------------------------------------------------------------------------------------------------------------------------------------

