xrun(64): 24.03-s004: (c) Copyright 1995-2024 Cadence Design Systems, Inc.
TOOL:	xrun(64)	24.03-s004: Started on Apr 30, 2026 at 14:53:56 CEST
xrun
	-sv
	-define FUNCTIONAL
	-define SYNTHESIS
	-timescale 1ns/1ps
	-notimingchecks
	libs/OpenFPGA/Fabric/ihp-sg13g2/libs.ref/sg13g2_stdcell/verilog/sg13g2_stdcell.v
	libs/OpenFPGA/Fabric/ihp-sg13g2/libs.ref/sg13g2_sram/verilog/RM_IHPSG13_1P_core_behavioral_bm_bist.v
	libs/OpenFPGA/Fabric/ihp-sg13g2/libs.ref/sg13g2_sram/verilog/RM_IHPSG13_1P_4096x8_c3_bm_bist.v
	genus_out/netlist/cnn_top_netlist.v
	rtl/tb_cnn_top.sv
	-l gls_sim.log
ASSIGN mixSig DISPLAY CadenceLib
|
xrun: *W,DLCLIB (../pdk/ihp/sg13g2/SG13G2_618_rev1.3.2/env/cds.lib_composite,14): cds.lib Library not defined 'mixSig' (cds.lib command ignored).
ASSIGN spectreHDL DISPLAY CadenceLib
|
xrun: *W,DLCLIB (../pdk/ihp/sg13g2/SG13G2_618_rev1.3.2/env/cds.lib_composite,15): cds.lib Library not defined 'spectreHDL' (cds.lib command ignored).
ASSIGN corners DISPLAY CadenceLib
|
xrun: *W,DLCLIB (../pdk/ihp/sg13g2/SG13G2_618_rev1.3.2/env/cds.lib_composite,16): cds.lib Library not defined 'corners' (cds.lib command ignored).
SOFTINCLUDE ${AMSHOME}/tools/inca/files/cds.lib
|
xrun: *W,DLCVAR (../pdk/ihp/sg13g2/SG13G2_618_rev1.3.2/env/cds.lib_composite,22): cds.lib Invalid environment variable ''.
ASSIGN SG13_Example DISPLAY PDKlib
|
xrun: *W,DLCLIB (../pdk/ihp/sg13g2/SG13G2_618_rev1.3.2/env/cds.lib_composite,31): cds.lib Library not defined 'SG13_Example' (cds.lib command ignored).
SOFTINCLUDE ${PROJECT}/cds/modules.lib
|
xrun: *W,DLCVAR (../pdk/ihp/sg13g2/SG13G2_618_rev1.3.2/env/cds.lib_composite,51): cds.lib Invalid environment variable ''.
SOFTINCLUDE ${AMSHOME}/tools/inca/files/cds.lib_plain
|
xrun: *W,DLCVAR (../pdk/ihp/sg13g2/SG13G2_618_rev1.3.2/work/skel/cds/cds.lib,6): cds.lib Invalid environment variable ''.
ASSIGN mixSig DISPLAY CadenceLib
|
xrun: *W,DLCLIB (../pdk/ihp/sg13g2/SG13G2_618_rev1.3.2/env/cds.lib_composite,14): cds.lib Library not defined 'mixSig' (cds.lib command ignored).
ASSIGN spectreHDL DISPLAY CadenceLib
|
xrun: *W,DLCLIB (../pdk/ihp/sg13g2/SG13G2_618_rev1.3.2/env/cds.lib_composite,15): cds.lib Library not defined 'spectreHDL' (cds.lib command ignored).
ASSIGN corners DISPLAY CadenceLib
|
xrun: *W,DLCLIB (../pdk/ihp/sg13g2/SG13G2_618_rev1.3.2/env/cds.lib_composite,16): cds.lib Library not defined 'corners' (cds.lib command ignored).
SOFTINCLUDE ${AMSHOME}/tools/inca/files/cds.lib
|
xrun: *W,DLCVAR (../pdk/ihp/sg13g2/SG13G2_618_rev1.3.2/env/cds.lib_composite,22): cds.lib Invalid environment variable ''.
ASSIGN SG13_Example DISPLAY PDKlib
|
xrun: *W,DLCLIB (../pdk/ihp/sg13g2/SG13G2_618_rev1.3.2/env/cds.lib_composite,31): cds.lib Library not defined 'SG13_Example' (cds.lib command ignored).
SOFTINCLUDE ${PROJECT}/cds/modules.lib
|
xrun: *W,DLCVAR (../pdk/ihp/sg13g2/SG13G2_618_rev1.3.2/env/cds.lib_composite,51): cds.lib Invalid environment variable ''.
SOFTINCLUDE ${AMSHOME}/tools/inca/files/cds.lib_plain
|
xrun: *W,DLCVAR (../pdk/ihp/sg13g2/SG13G2_618_rev1.3.2/work/skel/cds/cds.lib,6): cds.lib Invalid environment variable ''.
ASSIGN mixSig DISPLAY CadenceLib
|
xrun: *W,DLCLIB (../pdk/ihp/sg13g2/SG13G2_618_rev1.3.2/env/cds.lib_composite,14): cds.lib Library not defined 'mixSig' (cds.lib command ignored).
ASSIGN spectreHDL DISPLAY CadenceLib
|
xrun: *W,DLCLIB (../pdk/ihp/sg13g2/SG13G2_618_rev1.3.2/env/cds.lib_composite,15): cds.lib Library not defined 'spectreHDL' (cds.lib command ignored).
ASSIGN corners DISPLAY CadenceLib
|
xrun: *W,DLCLIB (../pdk/ihp/sg13g2/SG13G2_618_rev1.3.2/env/cds.lib_composite,16): cds.lib Library not defined 'corners' (cds.lib command ignored).
SOFTINCLUDE ${AMSHOME}/tools/inca/files/cds.lib
|
xrun: *W,DLCVAR (../pdk/ihp/sg13g2/SG13G2_618_rev1.3.2/env/cds.lib_composite,22): cds.lib Invalid environment variable ''.
ASSIGN SG13_Example DISPLAY PDKlib
|
xrun: *W,DLCLIB (../pdk/ihp/sg13g2/SG13G2_618_rev1.3.2/env/cds.lib_composite,31): cds.lib Library not defined 'SG13_Example' (cds.lib command ignored).
SOFTINCLUDE ${PROJECT}/cds/modules.lib
|
xrun: *W,DLCVAR (../pdk/ihp/sg13g2/SG13G2_618_rev1.3.2/env/cds.lib_composite,51): cds.lib Invalid environment variable ''.
SOFTINCLUDE ${AMSHOME}/tools/inca/files/cds.lib_plain
|
xrun: *W,DLCVAR (../pdk/ihp/sg13g2/SG13G2_618_rev1.3.2/work/skel/cds/cds.lib,6): cds.lib Invalid environment variable ''.
ASSIGN mixSig DISPLAY CadenceLib
|
xrun: *W,DLCLIB (../pdk/ihp/sg13g2/SG13G2_618_rev1.3.2/env/cds.lib_composite,14): cds.lib Library not defined 'mixSig' (cds.lib command ignored).
ASSIGN spectreHDL DISPLAY CadenceLib
|
xrun: *W,DLCLIB (../pdk/ihp/sg13g2/SG13G2_618_rev1.3.2/env/cds.lib_composite,15): cds.lib Library not defined 'spectreHDL' (cds.lib command ignored).
ASSIGN corners DISPLAY CadenceLib
|
xrun: *W,DLCLIB (../pdk/ihp/sg13g2/SG13G2_618_rev1.3.2/env/cds.lib_composite,16): cds.lib Library not defined 'corners' (cds.lib command ignored).
SOFTINCLUDE ${AMSHOME}/tools/inca/files/cds.lib
|
xrun: *W,DLCVAR (../pdk/ihp/sg13g2/SG13G2_618_rev1.3.2/env/cds.lib_composite,22): cds.lib Invalid environment variable ''.
ASSIGN SG13_Example DISPLAY PDKlib
|
xrun: *W,DLCLIB (../pdk/ihp/sg13g2/SG13G2_618_rev1.3.2/env/cds.lib_composite,31): cds.lib Library not defined 'SG13_Example' (cds.lib command ignored).
SOFTINCLUDE ${PROJECT}/cds/modules.lib
|
xrun: *W,DLCVAR (../pdk/ihp/sg13g2/SG13G2_618_rev1.3.2/env/cds.lib_composite,51): cds.lib Invalid environment variable ''.
SOFTINCLUDE ${AMSHOME}/tools/inca/files/cds.lib_plain
|
xrun: *W,DLCVAR (../pdk/ihp/sg13g2/SG13G2_618_rev1.3.2/work/skel/cds/cds.lib,6): cds.lib Invalid environment variable ''.
Recompiling... reason: file './rtl/tb_cnn_top.sv' is newer than expected.
	expected: Thu Apr 30 11:58:28 2026
	actual:   Thu Apr 30 14:55:51 2026
ASSIGN mixSig DISPLAY CadenceLib
|
xrun: *W,DLCLIB (../pdk/ihp/sg13g2/SG13G2_618_rev1.3.2/env/cds.lib_composite,14): cds.lib Library not defined 'mixSig' (cds.lib command ignored).
ASSIGN spectreHDL DISPLAY CadenceLib
|
xrun: *W,DLCLIB (../pdk/ihp/sg13g2/SG13G2_618_rev1.3.2/env/cds.lib_composite,15): cds.lib Library not defined 'spectreHDL' (cds.lib command ignored).
ASSIGN corners DISPLAY CadenceLib
|
xrun: *W,DLCLIB (../pdk/ihp/sg13g2/SG13G2_618_rev1.3.2/env/cds.lib_composite,16): cds.lib Library not defined 'corners' (cds.lib command ignored).
SOFTINCLUDE ${AMSHOME}/tools/inca/files/cds.lib
|
xrun: *W,DLCVAR (../pdk/ihp/sg13g2/SG13G2_618_rev1.3.2/env/cds.lib_composite,22): cds.lib Invalid environment variable ''.
ASSIGN SG13_Example DISPLAY PDKlib
|
xrun: *W,DLCLIB (../pdk/ihp/sg13g2/SG13G2_618_rev1.3.2/env/cds.lib_composite,31): cds.lib Library not defined 'SG13_Example' (cds.lib command ignored).
SOFTINCLUDE ${PROJECT}/cds/modules.lib
|
xrun: *W,DLCVAR (../pdk/ihp/sg13g2/SG13G2_618_rev1.3.2/env/cds.lib_composite,51): cds.lib Invalid environment variable ''.
SOFTINCLUDE ${AMSHOME}/tools/inca/files/cds.lib_plain
|
xrun: *W,DLCVAR (../pdk/ihp/sg13g2/SG13G2_618_rev1.3.2/work/skel/cds/cds.lib,6): cds.lib Invalid environment variable ''.
ASSIGN mixSig DISPLAY CadenceLib
|
xmvlog: *W,DLCLIB (../pdk/ihp/sg13g2/SG13G2_618_rev1.3.2/env/cds.lib_composite,14): cds.lib Library not defined 'mixSig' (cds.lib command ignored).
ASSIGN spectreHDL DISPLAY CadenceLib
|
xmvlog: *W,DLCLIB (../pdk/ihp/sg13g2/SG13G2_618_rev1.3.2/env/cds.lib_composite,15): cds.lib Library not defined 'spectreHDL' (cds.lib command ignored).
ASSIGN corners DISPLAY CadenceLib
|
xmvlog: *W,DLCLIB (../pdk/ihp/sg13g2/SG13G2_618_rev1.3.2/env/cds.lib_composite,16): cds.lib Library not defined 'corners' (cds.lib command ignored).
SOFTINCLUDE ${AMSHOME}/tools/inca/files/cds.lib
|
xmvlog: *W,DLCVAR (../pdk/ihp/sg13g2/SG13G2_618_rev1.3.2/env/cds.lib_composite,22): cds.lib Invalid environment variable ''.
ASSIGN SG13_Example DISPLAY PDKlib
|
xmvlog: *W,DLCLIB (../pdk/ihp/sg13g2/SG13G2_618_rev1.3.2/env/cds.lib_composite,31): cds.lib Library not defined 'SG13_Example' (cds.lib command ignored).
SOFTINCLUDE ${PROJECT}/cds/modules.lib
|
xmvlog: *W,DLCVAR (../pdk/ihp/sg13g2/SG13G2_618_rev1.3.2/env/cds.lib_composite,51): cds.lib Invalid environment variable ''.
SOFTINCLUDE ${AMSHOME}/tools/inca/files/cds.lib_plain
|
xmvlog: *W,DLCVAR (../pdk/ihp/sg13g2/SG13G2_618_rev1.3.2/work/skel/cds/cds.lib,6): cds.lib Invalid environment variable ''.
file: rtl/tb_cnn_top.sv
	module worklib.tb_cnn_top:sv
		errors: 0, warnings: 0
	Total errors/warnings found outside modules and primitives:
		errors: 0, warnings: 7
ASSIGN mixSig DISPLAY CadenceLib
|
xrun: *W,DLCLIB (../pdk/ihp/sg13g2/SG13G2_618_rev1.3.2/env/cds.lib_composite,14): cds.lib Library not defined 'mixSig' (cds.lib command ignored).
ASSIGN spectreHDL DISPLAY CadenceLib
|
xrun: *W,DLCLIB (../pdk/ihp/sg13g2/SG13G2_618_rev1.3.2/env/cds.lib_composite,15): cds.lib Library not defined 'spectreHDL' (cds.lib command ignored).
ASSIGN corners DISPLAY CadenceLib
|
xrun: *W,DLCLIB (../pdk/ihp/sg13g2/SG13G2_618_rev1.3.2/env/cds.lib_composite,16): cds.lib Library not defined 'corners' (cds.lib command ignored).
SOFTINCLUDE ${AMSHOME}/tools/inca/files/cds.lib
|
xrun: *W,DLCVAR (../pdk/ihp/sg13g2/SG13G2_618_rev1.3.2/env/cds.lib_composite,22): cds.lib Invalid environment variable ''.
ASSIGN SG13_Example DISPLAY PDKlib
|
xrun: *W,DLCLIB (../pdk/ihp/sg13g2/SG13G2_618_rev1.3.2/env/cds.lib_composite,31): cds.lib Library not defined 'SG13_Example' (cds.lib command ignored).
SOFTINCLUDE ${PROJECT}/cds/modules.lib
|
xrun: *W,DLCVAR (../pdk/ihp/sg13g2/SG13G2_618_rev1.3.2/env/cds.lib_composite,51): cds.lib Invalid environment variable ''.
SOFTINCLUDE ${AMSHOME}/tools/inca/files/cds.lib_plain
|
xrun: *W,DLCVAR (../pdk/ihp/sg13g2/SG13G2_618_rev1.3.2/work/skel/cds/cds.lib,6): cds.lib Invalid environment variable ''.
ASSIGN mixSig DISPLAY CadenceLib
|
xrun: *W,DLCLIB (../pdk/ihp/sg13g2/SG13G2_618_rev1.3.2/env/cds.lib_composite,14): cds.lib Library not defined 'mixSig' (cds.lib command ignored).
ASSIGN spectreHDL DISPLAY CadenceLib
|
xrun: *W,DLCLIB (../pdk/ihp/sg13g2/SG13G2_618_rev1.3.2/env/cds.lib_composite,15): cds.lib Library not defined 'spectreHDL' (cds.lib command ignored).
ASSIGN corners DISPLAY CadenceLib
|
xrun: *W,DLCLIB (../pdk/ihp/sg13g2/SG13G2_618_rev1.3.2/env/cds.lib_composite,16): cds.lib Library not defined 'corners' (cds.lib command ignored).
SOFTINCLUDE ${AMSHOME}/tools/inca/files/cds.lib
|
xrun: *W,DLCVAR (../pdk/ihp/sg13g2/SG13G2_618_rev1.3.2/env/cds.lib_composite,22): cds.lib Invalid environment variable ''.
ASSIGN SG13_Example DISPLAY PDKlib
|
xrun: *W,DLCLIB (../pdk/ihp/sg13g2/SG13G2_618_rev1.3.2/env/cds.lib_composite,31): cds.lib Library not defined 'SG13_Example' (cds.lib command ignored).
SOFTINCLUDE ${PROJECT}/cds/modules.lib
|
xrun: *W,DLCVAR (../pdk/ihp/sg13g2/SG13G2_618_rev1.3.2/env/cds.lib_composite,51): cds.lib Invalid environment variable ''.
SOFTINCLUDE ${AMSHOME}/tools/inca/files/cds.lib_plain
|
xrun: *W,DLCVAR (../pdk/ihp/sg13g2/SG13G2_618_rev1.3.2/work/skel/cds/cds.lib,6): cds.lib Invalid environment variable ''.
ASSIGN mixSig DISPLAY CadenceLib
|
xmelab: *W,DLCLIB (../pdk/ihp/sg13g2/SG13G2_618_rev1.3.2/env/cds.lib_composite,14): cds.lib Library not defined 'mixSig' (cds.lib command ignored).
ASSIGN spectreHDL DISPLAY CadenceLib
|
xmelab: *W,DLCLIB (../pdk/ihp/sg13g2/SG13G2_618_rev1.3.2/env/cds.lib_composite,15): cds.lib Library not defined 'spectreHDL' (cds.lib command ignored).
ASSIGN corners DISPLAY CadenceLib
|
xmelab: *W,DLCLIB (../pdk/ihp/sg13g2/SG13G2_618_rev1.3.2/env/cds.lib_composite,16): cds.lib Library not defined 'corners' (cds.lib command ignored).
SOFTINCLUDE ${AMSHOME}/tools/inca/files/cds.lib
|
xmelab: *W,DLCVAR (../pdk/ihp/sg13g2/SG13G2_618_rev1.3.2/env/cds.lib_composite,22): cds.lib Invalid environment variable ''.
ASSIGN SG13_Example DISPLAY PDKlib
|
xmelab: *W,DLCLIB (../pdk/ihp/sg13g2/SG13G2_618_rev1.3.2/env/cds.lib_composite,31): cds.lib Library not defined 'SG13_Example' (cds.lib command ignored).
SOFTINCLUDE ${PROJECT}/cds/modules.lib
|
xmelab: *W,DLCVAR (../pdk/ihp/sg13g2/SG13G2_618_rev1.3.2/env/cds.lib_composite,51): cds.lib Invalid environment variable ''.
SOFTINCLUDE ${AMSHOME}/tools/inca/files/cds.lib_plain
|
xmelab: *W,DLCVAR (../pdk/ihp/sg13g2/SG13G2_618_rev1.3.2/work/skel/cds/cds.lib,6): cds.lib Invalid environment variable ''.
		Caching library 'worklib' ....... Done
	Elaborating the design hierarchy:
	Top level design units:
		sg13g2_antennanp
		sg13g2_decap_4
		sg13g2_decap_8
		sg13g2_dlhq_1
		sg13g2_dlhr_1
		sg13g2_dlhrq_1
		sg13g2_dllr_1
		sg13g2_dllrq_1
		sg13g2_dlygate4sd1_1
		sg13g2_dlygate4sd3_1
		sg13g2_ebufn_2
		sg13g2_ebufn_4
		sg13g2_ebufn_8
		sg13g2_einvn_2
		sg13g2_einvn_4
		sg13g2_einvn_8
		sg13g2_fill_1
		sg13g2_fill_2
		sg13g2_fill_4
		sg13g2_fill_8
		sg13g2_lgcp_1
		sg13g2_mux4_1
		sg13g2_sighold
		sg13g2_slgcp_1
		sg13g2_tiehi
		sg13g2_tielo
		tb_cnn_top
xmelab: *W,NTCNTX: +notimingcheck is in use while a design has negative timing checks.  If the design requires NTC delays to work properly, +ncntcnotchks should be used instead.
	Building instance overlay tables: .................... Done
	Generating native compiled code:
ASSIGN mixSig DISPLAY CadenceLib
|
xmvlog_cg: *W,DLCLIB (../pdk/ihp/sg13g2/SG13G2_618_rev1.3.2/env/cds.lib_composite,14): cds.lib Library not defined 'mixSig' (cds.lib command ignored).
ASSIGN spectreHDL DISPLAY CadenceLib
|
xmvlog_cg: *W,DLCLIB (../pdk/ihp/sg13g2/SG13G2_618_rev1.3.2/env/cds.lib_composite,15): cds.lib Library not defined 'spectreHDL' (cds.lib command ignored).
ASSIGN corners DISPLAY CadenceLib
|
xmvlog_cg: *W,DLCLIB (../pdk/ihp/sg13g2/SG13G2_618_rev1.3.2/env/cds.lib_composite,16): cds.lib Library not defined 'corners' (cds.lib command ignored).
SOFTINCLUDE ${AMSHOME}/tools/inca/files/cds.lib
|
xmvlog_cg: *W,DLCVAR (../pdk/ihp/sg13g2/SG13G2_618_rev1.3.2/env/cds.lib_composite,22): cds.lib Invalid environment variable ''.
ASSIGN SG13_Example DISPLAY PDKlib
|
xmvlog_cg: *W,DLCLIB (../pdk/ihp/sg13g2/SG13G2_618_rev1.3.2/env/cds.lib_composite,31): cds.lib Library not defined 'SG13_Example' (cds.lib command ignored).
SOFTINCLUDE ${PROJECT}/cds/modules.lib
|
xmvlog_cg: *W,DLCVAR (../pdk/ihp/sg13g2/SG13G2_618_rev1.3.2/env/cds.lib_composite,51): cds.lib Invalid environment variable ''.
SOFTINCLUDE ${AMSHOME}/tools/inca/files/cds.lib_plain
|
xmvlog_cg: *W,DLCVAR (../pdk/ihp/sg13g2/SG13G2_618_rev1.3.2/work/skel/cds/cds.lib,6): cds.lib Invalid environment variable ''.
		worklib.tb_cnn_top:sv <0x74bf106a>
			streams:  23, words: 46346
	Building instance specific data structures.
	Loading native compiled code:     .................... Done
	Design hierarchy summary:
		                     Instances  Unique
		Modules:                 4,858      91
		UDPs:                      984      17
		Primitives:              6,450       7
		Timing outputs:          4,854      50
		Registers:                 167      46
		Scalar wires:            5,117       -
		Expanded wires:             32       4
		Vectored wires:             28       -
		Always blocks:               8       5
		Initial blocks:              5       5
		Cont. assignments:          14      35
		Pseudo assignments:          5       -
		Timing checks:           1,035       -
		Delayed tcheck signals:    441       -
		Process Clocks:              4       1
		Simulation timescale:      1ps
	Writing initial simulation snapshot: worklib.sg13g2_antennanp:v
ASSIGN mixSig DISPLAY CadenceLib
|
xmsim: *W,DLCLIB (../pdk/ihp/sg13g2/SG13G2_618_rev1.3.2/env/cds.lib_composite,14): cds.lib Library not defined 'mixSig' (cds.lib command ignored).
ASSIGN spectreHDL DISPLAY CadenceLib
|
xmsim: *W,DLCLIB (../pdk/ihp/sg13g2/SG13G2_618_rev1.3.2/env/cds.lib_composite,15): cds.lib Library not defined 'spectreHDL' (cds.lib command ignored).
ASSIGN corners DISPLAY CadenceLib
|
xmsim: *W,DLCLIB (../pdk/ihp/sg13g2/SG13G2_618_rev1.3.2/env/cds.lib_composite,16): cds.lib Library not defined 'corners' (cds.lib command ignored).
SOFTINCLUDE ${AMSHOME}/tools/inca/files/cds.lib
|
xmsim: *W,DLCVAR (../pdk/ihp/sg13g2/SG13G2_618_rev1.3.2/env/cds.lib_composite,22): cds.lib Invalid environment variable ''.
ASSIGN SG13_Example DISPLAY PDKlib
|
xmsim: *W,DLCLIB (../pdk/ihp/sg13g2/SG13G2_618_rev1.3.2/env/cds.lib_composite,31): cds.lib Library not defined 'SG13_Example' (cds.lib command ignored).
SOFTINCLUDE ${PROJECT}/cds/modules.lib
|
xmsim: *W,DLCVAR (../pdk/ihp/sg13g2/SG13G2_618_rev1.3.2/env/cds.lib_composite,51): cds.lib Invalid environment variable ''.
SOFTINCLUDE ${AMSHOME}/tools/inca/files/cds.lib_plain
|
xmsim: *W,DLCVAR (../pdk/ihp/sg13g2/SG13G2_618_rev1.3.2/work/skel/cds/cds.lib,6): cds.lib Invalid environment variable ''.
Loading snapshot worklib.sg13g2_antennanp:v .................... Done
xcelium> source /eda/cadence/2024-25/RHELx86/XCELIUM_24.03.004/tools/xcelium/files/xmsimrc
xcelium> run
============================================================
[TB] tb_cnn_top — full-system integration testbench
[TB] Conv1=4096 pixels | Conv2=8192 pixels | 100 MHz
============================================================
[TB] GLS: SRAM arrays initialized to zero at t=1000 ns
[TB] Reset released at t=86000 ns
[PASS] POST_RESET: done=0                           got=0 expected=0 t=96000 ns
[PASS] POST_RESET: conv_start=0                     got=0 expected=0 t=96000 ns
[PASS] POST_RESET: ag_enable=0                      got=0 expected=0 t=96000 ns
============================================================
[TB] RUN 1 starting at t=96000 ns
============================================================
[TB] start pulsed at t=146000 ns
[TB] Progress: 1000 conv_out_valid total  layer=0  t=60185000 ns
[TB] Progress: 2000 conv_out_valid total  layer=0  t=120185000 ns
[TB] Progress: 3000 conv_out_valid total  layer=0  t=180185000 ns
[TB] Progress: 4000 conv_out_valid total  layer=0  t=240185000 ns
[TB] Progress: 5000 conv_out_valid total  layer=1  t=354465000 ns
[TB] Progress: 6000 conv_out_valid total  layer=1  t=474465000 ns
[TB] Progress: 7000 conv_out_valid total  layer=1  t=594465000 ns
[TB] Progress: 8000 conv_out_valid total  layer=1  t=714465000 ns
[TB] Progress: 9000 conv_out_valid total  layer=1  t=834465000 ns
[TB] Progress: 10000 conv_out_valid total  layer=1  t=954465000 ns
[TB] Progress: 11000 conv_out_valid total  layer=1  t=1074465000 ns
[TB] Progress: 12000 conv_out_valid total  layer=1  t=1194465000 ns
[TB] done asserted at t=1259766000 ns (after 125962 cycles)
[TB] RUN 1 done. conv1=4096 (exp=4096) conv2=8192 (exp=8192)
[PASS] R1: Conv1 pixel count                        got=4096 expected=4096 t=1259766000 ns
[PASS] R1: Conv2 pixel count                        got=8192 expected=8192 t=1259766000 ns
[PASS] R1: done HIGH at completion                  got=1 expected=1 t=1259766000 ns
[PASS] R1: done stays HIGH in S_DONE (10 cyc)       got=1 expected=1 t=1259866000 ns
[PASS] R1: ping-pong src=0 dst=1 (no X)  t=1259866000 ns
[TB] RUN 1 COMPLETE at t=1259866000 ns
------------------------------------------------------------
[PASS] INTER_RUN: done HIGH in S_DONE (20 cyc idle) got=1 expected=1 t=1260066000 ns
============================================================
[TB] RUN 2 starting at t=1260066000 ns
============================================================
[TB] start pulsed at t=1260116000 ns
[TB] Progress: 13000 conv_out_valid total  layer=0  t=1302875000 ns
[TB] Progress: 14000 conv_out_valid total  layer=0  t=1362875000 ns
[TB] Progress: 15000 conv_out_valid total  layer=0  t=1422875000 ns
[TB] Progress: 16000 conv_out_valid total  layer=0  t=1482875000 ns
[TB] Progress: 17000 conv_out_valid total  layer=1  t=1579875000 ns
[TB] Progress: 18000 conv_out_valid total  layer=1  t=1699875000 ns
[TB] Progress: 19000 conv_out_valid total  layer=1  t=1819875000 ns
[TB] Progress: 20000 conv_out_valid total  layer=1  t=1939875000 ns
[TB] Progress: 21000 conv_out_valid total  layer=1  t=2059875000 ns
[TB] Progress: 22000 conv_out_valid total  layer=1  t=2179875000 ns
[TB] Progress: 23000 conv_out_valid total  layer=1  t=2299875000 ns
[TB] Progress: 24000 conv_out_valid total  layer=1  t=2419875000 ns
[TB] done asserted at t=2489006000 ns (after 122889 cycles)
[TB] RUN 2 done. conv1=4096 (exp=4096) conv2=8192 (exp=8192)
[PASS] R2: Conv1 pixel count                        got=4096 expected=4096 t=2489006000 ns
[PASS] R2: Conv2 pixel count                        got=8192 expected=8192 t=2489006000 ns
[PASS] R2: done HIGH at completion                  got=1 expected=1 t=2489006000 ns
[PASS] R2: done stays HIGH in S_DONE (10 cyc)       got=1 expected=1 t=2489106000 ns
[PASS] R2: ping-pong src=0 dst=1 (no X)  t=2489106000 ns
[TB] RUN 2 COMPLETE at t=2489106000 ns
------------------------------------------------------------
[PASS] POST_RUN2: done HIGH in S_DONE (no restart)  got=1 expected=1 t=2489206000 ns
============================================================
[TB] RESULTS: 15 PASSED, 0 FAILED
============================================================
[TB] ALL TESTS PASSED — cnn_top integration verified OK
Simulation complete via $finish(1) at time 2489206 NS + 0
./rtl/tb_cnn_top.sv:326         $finish;
xcelium> exit
TOOL:	xrun(64)	24.03-s004: Exiting on Apr 30, 2026 at 14:54:05 CEST  (total: 00:00:09)
