============================================================
  Generated by:           Genus(TM) Synthesis Solution 23.11-s100_1
  Generated on:           May 25 2026  10:12:46 am
  Module:                 cnn_top
  Operating conditions:   sg13g2_stdcell_typ_1p20V_25C (balanced_tree)
  Wireload mode:          top
  Area mode:              timing library
============================================================

Timing
--------

Clock  Period 
--------------
clk   10000.0 


  Cost    Critical                Violating 
 Group   Path Slack      TNS        Paths   
--------------------------------------------
clk        -52572.8   -3060877.9        199 
default    No paths          0.0            
--------------------------------------------
Total                 -3060877.9        199 

Instance Count
--------------
Leaf Instance Count             4906 
Physical Instance count            0 
Sequential Instance Count        138 
Combinational Instance Count    4768 
Hierarchical Instance Count        9 

Area
----
Cell Area                          660659.005
Physical Cell Area                 0.000
Total Cell Area (Cell+Physical)    660659.005
Net Area                           351581.686
Total Area (Cell+Physical+Net)     1012240.691

Max Fanout                         138 (clk)
Min Fanout                         0 (mode_sel)
Average Fanout                     1.9
Terms to net ratio                 2.9667
Terms to instance ratio            3.0357
Runtime                            154.5502019999998 seconds
Elapsed Runtime                    153 seconds
Genus peak memory usage            2215.27 
Innovus peak memory usage          no_value 
Hostname                           ei-vm-018.hs-regensburg.de
