============================================================
  Generated by:           Genus(TM) Synthesis Solution 23.11-s100_1
  Generated on:           Apr 24 2026  12:56:48 pm
  Module:                 cnn_top
  Operating conditions:   sg13g2_stdcell_typ_1p20V_25C (balanced_tree)
  Wireload mode:          top
  Area mode:              timing library
============================================================

Timing
--------

Clock  Period 
--------------
clk   10000.0 


  Cost    Critical         Violating 
 Group   Path Slack  TNS     Paths   
-------------------------------------
clk          7571.4   0.0          0 
default    No paths   0.0            
-------------------------------------
Total                 0.0          0 

Instance Count
--------------
Leaf Instance Count             208 
Physical Instance count           0 
Sequential Instance Count        40 
Combinational Instance Count    168 
Hierarchical Instance Count       3 

Area
----
Cell Area                          3519.596
Physical Cell Area                 0.000
Total Cell Area (Cell+Physical)    3519.596
Net Area                           1792.091
Total Area (Cell+Physical+Net)     5311.687

Max Fanout                         40 (clk)
Min Fanout                         0 (acc_clear)
Average Fanout                     1.3
Terms to net ratio                 2.0181
Terms to instance ratio            3.7452
Runtime                            67.75408 seconds
Elapsed Runtime                    71 seconds
Genus peak memory usage            2415.24 
Innovus peak memory usage          no_value 
Hostname                           ei-vm-018.hs-regensburg.de
