 ------------------------------------------------------------------------------------------------------------------------------------------------------- 
| Snapshot                | WNS                  | TNS                  | Density (%) | Hotspot                   | Resource               | DRVs       |
|                         | HEPG (ns) | ALL (ns) | HEPG (ns) | ALL (ns) |             | Max (bins) | Total (bins) | Real (s) | Memory (MB) | Tran | Cap |
|-------------------------+-----------+----------+-----------+----------+-------------+------------+--------------+----------+-------------+------+-----|
| initial_summary         |     0.007 |    0.007 |           |        0 |        9.81 |            |              | 0:00:01  |        3183 |    0 |  33 |
| route_type_refinement   |           |          |           |          |             |            |              | 0:00:01  |        3183 |      |     |
| simplify_netlist        |           |          |           |          |             |            |              | 0:00:00  |        3197 |      |     |
| excluded_clk_net_fixing |           |          |           |          |             |            |              | 0:00:00  |        3197 |      |     |
| drv_fixing              |     0.007 |    0.007 |         0 |        0 |        9.81 |            |              | 0:00:01  |        3197 |    0 |   1 |
| global_opt              |           |    0.007 |           |        0 |        9.81 |            |              | 0:00:00  |        3195 |      |     |
| area_reclaiming         |     0.005 |    0.005 |         0 |        0 |        9.74 |            |              | 0:00:02  |        3210 |      |     |
| drv_fixing_2            |     0.005 |    0.005 |         0 |        0 |        9.74 |            |              | 0:00:01  |        3210 |    0 |  33 |
| area_reclaiming_2       |     0.000 |    0.000 |         0 |        0 |        9.73 |            |              | 0:00:01  |        3209 |      |     |
| area_reclaiming_3       |     0.000 |    0.000 |         0 |        0 |        9.71 |            |              | 0:00:01  |        3195 |      |     |
| local_wire_reclaim      |           |          |           |          |             |            |              | 0:00:04  |        3188 |      |     |
| global_route            |           |          |           |          |             |       0.00 |         0.00 | 0:00:00  |        3178 |      |     |
| route_type_refinement_2 |           |          |           |          |             |            |              | 0:00:00  |        3178 |      |     |
| drv_eco_fixing          |    -0.010 |   -0.010 |        -0 |       -0 |        9.71 |            |              | 0:00:00  |        3192 |    0 |   1 |
| tns_eco_fixing          |     0.000 |    0.000 |         0 |        0 |        9.71 |            |              | 0:00:03  |        3271 |      |     |
| final_summary           |     0.000 |    0.000 |           |        0 |        9.71 |       0.00 |         0.00 | 0:00:01  |        3194 |    0 |  33 |
 ------------------------------------------------------------------------------------------------------------------------------------------------------- 
