 ------------------------------------------------------------------------------------------------------------------------------------------------------- 
| Snapshot                | WNS                  | TNS                  | Density (%) | Hotspot                   | Resource               | DRVs       |
|                         | HEPG (ns) | ALL (ns) | HEPG (ns) | ALL (ns) |             | Max (bins) | Total (bins) | Real (s) | Memory (MB) | Tran | Cap |
|-------------------------+-----------+----------+-----------+----------+-------------+------------+--------------+----------+-------------+------+-----|
| initial_summary         |           |   -0.978 |           |      -16 |       12.00 |            |              | 0:00:01  |        2981 |    1 |  33 |
| simplify_netlist        |           |          |           |          |             |            |              | 0:00:01  |        3002 |      |     |
| drv_fixing              |           |          |           |          |             |            |              | 0:00:00  |        3001 |      |     |
| drv_fixing_2            |     0.000 |   -0.973 |         0 |      -16 |       12.00 |            |              | 0:00:00  |        3027 |    0 |   1 |
| global_opt              |           |   -0.392 |           |       -5 |       11.81 |            |              | 0:00:04  |        3048 |      |     |
| area_reclaiming         |     0.000 |   -0.121 |         0 |       -1 |       10.01 |            |              | 0:00:06  |        3050 |      |     |
| incremental_replacement |    -0.129 |   -0.129 |           |       -1 |             |       0.00 |         0.00 | 0:00:14  |        3059 |      |     |
| drv_fixing_3            |    -0.129 |   -0.129 |        -1 |       -1 |       10.01 |            |              | 0:00:01  |        3054 |    0 |  33 |
| tns_fixing              |     0.002 |    0.002 |         0 |        0 |       10.04 |            |              | 0:00:01  |        3170 |      |     |
| area_reclaiming_2       |     0.006 |    0.006 |         0 |        0 |        9.91 |            |              | 0:00:02  |        3080 |      |     |
| area_reclaiming_3       |     0.002 |    0.002 |         0 |        0 |        9.81 |            |              | 0:00:01  |        3080 |      |     |
| drv_eco_fixing          |     0.002 |    0.002 |         0 |        0 |        9.81 |            |              | 0:00:00  |        3080 |    0 |   1 |
| final_summary           |     0.000 |    0.000 |           |        0 |        9.81 |            |              | 0:00:01  |        3047 |    0 |  33 |
 ------------------------------------------------------------------------------------------------------------------------------------------------------- 
