============================================================
  Generated by:           Genus(TM) Synthesis Solution 23.11-s100_1
  Generated on:           Apr 28 2026  08:20:52 pm
  Module:                 cnn_top
  Operating conditions:   sg13g2_stdcell_typ_1p20V_25C (balanced_tree)
  Wireload mode:          top
  Area mode:              timing library
============================================================

Timing
--------

Clock  Period 
--------------
clk   10000.0 


  Cost    Critical                Violating 
 Group   Path Slack      TNS        Paths   
--------------------------------------------
clk        -45523.8   -2638031.6        208 
default    No paths          0.0            
--------------------------------------------
Total                 -2638031.6        208 

Instance Count
--------------
Leaf Instance Count             4817 
Physical Instance count            0 
Sequential Instance Count        136 
Combinational Instance Count    4681 
Hierarchical Instance Count        9 

Area
----
Cell Area                          658883.879
Physical Cell Area                 0.000
Total Cell Area (Cell+Physical)    658883.879
Net Area                           368768.677
Total Area (Cell+Physical+Net)     1027652.556

Max Fanout                         136 (clk)
Min Fanout                         0 (mode_sel)
Average Fanout                     2.1
Terms to net ratio                 3.1522
Terms to instance ratio            3.2072
Runtime                            157.040573 seconds
Elapsed Runtime                    154 seconds
Genus peak memory usage            2242.85 
Innovus peak memory usage          no_value 
Hostname                           ei-vm-018.hs-regensburg.de