============================================================
  Generated by:           Genus(TM) Synthesis Solution 23.11-s100_1
  Generated on:           Apr 28 2026  08:20:52 pm
  Module:                 cnn_top
  Operating conditions:   sg13g2_stdcell_typ_1p20V_25C (balanced_tree)
  Wireload mode:          top
  Area mode:              timing library
============================================================


Path 1: VIOLATED (-45524 ps) Setup Check with Pin u_conv_engine_acc_reg_reg[29]/CLK->D
          Group: clk
     Startpoint: (R) u_ag_tap_base_reg[5]/CLK
          Clock: (R) clk
       Endpoint: (R) u_conv_engine_acc_reg_reg[29]/D
          Clock: (R) clk

                     Capture       Launch     
        Clock Edge:+   10000            0     
       Src Latency:+       0            0     
       Net Latency:+       0 (I)        0 (I) 
           Arrival:=   10000            0     
                                              
             Setup:-     199                  
       Uncertainty:-     100                  
     Required Time:=    9701                  
      Launch Clock:-       0                  
         Data Path:-   55224                  
             Slack:=  -45524                  

#-----------------------------------------------------------------------------------------------------------------------------------------------
#                         Timing Point                          Flags    Arc   Edge      Cell        Fanout  Load  Trans Delay Arrival Instance 
#                                                                                                            (fF)   (ps)  (ps)   (ps)  Location 
#-----------------------------------------------------------------------------------------------------------------------------------------------
  u_ag_tap_base_reg[5]/CLK                                      -       -      R     (arrival)          136      -     0     0       0    (-,-) 
  u_ag_tap_base_reg[5]/Q                                        -       CLK->Q R     sg13g2_dfrbp_2       2  324.9   667   676     676    (-,-) 
  g223840__5122/X                                               -       A->X   R     sg13g2_and2_2        3  487.2   994  1616    2291    (-,-) 
  g2__5115/Y                                                    -       B->Y   F     sg13g2_nand2b_2      2  308.8  1024  1908    4200    (-,-) 
  g223806__7410/X                                               -       A->X   F     sg13g2_and3_2        1  180.8   293  1190    5390    (-,-) 
  fopt232172/Y                                                  -       A->Y   R     sg13g2_inv_16        4  654.3   219   968    6358    (-,-) 
  g231778__232857_235406/X                                      -       B1->X  R     sg13g2_a21o_2        1  138.0   295  1081    7440    (-,-) 
  g231499__6417/X                                               -       A->X   R     sg13g2_and2_2        2  313.3   643  1161    8601    (-,-) 
  g232837/Y                                                     -       A2->Y  F     sg13g2_a21oi_2       1  138.4   469  1275    9876    (-,-) 
  g232839/X                                                     -       A1->X  F     sg13g2_a21o_2        1  157.6   258   977   10852    (-,-) 
  g231207/Y                                                     -       A->Y   R     sg13g2_inv_8         3  485.7   280   925   11778    (-,-) 
  g231151__9945/X                                               -       A1->X  R     sg13g2_a21o_2        1  140.6   299  1117   12895    (-,-) 
  g231103__8246/X                                               -       S->X   F     sg13g2_mux2_2        1  138.0   241   970   13865    (-,-) 
  g231069__1617/X                                               -       A->X   F     sg13g2_and2_2        1  152.3   244   872   14737    (-,-) 
  g231067/X                                                     -       A->X   F     sg13g2_buf_16       14 1428.6   284   951   15688    (-,-) 
  g_weight_rom[3].u_weight_rom/g7779/Y                          -       B->Y   R     sg13g2_nand2b_2      1  138.0   318   627   16315    (-,-) 
  g_weight_rom[3].u_weight_rom/g26/X                            -       A->X   R     sg13g2_or2_2         1  158.4   330   941   17256    (-,-) 
  g_weight_rom[3].u_weight_rom/g28/Y                            -       A->Y   F     sg13g2_inv_8         3  484.6   248   937   18192    (-,-) 
  g_weight_rom[3].u_weight_rom/g7774/Y                          -       B->Y   R     sg13g2_nor2_2        1  137.8   598  1274   19466    (-,-) 
  g_weight_rom[3].u_weight_rom/g5__5115/X                       -       B->X   R     sg13g2_or2_2         1  137.9   290   956   20422    (-,-) 
  g_weight_rom[3].u_weight_rom/g7425__1617/X                    -       A->X   R     sg13g2_and4_2        1  182.4   395  1068   21490    (-,-) 
  g_weight_rom[3].u_weight_rom/g7424/Y                          -       A->Y   F     sg13g2_inv_16       15 1465.0   347  1138   22628    (-,-) 
  g232800/X                                                     -       S->X   R     sg13g2_mux2_2        4  654.7  1330  1397   24025    (-,-) 
  csa_tree_ADD_TC_OP_1552_g14823_0/X                            -       A->X   R     sg13g2_and2_2        1  138.1   300  1298   25323    (-,-) 
  csa_tree_ADD_TC_OP_1552_g15185/X                              -       B1->X  R     sg13g2_a21o_2        1  137.9   294   884   26207    (-,-) 
  csa_tree_ADD_TC_OP_1552_g2/X                                  -       A->X   R     sg13g2_and3_2        3  483.1   993  1444   27651    (-,-) 
  csa_tree_ADD_TC_OP_1552_g14592/X                              -       B->X   R     sg13g2_or2_2         1  138.4   294  1204   28855    (-,-) 
  csa_tree_ADD_TC_OP_1552_g14502/X                              -       A2->X  R     sg13g2_a21o_2        1  158.4   333   952   29807    (-,-) 
  csa_tree_ADD_TC_OP_1552_g14485/Y                              -       A->Y   F     sg13g2_inv_8         3  484.5   249   938   30745    (-,-) 
  csa_tree_ADD_TC_OP_1552_g14356/X                              -       A1->X  F     sg13g2_a21o_2        2  313.0   487  1293   32038    (-,-) 
  csa_tree_ADD_TC_OP_1552_g15161/X                              -       B->X   F     sg13g2_and2_2        1  140.8   228  1069   33107    (-,-) 
  csa_tree_ADD_TC_OP_1552_g14138/Y                              -       A1->Y  R     sg13g2_a21oi_2       1  138.1   649  1069   34176    (-,-) 
  csa_tree_ADD_TC_OP_1552_g14124/X                              -       B1->X  R     sg13g2_a21o_2        2  352.5   723  1245   35421    (-,-) 
  csa_tree_ADD_TC_OP_1552_g14110/Y                              -       A->Y   F     sg13g2_inv_16        3  479.7   244  1188   36610    (-,-) 
  csa_tree_ADD_TC_OP_1552_g13922/X                              -       A0->X  F     sg13g2_mux2_2        2  327.5   513  1327   37937    (-,-) 
  csa_tree_ADD_TC_OP_1552_g13912/Y                              -       A->Y   R     sg13g2_inv_8         2  308.5   265  1091   39028    (-,-) 
  csa_tree_ADD_TC_OP_1552_g13896/X                              -       A1->X  R     sg13g2_mux2_2        2  313.0   644  1302   40330    (-,-) 
  csa_tree_ADD_TC_OP_1552_g13862/X                              -       S->X   F     sg13g2_mux2_2        1  140.5   237  1167   41496    (-,-) 
  csa_tree_ADD_TC_OP_1552_g13844/X                              -       S->X   R     sg13g2_mux2_2        1  138.4   292   945   42442    (-,-) 
  g212895/X                                                     -       A2->X  R     sg13g2_a21o_2        2  309.8   637  1162   43603    (-,-) 
  final_adder_ADD_TC_OP_241_Y_final_adder_ADD_TC_OP_239_g2802/X -       B->X   R     sg13g2_or2_2         3  488.4   993  1587   45190    (-,-) 
  final_adder_ADD_TC_OP_241_Y_final_adder_ADD_TC_OP_239_g2671/X -       A2->X  R     sg13g2_a21o_2        2  310.2   638  1474   46664    (-,-) 
  final_adder_ADD_TC_OP_241_Y_final_adder_ADD_TC_OP_239_g2640/X -       C->X   R     sg13g2_and3_2        2  309.9   645  1412   48076    (-,-) 
  final_adder_ADD_TC_OP_241_Y_final_adder_ADD_TC_OP_239_g2588/X -       D->X   R     sg13g2_or4_2         1  138.1   292  1121   49197    (-,-) 
  final_adder_ADD_TC_OP_241_Y_final_adder_ADD_TC_OP_239_g2558/X -       B1->X  R     sg13g2_a21o_2        1  152.9   322   903   50100    (-,-) 
  fopt232263/X                                                  -       A->X   R     sg13g2_buf_16       14 1400.7   366  1001   51102    (-,-) 
  final_adder_ADD_TC_OP_241_Y_final_adder_ADD_TC_OP_239_g2528/Y -       A1->Y  F     sg13g2_a21oi_2       1  140.5   444   780   51882    (-,-) 
  final_adder_ADD_TC_OP_241_Y_final_adder_ADD_TC_OP_239_g2519/X -       S->X   R     sg13g2_mux2_2        1  138.0   300   978   52859    (-,-) 
  g227086/X                                                     -       A->X   R     sg13g2_and2_2        1  138.1   296   920   53779    (-,-) 
  g226940__8246/X                                               -       B->X   R     sg13g2_or3_2         1  137.1   288   916   54694    (-,-) 
  u_conv_engine_acc_reg_reg[29]/D                               -       -      R     sg13g2_dfrbp_1       1      -     -   530   55224    (-,-) 
#-----------------------------------------------------------------------------------------------------------------------------------------------



Path 2: VIOLATED (-45524 ps) Setup Check with Pin u_conv_engine_acc_reg_reg[26]/CLK->D
          Group: clk
     Startpoint: (R) u_ag_tap_base_reg[5]/CLK
          Clock: (R) clk
       Endpoint: (R) u_conv_engine_acc_reg_reg[26]/D
          Clock: (R) clk

                     Capture       Launch     
        Clock Edge:+   10000            0     
       Src Latency:+       0            0     
       Net Latency:+       0 (I)        0 (I) 
           Arrival:=   10000            0     
                                              
             Setup:-     199                  
       Uncertainty:-     100                  
     Required Time:=    9701                  
      Launch Clock:-       0                  
         Data Path:-   55224                  
             Slack:=  -45524                  

#-----------------------------------------------------------------------------------------------------------------------------------------------
#                         Timing Point                          Flags    Arc   Edge      Cell        Fanout  Load  Trans Delay Arrival Instance 
#                                                                                                            (fF)   (ps)  (ps)   (ps)  Location 
#-----------------------------------------------------------------------------------------------------------------------------------------------
  u_ag_tap_base_reg[5]/CLK                                      -       -      R     (arrival)          136      -     0     0       0    (-,-) 
  u_ag_tap_base_reg[5]/Q                                        -       CLK->Q R     sg13g2_dfrbp_2       2  324.9   667   676     676    (-,-) 
  g223840__5122/X                                               -       A->X   R     sg13g2_and2_2        3  487.2   994  1616    2291    (-,-) 
  g2__5115/Y                                                    -       B->Y   F     sg13g2_nand2b_2      2  308.8  1024  1908    4200    (-,-) 
  g223806__7410/X                                               -       A->X   F     sg13g2_and3_2        1  180.8   293  1190    5390    (-,-) 
  fopt232172/Y                                                  -       A->Y   R     sg13g2_inv_16        4  654.3   219   968    6358    (-,-) 
  g231778__232857_235406/X                                      -       B1->X  R     sg13g2_a21o_2        1  138.0   295  1081    7440    (-,-) 
  g231499__6417/X                                               -       A->X   R     sg13g2_and2_2        2  313.3   643  1161    8601    (-,-) 
  g232837/Y                                                     -       A2->Y  F     sg13g2_a21oi_2       1  138.4   469  1275    9876    (-,-) 
  g232839/X                                                     -       A1->X  F     sg13g2_a21o_2        1  157.6   258   977   10852    (-,-) 
  g231207/Y                                                     -       A->Y   R     sg13g2_inv_8         3  485.7   280   925   11778    (-,-) 
  g231151__9945/X                                               -       A1->X  R     sg13g2_a21o_2        1  140.6   299  1117   12895    (-,-) 
  g231103__8246/X                                               -       S->X   F     sg13g2_mux2_2        1  138.0   241   970   13865    (-,-) 
  g231069__1617/X                                               -       A->X   F     sg13g2_and2_2        1  152.3   244   872   14737    (-,-) 
  g231067/X                                                     -       A->X   F     sg13g2_buf_16       14 1428.6   284   951   15688    (-,-) 
  g_weight_rom[3].u_weight_rom/g7779/Y                          -       B->Y   R     sg13g2_nand2b_2      1  138.0   318   627   16315    (-,-) 
  g_weight_rom[3].u_weight_rom/g26/X                            -       A->X   R     sg13g2_or2_2         1  158.4   330   941   17256    (-,-) 
  g_weight_rom[3].u_weight_rom/g28/Y                            -       A->Y   F     sg13g2_inv_8         3  484.6   248   937   18192    (-,-) 
  g_weight_rom[3].u_weight_rom/g7774/Y                          -       B->Y   R     sg13g2_nor2_2        1  137.8   598  1274   19466    (-,-) 
  g_weight_rom[3].u_weight_rom/g5__5115/X                       -       B->X   R     sg13g2_or2_2         1  137.9   290   956   20422    (-,-) 
  g_weight_rom[3].u_weight_rom/g7425__1617/X                    -       A->X   R     sg13g2_and4_2        1  182.4   395  1068   21490    (-,-) 
  g_weight_rom[3].u_weight_rom/g7424/Y                          -       A->Y   F     sg13g2_inv_16       15 1465.0   347  1138   22628    (-,-) 
  g232800/X                                                     -       S->X   R     sg13g2_mux2_2        4  654.7  1330  1397   24025    (-,-) 
  csa_tree_ADD_TC_OP_1552_g14823_0/X                            -       A->X   R     sg13g2_and2_2        1  138.1   300  1298   25323    (-,-) 
  csa_tree_ADD_TC_OP_1552_g15185/X                              -       B1->X  R     sg13g2_a21o_2        1  137.9   294   884   26207    (-,-) 
  csa_tree_ADD_TC_OP_1552_g2/X                                  -       A->X   R     sg13g2_and3_2        3  483.1   993  1444   27651    (-,-) 
  csa_tree_ADD_TC_OP_1552_g14592/X                              -       B->X   R     sg13g2_or2_2         1  138.4   294  1204   28855    (-,-) 
  csa_tree_ADD_TC_OP_1552_g14502/X                              -       A2->X  R     sg13g2_a21o_2        1  158.4   333   952   29807    (-,-) 
  csa_tree_ADD_TC_OP_1552_g14485/Y                              -       A->Y   F     sg13g2_inv_8         3  484.5   249   938   30745    (-,-) 
  csa_tree_ADD_TC_OP_1552_g14356/X                              -       A1->X  F     sg13g2_a21o_2        2  313.0   487  1293   32038    (-,-) 
  csa_tree_ADD_TC_OP_1552_g15161/X                              -       B->X   F     sg13g2_and2_2        1  140.8   228  1069   33107    (-,-) 
  csa_tree_ADD_TC_OP_1552_g14138/Y                              -       A1->Y  R     sg13g2_a21oi_2       1  138.1   649  1069   34176    (-,-) 
  csa_tree_ADD_TC_OP_1552_g14124/X                              -       B1->X  R     sg13g2_a21o_2        2  352.5   723  1245   35421    (-,-) 
  csa_tree_ADD_TC_OP_1552_g14110/Y                              -       A->Y   F     sg13g2_inv_16        3  479.7   244  1188   36610    (-,-) 
  csa_tree_ADD_TC_OP_1552_g13922/X                              -       A0->X  F     sg13g2_mux2_2        2  327.5   513  1327   37937    (-,-) 
  csa_tree_ADD_TC_OP_1552_g13912/Y                              -       A->Y   R     sg13g2_inv_8         2  308.5   265  1091   39028    (-,-) 
  csa_tree_ADD_TC_OP_1552_g13896/X                              -       A1->X  R     sg13g2_mux2_2        2  313.0   644  1302   40330    (-,-) 
  csa_tree_ADD_TC_OP_1552_g13862/X                              -       S->X   F     sg13g2_mux2_2        1  140.5   237  1167   41496    (-,-) 
  csa_tree_ADD_TC_OP_1552_g13844/X                              -       S->X   R     sg13g2_mux2_2        1  138.4   292   945   42442    (-,-) 
  g212895/X                                                     -       A2->X  R     sg13g2_a21o_2        2  309.8   637  1162   43603    (-,-) 
  final_adder_ADD_TC_OP_241_Y_final_adder_ADD_TC_OP_239_g2802/X -       B->X   R     sg13g2_or2_2         3  488.4   993  1587   45190    (-,-) 
  final_adder_ADD_TC_OP_241_Y_final_adder_ADD_TC_OP_239_g2671/X -       A2->X  R     sg13g2_a21o_2        2  310.2   638  1474   46664    (-,-) 
  final_adder_ADD_TC_OP_241_Y_final_adder_ADD_TC_OP_239_g2640/X -       C->X   R     sg13g2_and3_2        2  309.9   645  1412   48076    (-,-) 
  final_adder_ADD_TC_OP_241_Y_final_adder_ADD_TC_OP_239_g2588/X -       D->X   R     sg13g2_or4_2         1  138.1   292  1121   49197    (-,-) 
  final_adder_ADD_TC_OP_241_Y_final_adder_ADD_TC_OP_239_g2558/X -       B1->X  R     sg13g2_a21o_2        1  152.9   322   903   50100    (-,-) 
  fopt232263/X                                                  -       A->X   R     sg13g2_buf_16       14 1400.7   366  1001   51102    (-,-) 
  final_adder_ADD_TC_OP_241_Y_final_adder_ADD_TC_OP_239_g2527/Y -       A1->Y  F     sg13g2_a21oi_2       1  140.5   444   780   51882    (-,-) 
  final_adder_ADD_TC_OP_241_Y_final_adder_ADD_TC_OP_239_g2508/X -       S->X   R     sg13g2_mux2_2        1  138.0   300   978   52859    (-,-) 
  g227081__4733/X                                               -       A->X   R     sg13g2_and2_2        1  138.1   296   920   53779    (-,-) 
  g226937__2802/X                                               -       B->X   R     sg13g2_or3_2         1  137.1   288   915   54694    (-,-) 
  u_conv_engine_acc_reg_reg[26]/D                               -       -      R     sg13g2_dfrbp_1       1      -     -   530   55224    (-,-) 
#-----------------------------------------------------------------------------------------------------------------------------------------------



Path 3: VIOLATED (-45524 ps) Setup Check with Pin u_conv_engine_acc_reg_reg[25]/CLK->D
          Group: clk
     Startpoint: (R) u_ag_tap_base_reg[5]/CLK
          Clock: (R) clk
       Endpoint: (R) u_conv_engine_acc_reg_reg[25]/D
          Clock: (R) clk

                     Capture       Launch     
        Clock Edge:+   10000            0     
       Src Latency:+       0            0     
       Net Latency:+       0 (I)        0 (I) 
           Arrival:=   10000            0     
                                              
             Setup:-     199                  
       Uncertainty:-     100                  
     Required Time:=    9701                  
      Launch Clock:-       0                  
         Data Path:-   55224                  
             Slack:=  -45524                  

#-----------------------------------------------------------------------------------------------------------------------------------------------
#                         Timing Point                          Flags    Arc   Edge      Cell        Fanout  Load  Trans Delay Arrival Instance 
#                                                                                                            (fF)   (ps)  (ps)   (ps)  Location 
#-----------------------------------------------------------------------------------------------------------------------------------------------
  u_ag_tap_base_reg[5]/CLK                                      -       -      R     (arrival)          136      -     0     0       0    (-,-) 
  u_ag_tap_base_reg[5]/Q                                        -       CLK->Q R     sg13g2_dfrbp_2       2  324.9   667   676     676    (-,-) 
  g223840__5122/X                                               -       A->X   R     sg13g2_and2_2        3  487.2   994  1616    2291    (-,-) 
  g2__5115/Y                                                    -       B->Y   F     sg13g2_nand2b_2      2  308.8  1024  1908    4200    (-,-) 
  g223806__7410/X                                               -       A->X   F     sg13g2_and3_2        1  180.8   293  1190    5390    (-,-) 
  fopt232172/Y                                                  -       A->Y   R     sg13g2_inv_16        4  654.3   219   968    6358    (-,-) 
  g231778__232857_235406/X                                      -       B1->X  R     sg13g2_a21o_2        1  138.0   295  1081    7440    (-,-) 
  g231499__6417/X                                               -       A->X   R     sg13g2_and2_2        2  313.3   643  1161    8601    (-,-) 
  g232837/Y                                                     -       A2->Y  F     sg13g2_a21oi_2       1  138.4   469  1275    9876    (-,-) 
  g232839/X                                                     -       A1->X  F     sg13g2_a21o_2        1  157.6   258   977   10852    (-,-) 
  g231207/Y                                                     -       A->Y   R     sg13g2_inv_8         3  485.7   280   925   11778    (-,-) 
  g231151__9945/X                                               -       A1->X  R     sg13g2_a21o_2        1  140.6   299  1117   12895    (-,-) 
  g231103__8246/X                                               -       S->X   F     sg13g2_mux2_2        1  138.0   241   970   13865    (-,-) 
  g231069__1617/X                                               -       A->X   F     sg13g2_and2_2        1  152.3   244   872   14737    (-,-) 
  g231067/X                                                     -       A->X   F     sg13g2_buf_16       14 1428.6   284   951   15688    (-,-) 
  g_weight_rom[3].u_weight_rom/g7779/Y                          -       B->Y   R     sg13g2_nand2b_2      1  138.0   318   627   16315    (-,-) 
  g_weight_rom[3].u_weight_rom/g26/X                            -       A->X   R     sg13g2_or2_2         1  158.4   330   941   17256    (-,-) 
  g_weight_rom[3].u_weight_rom/g28/Y                            -       A->Y   F     sg13g2_inv_8         3  484.6   248   937   18192    (-,-) 
  g_weight_rom[3].u_weight_rom/g7774/Y                          -       B->Y   R     sg13g2_nor2_2        1  137.8   598  1274   19466    (-,-) 
  g_weight_rom[3].u_weight_rom/g5__5115/X                       -       B->X   R     sg13g2_or2_2         1  137.9   290   956   20422    (-,-) 
  g_weight_rom[3].u_weight_rom/g7425__1617/X                    -       A->X   R     sg13g2_and4_2        1  182.4   395  1068   21490    (-,-) 
  g_weight_rom[3].u_weight_rom/g7424/Y                          -       A->Y   F     sg13g2_inv_16       15 1465.0   347  1138   22628    (-,-) 
  g232800/X                                                     -       S->X   R     sg13g2_mux2_2        4  654.7  1330  1397   24025    (-,-) 
  csa_tree_ADD_TC_OP_1552_g14823_0/X                            -       A->X   R     sg13g2_and2_2        1  138.1   300  1298   25323    (-,-) 
  csa_tree_ADD_TC_OP_1552_g15185/X                              -       B1->X  R     sg13g2_a21o_2        1  137.9   294   884   26207    (-,-) 
  csa_tree_ADD_TC_OP_1552_g2/X                                  -       A->X   R     sg13g2_and3_2        3  483.1   993  1444   27651    (-,-) 
  csa_tree_ADD_TC_OP_1552_g14592/X                              -       B->X   R     sg13g2_or2_2         1  138.4   294  1204   28855    (-,-) 
  csa_tree_ADD_TC_OP_1552_g14502/X                              -       A2->X  R     sg13g2_a21o_2        1  158.4   333   952   29807    (-,-) 
  csa_tree_ADD_TC_OP_1552_g14485/Y                              -       A->Y   F     sg13g2_inv_8         3  484.5   249   938   30745    (-,-) 
  csa_tree_ADD_TC_OP_1552_g14356/X                              -       A1->X  F     sg13g2_a21o_2        2  313.0   487  1293   32038    (-,-) 
  csa_tree_ADD_TC_OP_1552_g15161/X                              -       B->X   F     sg13g2_and2_2        1  140.8   228  1069   33107    (-,-) 
  csa_tree_ADD_TC_OP_1552_g14138/Y                              -       A1->Y  R     sg13g2_a21oi_2       1  138.1   649  1069   34176    (-,-) 
  csa_tree_ADD_TC_OP_1552_g14124/X                              -       B1->X  R     sg13g2_a21o_2        2  352.5   723  1245   35421    (-,-) 
  csa_tree_ADD_TC_OP_1552_g14110/Y                              -       A->Y   F     sg13g2_inv_16        3  479.7   244  1188   36610    (-,-) 
  csa_tree_ADD_TC_OP_1552_g13922/X                              -       A0->X  F     sg13g2_mux2_2        2  327.5   513  1327   37937    (-,-) 
  csa_tree_ADD_TC_OP_1552_g13912/Y                              -       A->Y   R     sg13g2_inv_8         2  308.5   265  1091   39028    (-,-) 
  csa_tree_ADD_TC_OP_1552_g13896/X                              -       A1->X  R     sg13g2_mux2_2        2  313.0   644  1302   40330    (-,-) 
  csa_tree_ADD_TC_OP_1552_g13862/X                              -       S->X   F     sg13g2_mux2_2        1  140.5   237  1167   41496    (-,-) 
  csa_tree_ADD_TC_OP_1552_g13844/X                              -       S->X   R     sg13g2_mux2_2        1  138.4   292   945   42442    (-,-) 
  g212895/X                                                     -       A2->X  R     sg13g2_a21o_2        2  309.8   637  1162   43603    (-,-) 
  final_adder_ADD_TC_OP_241_Y_final_adder_ADD_TC_OP_239_g2802/X -       B->X   R     sg13g2_or2_2         3  488.4   993  1587   45190    (-,-) 
  final_adder_ADD_TC_OP_241_Y_final_adder_ADD_TC_OP_239_g2671/X -       A2->X  R     sg13g2_a21o_2        2  310.2   638  1474   46664    (-,-) 
  final_adder_ADD_TC_OP_241_Y_final_adder_ADD_TC_OP_239_g2640/X -       C->X   R     sg13g2_and3_2        2  309.9   645  1412   48076    (-,-) 
  final_adder_ADD_TC_OP_241_Y_final_adder_ADD_TC_OP_239_g2588/X -       D->X   R     sg13g2_or4_2         1  138.1   292  1121   49197    (-,-) 
  final_adder_ADD_TC_OP_241_Y_final_adder_ADD_TC_OP_239_g2558/X -       B1->X  R     sg13g2_a21o_2        1  152.9   322   903   50100    (-,-) 
  fopt232263/X                                                  -       A->X   R     sg13g2_buf_16       14 1400.7   366  1001   51102    (-,-) 
  final_adder_ADD_TC_OP_241_Y_final_adder_ADD_TC_OP_239_g2525/Y -       A1->Y  F     sg13g2_a21oi_2       1  140.5   444   780   51882    (-,-) 
  final_adder_ADD_TC_OP_241_Y_final_adder_ADD_TC_OP_239_g2509/X -       S->X   R     sg13g2_mux2_2        1  138.0   300   978   52859    (-,-) 
  g227078__1881/X                                               -       A->X   R     sg13g2_and2_2        1  138.1   296   920   53779    (-,-) 
  g226920__9945/X                                               -       B->X   R     sg13g2_or3_2         1  137.1   288   916   54694    (-,-) 
  u_conv_engine_acc_reg_reg[25]/D                               -       -      R     sg13g2_dfrbp_1       1      -     -   530   55224    (-,-) 
#-----------------------------------------------------------------------------------------------------------------------------------------------



Path 4: VIOLATED (-45524 ps) Setup Check with Pin u_conv_engine_acc_reg_reg[22]/CLK->D
          Group: clk
     Startpoint: (R) u_ag_tap_base_reg[5]/CLK
          Clock: (R) clk
       Endpoint: (R) u_conv_engine_acc_reg_reg[22]/D
          Clock: (R) clk

                     Capture       Launch     
        Clock Edge:+   10000            0     
       Src Latency:+       0            0     
       Net Latency:+       0 (I)        0 (I) 
           Arrival:=   10000            0     
                                              
             Setup:-     199                  
       Uncertainty:-     100                  
     Required Time:=    9701                  
      Launch Clock:-       0                  
         Data Path:-   55224                  
             Slack:=  -45524                  

#-----------------------------------------------------------------------------------------------------------------------------------------------
#                         Timing Point                          Flags    Arc   Edge      Cell        Fanout  Load  Trans Delay Arrival Instance 
#                                                                                                            (fF)   (ps)  (ps)   (ps)  Location 
#-----------------------------------------------------------------------------------------------------------------------------------------------
  u_ag_tap_base_reg[5]/CLK                                      -       -      R     (arrival)          136      -     0     0       0    (-,-) 
  u_ag_tap_base_reg[5]/Q                                        -       CLK->Q R     sg13g2_dfrbp_2       2  324.9   667   676     676    (-,-) 
  g223840__5122/X                                               -       A->X   R     sg13g2_and2_2        3  487.2   994  1616    2291    (-,-) 
  g2__5115/Y                                                    -       B->Y   F     sg13g2_nand2b_2      2  308.8  1024  1908    4200    (-,-) 
  g223806__7410/X                                               -       A->X   F     sg13g2_and3_2        1  180.8   293  1190    5390    (-,-) 
  fopt232172/Y                                                  -       A->Y   R     sg13g2_inv_16        4  654.3   219   968    6358    (-,-) 
  g231778__232857_235406/X                                      -       B1->X  R     sg13g2_a21o_2        1  138.0   295  1081    7440    (-,-) 
  g231499__6417/X                                               -       A->X   R     sg13g2_and2_2        2  313.3   643  1161    8601    (-,-) 
  g232837/Y                                                     -       A2->Y  F     sg13g2_a21oi_2       1  138.4   469  1275    9876    (-,-) 
  g232839/X                                                     -       A1->X  F     sg13g2_a21o_2        1  157.6   258   977   10852    (-,-) 
  g231207/Y                                                     -       A->Y   R     sg13g2_inv_8         3  485.7   280   925   11778    (-,-) 
  g231151__9945/X                                               -       A1->X  R     sg13g2_a21o_2        1  140.6   299  1117   12895    (-,-) 
  g231103__8246/X                                               -       S->X   F     sg13g2_mux2_2        1  138.0   241   970   13865    (-,-) 
  g231069__1617/X                                               -       A->X   F     sg13g2_and2_2        1  152.3   244   872   14737    (-,-) 
  g231067/X                                                     -       A->X   F     sg13g2_buf_16       14 1428.6   284   951   15688    (-,-) 
  g_weight_rom[3].u_weight_rom/g7779/Y                          -       B->Y   R     sg13g2_nand2b_2      1  138.0   318   627   16315    (-,-) 
  g_weight_rom[3].u_weight_rom/g26/X                            -       A->X   R     sg13g2_or2_2         1  158.4   330   941   17256    (-,-) 
  g_weight_rom[3].u_weight_rom/g28/Y                            -       A->Y   F     sg13g2_inv_8         3  484.6   248   937   18192    (-,-) 
  g_weight_rom[3].u_weight_rom/g7774/Y                          -       B->Y   R     sg13g2_nor2_2        1  137.8   598  1274   19466    (-,-) 
  g_weight_rom[3].u_weight_rom/g5__5115/X                       -       B->X   R     sg13g2_or2_2         1  137.9   290   956   20422    (-,-) 
  g_weight_rom[3].u_weight_rom/g7425__1617/X                    -       A->X   R     sg13g2_and4_2        1  182.4   395  1068   21490    (-,-) 
  g_weight_rom[3].u_weight_rom/g7424/Y                          -       A->Y   F     sg13g2_inv_16       15 1465.0   347  1138   22628    (-,-) 
  g232800/X                                                     -       S->X   R     sg13g2_mux2_2        4  654.7  1330  1397   24025    (-,-) 
  csa_tree_ADD_TC_OP_1552_g14823_0/X                            -       A->X   R     sg13g2_and2_2        1  138.1   300  1298   25323    (-,-) 
  csa_tree_ADD_TC_OP_1552_g15185/X                              -       B1->X  R     sg13g2_a21o_2        1  137.9   294   884   26207    (-,-) 
  csa_tree_ADD_TC_OP_1552_g2/X                                  -       A->X   R     sg13g2_and3_2        3  483.1   993  1444   27651    (-,-) 
  csa_tree_ADD_TC_OP_1552_g14592/X                              -       B->X   R     sg13g2_or2_2         1  138.4   294  1204   28855    (-,-) 
  csa_tree_ADD_TC_OP_1552_g14502/X                              -       A2->X  R     sg13g2_a21o_2        1  158.4   333   952   29807    (-,-) 
  csa_tree_ADD_TC_OP_1552_g14485/Y                              -       A->Y   F     sg13g2_inv_8         3  484.5   249   938   30745    (-,-) 
  csa_tree_ADD_TC_OP_1552_g14356/X                              -       A1->X  F     sg13g2_a21o_2        2  313.0   487  1293   32038    (-,-) 
  csa_tree_ADD_TC_OP_1552_g15161/X                              -       B->X   F     sg13g2_and2_2        1  140.8   228  1069   33107    (-,-) 
  csa_tree_ADD_TC_OP_1552_g14138/Y                              -       A1->Y  R     sg13g2_a21oi_2       1  138.1   649  1069   34176    (-,-) 
  csa_tree_ADD_TC_OP_1552_g14124/X                              -       B1->X  R     sg13g2_a21o_2        2  352.5   723  1245   35421    (-,-) 
  csa_tree_ADD_TC_OP_1552_g14110/Y                              -       A->Y   F     sg13g2_inv_16        3  479.7   244  1188   36610    (-,-) 
  csa_tree_ADD_TC_OP_1552_g13922/X                              -       A0->X  F     sg13g2_mux2_2        2  327.5   513  1327   37937    (-,-) 
  csa_tree_ADD_TC_OP_1552_g13912/Y                              -       A->Y   R     sg13g2_inv_8         2  308.5   265  1091   39028    (-,-) 
  csa_tree_ADD_TC_OP_1552_g13896/X                              -       A1->X  R     sg13g2_mux2_2        2  313.0   644  1302   40330    (-,-) 
  csa_tree_ADD_TC_OP_1552_g13862/X                              -       S->X   F     sg13g2_mux2_2        1  140.5   237  1167   41496    (-,-) 
  csa_tree_ADD_TC_OP_1552_g13844/X                              -       S->X   R     sg13g2_mux2_2        1  138.4   292   945   42442    (-,-) 
  g212895/X                                                     -       A2->X  R     sg13g2_a21o_2        2  309.8   637  1162   43603    (-,-) 
  final_adder_ADD_TC_OP_241_Y_final_adder_ADD_TC_OP_239_g2802/X -       B->X   R     sg13g2_or2_2         3  488.4   993  1587   45190    (-,-) 
  final_adder_ADD_TC_OP_241_Y_final_adder_ADD_TC_OP_239_g2671/X -       A2->X  R     sg13g2_a21o_2        2  310.2   638  1474   46664    (-,-) 
  final_adder_ADD_TC_OP_241_Y_final_adder_ADD_TC_OP_239_g2640/X -       C->X   R     sg13g2_and3_2        2  309.9   645  1412   48076    (-,-) 
  final_adder_ADD_TC_OP_241_Y_final_adder_ADD_TC_OP_239_g2588/X -       D->X   R     sg13g2_or4_2         1  138.1   292  1121   49197    (-,-) 
  final_adder_ADD_TC_OP_241_Y_final_adder_ADD_TC_OP_239_g2558/X -       B1->X  R     sg13g2_a21o_2        1  152.9   322   903   50100    (-,-) 
  fopt232263/X                                                  -       A->X   R     sg13g2_buf_16       14 1400.7   366  1001   51102    (-,-) 
  final_adder_ADD_TC_OP_241_Y_final_adder_ADD_TC_OP_239_g2530/Y -       A1->Y  F     sg13g2_a21oi_2       1  140.5   444   780   51882    (-,-) 
  final_adder_ADD_TC_OP_241_Y_final_adder_ADD_TC_OP_239_g2506/X -       S->X   R     sg13g2_mux2_2        1  138.0   300   978   52859    (-,-) 
  g227073__1705/X                                               -       A->X   R     sg13g2_and2_2        1  138.1   296   920   53779    (-,-) 
  g226933__5526/X                                               -       B->X   R     sg13g2_or3_2         1  137.1   288   915   54694    (-,-) 
  u_conv_engine_acc_reg_reg[22]/D                               -       -      R     sg13g2_dfrbp_1       1      -     -   530   55224    (-,-) 
#-----------------------------------------------------------------------------------------------------------------------------------------------



Path 5: VIOLATED (-45524 ps) Setup Check with Pin u_conv_engine_acc_reg_reg[30]/CLK->D
          Group: clk
     Startpoint: (R) u_ag_tap_base_reg[5]/CLK
          Clock: (R) clk
       Endpoint: (R) u_conv_engine_acc_reg_reg[30]/D
          Clock: (R) clk

                     Capture       Launch     
        Clock Edge:+   10000            0     
       Src Latency:+       0            0     
       Net Latency:+       0 (I)        0 (I) 
           Arrival:=   10000            0     
                                              
             Setup:-     199                  
       Uncertainty:-     100                  
     Required Time:=    9701                  
      Launch Clock:-       0                  
         Data Path:-   55224                  
             Slack:=  -45524                  

#-----------------------------------------------------------------------------------------------------------------------------------------------
#                         Timing Point                          Flags    Arc   Edge      Cell        Fanout  Load  Trans Delay Arrival Instance 
#                                                                                                            (fF)   (ps)  (ps)   (ps)  Location 
#-----------------------------------------------------------------------------------------------------------------------------------------------
  u_ag_tap_base_reg[5]/CLK                                      -       -      R     (arrival)          136      -     0     0       0    (-,-) 
  u_ag_tap_base_reg[5]/Q                                        -       CLK->Q R     sg13g2_dfrbp_2       2  324.9   667   676     676    (-,-) 
  g223840__5122/X                                               -       A->X   R     sg13g2_and2_2        3  487.2   994  1616    2291    (-,-) 
  g2__5115/Y                                                    -       B->Y   F     sg13g2_nand2b_2      2  308.8  1024  1908    4200    (-,-) 
  g223806__7410/X                                               -       A->X   F     sg13g2_and3_2        1  180.8   293  1190    5390    (-,-) 
  fopt232172/Y                                                  -       A->Y   R     sg13g2_inv_16        4  654.3   219   968    6358    (-,-) 
  g231778__232857_235406/X                                      -       B1->X  R     sg13g2_a21o_2        1  138.0   295  1081    7440    (-,-) 
  g231499__6417/X                                               -       A->X   R     sg13g2_and2_2        2  313.3   643  1161    8601    (-,-) 
  g232837/Y                                                     -       A2->Y  F     sg13g2_a21oi_2       1  138.4   469  1275    9876    (-,-) 
  g232839/X                                                     -       A1->X  F     sg13g2_a21o_2        1  157.6   258   977   10852    (-,-) 
  g231207/Y                                                     -       A->Y   R     sg13g2_inv_8         3  485.7   280   925   11778    (-,-) 
  g231151__9945/X                                               -       A1->X  R     sg13g2_a21o_2        1  140.6   299  1117   12895    (-,-) 
  g231103__8246/X                                               -       S->X   F     sg13g2_mux2_2        1  138.0   241   970   13865    (-,-) 
  g231069__1617/X                                               -       A->X   F     sg13g2_and2_2        1  152.3   244   872   14737    (-,-) 
  g231067/X                                                     -       A->X   F     sg13g2_buf_16       14 1428.6   284   951   15688    (-,-) 
  g_weight_rom[3].u_weight_rom/g7779/Y                          -       B->Y   R     sg13g2_nand2b_2      1  138.0   318   627   16315    (-,-) 
  g_weight_rom[3].u_weight_rom/g26/X                            -       A->X   R     sg13g2_or2_2         1  158.4   330   941   17256    (-,-) 
  g_weight_rom[3].u_weight_rom/g28/Y                            -       A->Y   F     sg13g2_inv_8         3  484.6   248   937   18192    (-,-) 
  g_weight_rom[3].u_weight_rom/g7774/Y                          -       B->Y   R     sg13g2_nor2_2        1  137.8   598  1274   19466    (-,-) 
  g_weight_rom[3].u_weight_rom/g5__5115/X                       -       B->X   R     sg13g2_or2_2         1  137.9   290   956   20422    (-,-) 
  g_weight_rom[3].u_weight_rom/g7425__1617/X                    -       A->X   R     sg13g2_and4_2        1  182.4   395  1068   21490    (-,-) 
  g_weight_rom[3].u_weight_rom/g7424/Y                          -       A->Y   F     sg13g2_inv_16       15 1465.0   347  1138   22628    (-,-) 
  g232800/X                                                     -       S->X   R     sg13g2_mux2_2        4  654.7  1330  1397   24025    (-,-) 
  csa_tree_ADD_TC_OP_1552_g14823_0/X                            -       A->X   R     sg13g2_and2_2        1  138.1   300  1298   25323    (-,-) 
  csa_tree_ADD_TC_OP_1552_g15185/X                              -       B1->X  R     sg13g2_a21o_2        1  137.9   294   884   26207    (-,-) 
  csa_tree_ADD_TC_OP_1552_g2/X                                  -       A->X   R     sg13g2_and3_2        3  483.1   993  1444   27651    (-,-) 
  csa_tree_ADD_TC_OP_1552_g14592/X                              -       B->X   R     sg13g2_or2_2         1  138.4   294  1204   28855    (-,-) 
  csa_tree_ADD_TC_OP_1552_g14502/X                              -       A2->X  R     sg13g2_a21o_2        1  158.4   333   952   29807    (-,-) 
  csa_tree_ADD_TC_OP_1552_g14485/Y                              -       A->Y   F     sg13g2_inv_8         3  484.5   249   938   30745    (-,-) 
  csa_tree_ADD_TC_OP_1552_g14356/X                              -       A1->X  F     sg13g2_a21o_2        2  313.0   487  1293   32038    (-,-) 
  csa_tree_ADD_TC_OP_1552_g15161/X                              -       B->X   F     sg13g2_and2_2        1  140.8   228  1069   33107    (-,-) 
  csa_tree_ADD_TC_OP_1552_g14138/Y                              -       A1->Y  R     sg13g2_a21oi_2       1  138.1   649  1069   34176    (-,-) 
  csa_tree_ADD_TC_OP_1552_g14124/X                              -       B1->X  R     sg13g2_a21o_2        2  352.5   723  1245   35421    (-,-) 
  csa_tree_ADD_TC_OP_1552_g14110/Y                              -       A->Y   F     sg13g2_inv_16        3  479.7   244  1188   36610    (-,-) 
  csa_tree_ADD_TC_OP_1552_g13922/X                              -       A0->X  F     sg13g2_mux2_2        2  327.5   513  1327   37937    (-,-) 
  csa_tree_ADD_TC_OP_1552_g13912/Y                              -       A->Y   R     sg13g2_inv_8         2  308.5   265  1091   39028    (-,-) 
  csa_tree_ADD_TC_OP_1552_g13896/X                              -       A1->X  R     sg13g2_mux2_2        2  313.0   644  1302   40330    (-,-) 
  csa_tree_ADD_TC_OP_1552_g13862/X                              -       S->X   F     sg13g2_mux2_2        1  140.5   237  1167   41496    (-,-) 
  csa_tree_ADD_TC_OP_1552_g13844/X                              -       S->X   R     sg13g2_mux2_2        1  138.4   292   945   42442    (-,-) 
  g212895/X                                                     -       A2->X  R     sg13g2_a21o_2        2  309.8   637  1162   43603    (-,-) 
  final_adder_ADD_TC_OP_241_Y_final_adder_ADD_TC_OP_239_g2802/X -       B->X   R     sg13g2_or2_2         3  488.4   993  1587   45190    (-,-) 
  final_adder_ADD_TC_OP_241_Y_final_adder_ADD_TC_OP_239_g2671/X -       A2->X  R     sg13g2_a21o_2        2  310.2   638  1474   46664    (-,-) 
  final_adder_ADD_TC_OP_241_Y_final_adder_ADD_TC_OP_239_g2640/X -       C->X   R     sg13g2_and3_2        2  309.9   645  1412   48076    (-,-) 
  final_adder_ADD_TC_OP_241_Y_final_adder_ADD_TC_OP_239_g2588/X -       D->X   R     sg13g2_or4_2         1  138.1   292  1121   49197    (-,-) 
  final_adder_ADD_TC_OP_241_Y_final_adder_ADD_TC_OP_239_g2558/X -       B1->X  R     sg13g2_a21o_2        1  152.9   322   903   50100    (-,-) 
  fopt232263/X                                                  -       A->X   R     sg13g2_buf_16       14 1400.7   366  1001   51102    (-,-) 
  final_adder_ADD_TC_OP_241_Y_final_adder_ADD_TC_OP_239_g2524/Y -       A1->Y  F     sg13g2_a21oi_2       1  140.5   444   780   51882    (-,-) 
  final_adder_ADD_TC_OP_241_Y_final_adder_ADD_TC_OP_239_g2518/X -       S->X   R     sg13g2_mux2_2        1  138.0   300   978   52859    (-,-) 
  g227087/X                                                     -       A->X   R     sg13g2_and2_2        1  138.1   296   920   53779    (-,-) 
  g226941__7098/X                                               -       B->X   R     sg13g2_or3_2         1  137.1   288   915   54694    (-,-) 
  u_conv_engine_acc_reg_reg[30]/D                               -       -      R     sg13g2_dfrbp_1       1      -     -   530   55224    (-,-) 
#-----------------------------------------------------------------------------------------------------------------------------------------------



Path 6: VIOLATED (-45524 ps) Setup Check with Pin u_conv_engine_acc_reg_reg[19]/CLK->D
          Group: clk
     Startpoint: (R) u_ag_tap_base_reg[5]/CLK
          Clock: (R) clk
       Endpoint: (R) u_conv_engine_acc_reg_reg[19]/D
          Clock: (R) clk

                     Capture       Launch     
        Clock Edge:+   10000            0     
       Src Latency:+       0            0     
       Net Latency:+       0 (I)        0 (I) 
           Arrival:=   10000            0     
                                              
             Setup:-     199                  
       Uncertainty:-     100                  
     Required Time:=    9701                  
      Launch Clock:-       0                  
         Data Path:-   55224                  
             Slack:=  -45524                  

#-----------------------------------------------------------------------------------------------------------------------------------------------
#                         Timing Point                          Flags    Arc   Edge      Cell        Fanout  Load  Trans Delay Arrival Instance 
#                                                                                                            (fF)   (ps)  (ps)   (ps)  Location 
#-----------------------------------------------------------------------------------------------------------------------------------------------
  u_ag_tap_base_reg[5]/CLK                                      -       -      R     (arrival)          136      -     0     0       0    (-,-) 
  u_ag_tap_base_reg[5]/Q                                        -       CLK->Q R     sg13g2_dfrbp_2       2  324.9   667   676     676    (-,-) 
  g223840__5122/X                                               -       A->X   R     sg13g2_and2_2        3  487.2   994  1616    2291    (-,-) 
  g2__5115/Y                                                    -       B->Y   F     sg13g2_nand2b_2      2  308.8  1024  1908    4200    (-,-) 
  g223806__7410/X                                               -       A->X   F     sg13g2_and3_2        1  180.8   293  1190    5390    (-,-) 
  fopt232172/Y                                                  -       A->Y   R     sg13g2_inv_16        4  654.3   219   968    6358    (-,-) 
  g231778__232857_235406/X                                      -       B1->X  R     sg13g2_a21o_2        1  138.0   295  1081    7440    (-,-) 
  g231499__6417/X                                               -       A->X   R     sg13g2_and2_2        2  313.3   643  1161    8601    (-,-) 
  g232837/Y                                                     -       A2->Y  F     sg13g2_a21oi_2       1  138.4   469  1275    9876    (-,-) 
  g232839/X                                                     -       A1->X  F     sg13g2_a21o_2        1  157.6   258   977   10852    (-,-) 
  g231207/Y                                                     -       A->Y   R     sg13g2_inv_8         3  485.7   280   925   11778    (-,-) 
  g231151__9945/X                                               -       A1->X  R     sg13g2_a21o_2        1  140.6   299  1117   12895    (-,-) 
  g231103__8246/X                                               -       S->X   F     sg13g2_mux2_2        1  138.0   241   970   13865    (-,-) 
  g231069__1617/X                                               -       A->X   F     sg13g2_and2_2        1  152.3   244   872   14737    (-,-) 
  g231067/X                                                     -       A->X   F     sg13g2_buf_16       14 1428.6   284   951   15688    (-,-) 
  g_weight_rom[3].u_weight_rom/g7779/Y                          -       B->Y   R     sg13g2_nand2b_2      1  138.0   318   627   16315    (-,-) 
  g_weight_rom[3].u_weight_rom/g26/X                            -       A->X   R     sg13g2_or2_2         1  158.4   330   941   17256    (-,-) 
  g_weight_rom[3].u_weight_rom/g28/Y                            -       A->Y   F     sg13g2_inv_8         3  484.6   248   937   18192    (-,-) 
  g_weight_rom[3].u_weight_rom/g7774/Y                          -       B->Y   R     sg13g2_nor2_2        1  137.8   598  1274   19466    (-,-) 
  g_weight_rom[3].u_weight_rom/g5__5115/X                       -       B->X   R     sg13g2_or2_2         1  137.9   290   956   20422    (-,-) 
  g_weight_rom[3].u_weight_rom/g7425__1617/X                    -       A->X   R     sg13g2_and4_2        1  182.4   395  1068   21490    (-,-) 
  g_weight_rom[3].u_weight_rom/g7424/Y                          -       A->Y   F     sg13g2_inv_16       15 1465.0   347  1138   22628    (-,-) 
  g232800/X                                                     -       S->X   R     sg13g2_mux2_2        4  654.7  1330  1397   24025    (-,-) 
  csa_tree_ADD_TC_OP_1552_g14823_0/X                            -       A->X   R     sg13g2_and2_2        1  138.1   300  1298   25323    (-,-) 
  csa_tree_ADD_TC_OP_1552_g15185/X                              -       B1->X  R     sg13g2_a21o_2        1  137.9   294   884   26207    (-,-) 
  csa_tree_ADD_TC_OP_1552_g2/X                                  -       A->X   R     sg13g2_and3_2        3  483.1   993  1444   27651    (-,-) 
  csa_tree_ADD_TC_OP_1552_g14592/X                              -       B->X   R     sg13g2_or2_2         1  138.4   294  1204   28855    (-,-) 
  csa_tree_ADD_TC_OP_1552_g14502/X                              -       A2->X  R     sg13g2_a21o_2        1  158.4   333   952   29807    (-,-) 
  csa_tree_ADD_TC_OP_1552_g14485/Y                              -       A->Y   F     sg13g2_inv_8         3  484.5   249   938   30745    (-,-) 
  csa_tree_ADD_TC_OP_1552_g14356/X                              -       A1->X  F     sg13g2_a21o_2        2  313.0   487  1293   32038    (-,-) 
  csa_tree_ADD_TC_OP_1552_g15161/X                              -       B->X   F     sg13g2_and2_2        1  140.8   228  1069   33107    (-,-) 
  csa_tree_ADD_TC_OP_1552_g14138/Y                              -       A1->Y  R     sg13g2_a21oi_2       1  138.1   649  1069   34176    (-,-) 
  csa_tree_ADD_TC_OP_1552_g14124/X                              -       B1->X  R     sg13g2_a21o_2        2  352.5   723  1245   35421    (-,-) 
  csa_tree_ADD_TC_OP_1552_g14110/Y                              -       A->Y   F     sg13g2_inv_16        3  479.7   244  1188   36610    (-,-) 
  csa_tree_ADD_TC_OP_1552_g13922/X                              -       A0->X  F     sg13g2_mux2_2        2  327.5   513  1327   37937    (-,-) 
  csa_tree_ADD_TC_OP_1552_g13912/Y                              -       A->Y   R     sg13g2_inv_8         2  308.5   265  1091   39028    (-,-) 
  csa_tree_ADD_TC_OP_1552_g13896/X                              -       A1->X  R     sg13g2_mux2_2        2  313.0   644  1302   40330    (-,-) 
  csa_tree_ADD_TC_OP_1552_g13862/X                              -       S->X   F     sg13g2_mux2_2        1  140.5   237  1167   41496    (-,-) 
  csa_tree_ADD_TC_OP_1552_g13844/X                              -       S->X   R     sg13g2_mux2_2        1  138.4   292   945   42442    (-,-) 
  g212895/X                                                     -       A2->X  R     sg13g2_a21o_2        2  309.8   637  1162   43603    (-,-) 
  final_adder_ADD_TC_OP_241_Y_final_adder_ADD_TC_OP_239_g2802/X -       B->X   R     sg13g2_or2_2         3  488.4   993  1587   45190    (-,-) 
  final_adder_ADD_TC_OP_241_Y_final_adder_ADD_TC_OP_239_g2671/X -       A2->X  R     sg13g2_a21o_2        2  310.2   638  1474   46664    (-,-) 
  final_adder_ADD_TC_OP_241_Y_final_adder_ADD_TC_OP_239_g2640/X -       C->X   R     sg13g2_and3_2        2  309.9   645  1412   48076    (-,-) 
  final_adder_ADD_TC_OP_241_Y_final_adder_ADD_TC_OP_239_g2588/X -       D->X   R     sg13g2_or4_2         1  138.1   292  1121   49197    (-,-) 
  final_adder_ADD_TC_OP_241_Y_final_adder_ADD_TC_OP_239_g2558/X -       B1->X  R     sg13g2_a21o_2        1  152.9   322   903   50100    (-,-) 
  fopt232263/X                                                  -       A->X   R     sg13g2_buf_16       14 1400.7   366  1001   51102    (-,-) 
  final_adder_ADD_TC_OP_241_Y_final_adder_ADD_TC_OP_239_g2521/Y -       A1->Y  F     sg13g2_a21oi_2       1  140.5   444   780   51882    (-,-) 
  final_adder_ADD_TC_OP_241_Y_final_adder_ADD_TC_OP_239_g2515/X -       S->X   R     sg13g2_mux2_2        1  138.0   300   978   52859    (-,-) 
  g227056__1666/X                                               -       A->X   R     sg13g2_and2_2        1  138.1   296   920   53779    (-,-) 
  g226930__6260/X                                               -       B->X   R     sg13g2_or3_2         1  137.1   288   915   54694    (-,-) 
  u_conv_engine_acc_reg_reg[19]/D                               -       -      R     sg13g2_dfrbp_1       1      -     -   530   55224    (-,-) 
#-----------------------------------------------------------------------------------------------------------------------------------------------



Path 7: VIOLATED (-45524 ps) Setup Check with Pin u_conv_engine_acc_reg_reg[31]/CLK->D
          Group: clk
     Startpoint: (R) u_ag_tap_base_reg[5]/CLK
          Clock: (R) clk
       Endpoint: (R) u_conv_engine_acc_reg_reg[31]/D
          Clock: (R) clk

                     Capture       Launch     
        Clock Edge:+   10000            0     
       Src Latency:+       0            0     
       Net Latency:+       0 (I)        0 (I) 
           Arrival:=   10000            0     
                                              
             Setup:-     201                  
       Uncertainty:-     100                  
     Required Time:=    9699                  
      Launch Clock:-       0                  
         Data Path:-   55223                  
             Slack:=  -45524                  

#-----------------------------------------------------------------------------------------------------------------------------------------------
#                         Timing Point                          Flags    Arc   Edge      Cell        Fanout  Load  Trans Delay Arrival Instance 
#                                                                                                            (fF)   (ps)  (ps)   (ps)  Location 
#-----------------------------------------------------------------------------------------------------------------------------------------------
  u_ag_tap_base_reg[5]/CLK                                      -       -      R     (arrival)          136      -     0     0       0    (-,-) 
  u_ag_tap_base_reg[5]/Q                                        -       CLK->Q R     sg13g2_dfrbp_2       2  324.9   667   676     676    (-,-) 
  g223840__5122/X                                               -       A->X   R     sg13g2_and2_2        3  487.2   994  1616    2291    (-,-) 
  g2__5115/Y                                                    -       B->Y   F     sg13g2_nand2b_2      2  308.8  1024  1908    4200    (-,-) 
  g223806__7410/X                                               -       A->X   F     sg13g2_and3_2        1  180.8   293  1190    5390    (-,-) 
  fopt232172/Y                                                  -       A->Y   R     sg13g2_inv_16        4  654.3   219   968    6358    (-,-) 
  g231778__232857_235406/X                                      -       B1->X  R     sg13g2_a21o_2        1  138.0   295  1081    7440    (-,-) 
  g231499__6417/X                                               -       A->X   R     sg13g2_and2_2        2  313.3   643  1161    8601    (-,-) 
  g232837/Y                                                     -       A2->Y  F     sg13g2_a21oi_2       1  138.4   469  1275    9876    (-,-) 
  g232839/X                                                     -       A1->X  F     sg13g2_a21o_2        1  157.6   258   977   10852    (-,-) 
  g231207/Y                                                     -       A->Y   R     sg13g2_inv_8         3  485.7   280   925   11778    (-,-) 
  g231151__9945/X                                               -       A1->X  R     sg13g2_a21o_2        1  140.6   299  1117   12895    (-,-) 
  g231103__8246/X                                               -       S->X   F     sg13g2_mux2_2        1  138.0   241   970   13865    (-,-) 
  g231069__1617/X                                               -       A->X   F     sg13g2_and2_2        1  152.3   244   872   14737    (-,-) 
  g231067/X                                                     -       A->X   F     sg13g2_buf_16       14 1428.6   284   951   15688    (-,-) 
  g_weight_rom[3].u_weight_rom/g7779/Y                          -       B->Y   R     sg13g2_nand2b_2      1  138.0   318   627   16315    (-,-) 
  g_weight_rom[3].u_weight_rom/g26/X                            -       A->X   R     sg13g2_or2_2         1  158.4   330   941   17256    (-,-) 
  g_weight_rom[3].u_weight_rom/g28/Y                            -       A->Y   F     sg13g2_inv_8         3  484.6   248   937   18192    (-,-) 
  g_weight_rom[3].u_weight_rom/g7774/Y                          -       B->Y   R     sg13g2_nor2_2        1  137.8   598  1274   19466    (-,-) 
  g_weight_rom[3].u_weight_rom/g5__5115/X                       -       B->X   R     sg13g2_or2_2         1  137.9   290   956   20422    (-,-) 
  g_weight_rom[3].u_weight_rom/g7425__1617/X                    -       A->X   R     sg13g2_and4_2        1  182.4   395  1068   21490    (-,-) 
  g_weight_rom[3].u_weight_rom/g7424/Y                          -       A->Y   F     sg13g2_inv_16       15 1465.0   347  1138   22628    (-,-) 
  g232800/X                                                     -       S->X   R     sg13g2_mux2_2        4  654.7  1330  1397   24025    (-,-) 
  csa_tree_ADD_TC_OP_1552_g14823_0/X                            -       A->X   R     sg13g2_and2_2        1  138.1   300  1298   25323    (-,-) 
  csa_tree_ADD_TC_OP_1552_g15185/X                              -       B1->X  R     sg13g2_a21o_2        1  137.9   294   884   26207    (-,-) 
  csa_tree_ADD_TC_OP_1552_g2/X                                  -       A->X   R     sg13g2_and3_2        3  483.1   993  1444   27651    (-,-) 
  csa_tree_ADD_TC_OP_1552_g14592/X                              -       B->X   R     sg13g2_or2_2         1  138.4   294  1204   28855    (-,-) 
  csa_tree_ADD_TC_OP_1552_g14502/X                              -       A2->X  R     sg13g2_a21o_2        1  158.4   333   952   29807    (-,-) 
  csa_tree_ADD_TC_OP_1552_g14485/Y                              -       A->Y   F     sg13g2_inv_8         3  484.5   249   938   30745    (-,-) 
  csa_tree_ADD_TC_OP_1552_g14356/X                              -       A1->X  F     sg13g2_a21o_2        2  313.0   487  1293   32038    (-,-) 
  csa_tree_ADD_TC_OP_1552_g15161/X                              -       B->X   F     sg13g2_and2_2        1  140.8   228  1069   33107    (-,-) 
  csa_tree_ADD_TC_OP_1552_g14138/Y                              -       A1->Y  R     sg13g2_a21oi_2       1  138.1   649  1069   34176    (-,-) 
  csa_tree_ADD_TC_OP_1552_g14124/X                              -       B1->X  R     sg13g2_a21o_2        2  352.5   723  1245   35421    (-,-) 
  csa_tree_ADD_TC_OP_1552_g14110/Y                              -       A->Y   F     sg13g2_inv_16        3  479.7   244  1188   36610    (-,-) 
  csa_tree_ADD_TC_OP_1552_g13922/X                              -       A0->X  F     sg13g2_mux2_2        2  327.5   513  1327   37937    (-,-) 
  csa_tree_ADD_TC_OP_1552_g13912/Y                              -       A->Y   R     sg13g2_inv_8         2  308.5   265  1091   39028    (-,-) 
  csa_tree_ADD_TC_OP_1552_g13896/X                              -       A1->X  R     sg13g2_mux2_2        2  313.0   644  1302   40330    (-,-) 
  csa_tree_ADD_TC_OP_1552_g13862/X                              -       S->X   F     sg13g2_mux2_2        1  140.5   237  1167   41496    (-,-) 
  csa_tree_ADD_TC_OP_1552_g13844/X                              -       S->X   R     sg13g2_mux2_2        1  138.4   292   945   42442    (-,-) 
  g212895/X                                                     -       A2->X  R     sg13g2_a21o_2        2  309.8   637  1162   43603    (-,-) 
  final_adder_ADD_TC_OP_241_Y_final_adder_ADD_TC_OP_239_g2802/X -       B->X   R     sg13g2_or2_2         3  488.4   993  1587   45190    (-,-) 
  final_adder_ADD_TC_OP_241_Y_final_adder_ADD_TC_OP_239_g2671/X -       A2->X  R     sg13g2_a21o_2        2  310.2   638  1474   46664    (-,-) 
  final_adder_ADD_TC_OP_241_Y_final_adder_ADD_TC_OP_239_g2640/X -       C->X   R     sg13g2_and3_2        2  309.9   645  1412   48076    (-,-) 
  final_adder_ADD_TC_OP_241_Y_final_adder_ADD_TC_OP_239_g2588/X -       D->X   R     sg13g2_or4_2         1  138.1   292  1121   49197    (-,-) 
  final_adder_ADD_TC_OP_241_Y_final_adder_ADD_TC_OP_239_g2558/X -       B1->X  R     sg13g2_a21o_2        1  152.9   322   903   50100    (-,-) 
  fopt232263/X                                                  -       A->X   R     sg13g2_buf_16       14 1400.7   366  1001   51102    (-,-) 
  final_adder_ADD_TC_OP_241_Y_final_adder_ADD_TC_OP_239_g2529/Y -       A1->Y  F     sg13g2_a21oi_2       1  140.5   444   780   51882    (-,-) 
  final_adder_ADD_TC_OP_241_Y_final_adder_ADD_TC_OP_239_g2512/X -       S->X   R     sg13g2_mux2_2        1  138.0   294   978   52859    (-,-) 
  g227090/X                                                     -       A->X   R     sg13g2_and2_2        1  138.1   296   918   53777    (-,-) 
  g226942__6131/X                                               -       B->X   R     sg13g2_or3_2         1  137.1   293   915   54693    (-,-) 
  u_conv_engine_acc_reg_reg[31]/D                               -       -      R     sg13g2_dfrbp_1       1      -     -   530   55223    (-,-) 
#-----------------------------------------------------------------------------------------------------------------------------------------------



Path 8: VIOLATED (-45499 ps) Setup Check with Pin u_conv_engine_acc_reg_reg[28]/CLK->D
          Group: clk
     Startpoint: (R) u_ag_tap_base_reg[5]/CLK
          Clock: (R) clk
       Endpoint: (R) u_conv_engine_acc_reg_reg[28]/D
          Clock: (R) clk

                     Capture       Launch     
        Clock Edge:+   10000            0     
       Src Latency:+       0            0     
       Net Latency:+       0 (I)        0 (I) 
           Arrival:=   10000            0     
                                              
             Setup:-     206                  
       Uncertainty:-     100                  
     Required Time:=    9694                  
      Launch Clock:-       0                  
         Data Path:-   55194                  
             Slack:=  -45499                  

#-----------------------------------------------------------------------------------------------------------------------------------------------
#                         Timing Point                          Flags    Arc   Edge      Cell        Fanout  Load  Trans Delay Arrival Instance 
#                                                                                                            (fF)   (ps)  (ps)   (ps)  Location 
#-----------------------------------------------------------------------------------------------------------------------------------------------
  u_ag_tap_base_reg[5]/CLK                                      -       -      R     (arrival)          136      -     0     0       0    (-,-) 
  u_ag_tap_base_reg[5]/Q                                        -       CLK->Q R     sg13g2_dfrbp_2       2  324.9   667   676     676    (-,-) 
  g223840__5122/X                                               -       A->X   R     sg13g2_and2_2        3  487.2   994  1616    2291    (-,-) 
  g2__5115/Y                                                    -       B->Y   F     sg13g2_nand2b_2      2  308.8  1024  1908    4200    (-,-) 
  g223806__7410/X                                               -       A->X   F     sg13g2_and3_2        1  180.8   293  1190    5390    (-,-) 
  fopt232172/Y                                                  -       A->Y   R     sg13g2_inv_16        4  654.3   219   968    6358    (-,-) 
  g231778__232857_235406/X                                      -       B1->X  R     sg13g2_a21o_2        1  138.0   295  1081    7440    (-,-) 
  g231499__6417/X                                               -       A->X   R     sg13g2_and2_2        2  313.3   643  1161    8601    (-,-) 
  g232837/Y                                                     -       A2->Y  F     sg13g2_a21oi_2       1  138.4   469  1275    9876    (-,-) 
  g232839/X                                                     -       A1->X  F     sg13g2_a21o_2        1  157.6   258   977   10852    (-,-) 
  g231207/Y                                                     -       A->Y   R     sg13g2_inv_8         3  485.7   280   925   11778    (-,-) 
  g231151__9945/X                                               -       A1->X  R     sg13g2_a21o_2        1  140.6   299  1117   12895    (-,-) 
  g231103__8246/X                                               -       S->X   F     sg13g2_mux2_2        1  138.0   241   970   13865    (-,-) 
  g231069__1617/X                                               -       A->X   F     sg13g2_and2_2        1  152.3   244   872   14737    (-,-) 
  g231067/X                                                     -       A->X   F     sg13g2_buf_16       14 1428.6   284   951   15688    (-,-) 
  g_weight_rom[3].u_weight_rom/g7779/Y                          -       B->Y   R     sg13g2_nand2b_2      1  138.0   318   627   16315    (-,-) 
  g_weight_rom[3].u_weight_rom/g26/X                            -       A->X   R     sg13g2_or2_2         1  158.4   330   941   17256    (-,-) 
  g_weight_rom[3].u_weight_rom/g28/Y                            -       A->Y   F     sg13g2_inv_8         3  484.6   248   937   18192    (-,-) 
  g_weight_rom[3].u_weight_rom/g7774/Y                          -       B->Y   R     sg13g2_nor2_2        1  137.8   598  1274   19466    (-,-) 
  g_weight_rom[3].u_weight_rom/g5__5115/X                       -       B->X   R     sg13g2_or2_2         1  137.9   290   956   20422    (-,-) 
  g_weight_rom[3].u_weight_rom/g7425__1617/X                    -       A->X   R     sg13g2_and4_2        1  182.4   395  1068   21490    (-,-) 
  g_weight_rom[3].u_weight_rom/g7424/Y                          -       A->Y   F     sg13g2_inv_16       15 1465.0   347  1138   22628    (-,-) 
  g232800/X                                                     -       S->X   R     sg13g2_mux2_2        4  654.7  1330  1397   24025    (-,-) 
  csa_tree_ADD_TC_OP_1552_g14823_0/X                            -       A->X   R     sg13g2_and2_2        1  138.1   300  1298   25323    (-,-) 
  csa_tree_ADD_TC_OP_1552_g15185/X                              -       B1->X  R     sg13g2_a21o_2        1  137.9   294   884   26207    (-,-) 
  csa_tree_ADD_TC_OP_1552_g2/X                                  -       A->X   R     sg13g2_and3_2        3  483.1   993  1444   27651    (-,-) 
  csa_tree_ADD_TC_OP_1552_g14635/X                              -       A->X   R     sg13g2_buf_4         2  331.5   352  1297   28948    (-,-) 
  csa_tree_ADD_TC_OP_1552_g14634/Y                              -       A->Y   F     sg13g2_inv_8         1  139.2   123   928   29876    (-,-) 
  csa_tree_ADD_TC_OP_1552_g14366/X                              -       A1->X  F     sg13g2_mux2_2        3  484.2   746  1275   31151    (-,-) 
  csa_tree_ADD_TC_OP_1552_g14217/X                              -       S->X   R     sg13g2_mux2_2        2  328.5   675  1482   32633    (-,-) 
  csa_tree_ADD_TC_OP_1552_g14203/Y                              -       A->Y   F     sg13g2_inv_8         1  135.9   173   982   33615    (-,-) 
  csa_tree_ADD_TC_OP_1552_g14120/X                              -       A0->X  F     sg13g2_mux2_2        2  354.0   552  1143   34759    (-,-) 
  csa_tree_ADD_TC_OP_1552_g14106/Y                              -       A->Y   R     sg13g2_inv_16        3  482.9   242  1163   35921    (-,-) 
  csa_tree_ADD_TC_OP_1552_g14009/X                              -       B->X   R     sg13g2_or2_2         1  138.4   294  1071   36993    (-,-) 
  csa_tree_ADD_TC_OP_1552_g13955/X                              -       A2->X  R     sg13g2_a21o_2        2  313.1   644  1166   38159    (-,-) 
  csa_tree_ADD_TC_OP_1552_g13893/X                              -       S->X   R     sg13g2_mux2_2        2  313.0   644  1395   39554    (-,-) 
  csa_tree_ADD_TC_OP_1552_g13860/X                              -       S->X   F     sg13g2_mux2_2        1  140.5   240  1167   40721    (-,-) 
  csa_tree_ADD_TC_OP_1552_g13846/X                              -       S->X   R     sg13g2_mux2_2        1  138.4   292   946   41667    (-,-) 
  g212900/X                                                     -       A2->X  R     sg13g2_a21o_2        2  309.8   637  1162   42828    (-,-) 
  final_adder_ADD_TC_OP_241_Y_final_adder_ADD_TC_OP_239_g2828/X -       B->X   R     sg13g2_or2_2         3  482.1   980  1578   44407    (-,-) 
  final_adder_ADD_TC_OP_241_Y_final_adder_ADD_TC_OP_239_g2714/X -       A->X   R     sg13g2_and2_2        2  310.2   639  1463   45870    (-,-) 
  final_adder_ADD_TC_OP_241_Y_final_adder_ADD_TC_OP_239_g2653/X -       A->X   R     sg13g2_and2_2        2  310.0   638  1366   47236    (-,-) 
  final_adder_ADD_TC_OP_241_Y_final_adder_ADD_TC_OP_239_g2636/X -       B->X   R     sg13g2_and2_2        2  310.4   639  1365   48602    (-,-) 
  final_adder_ADD_TC_OP_241_Y_final_adder_ADD_TC_OP_239_g2598/X -       A->X   R     sg13g2_and3_2        1  137.6   302  1180   49782    (-,-) 
  final_adder_ADD_TC_OP_241_Y_final_adder_ADD_TC_OP_239_g2541/X -       D->X   R     sg13g2_or4_2         1  140.6   296   911   50692    (-,-) 
  final_adder_ADD_TC_OP_241_Y_final_adder_ADD_TC_OP_239_g2516/X -       S->X   R     sg13g2_mux2_2        2  308.1   634  1173   51865    (-,-) 
  g227067__5526/X                                               -       A->X   R     sg13g2_and2_2        1  152.9   326  1148   53014    (-,-) 
  g227041/X                                                     -       A->X   R     sg13g2_buf_16       13 1309.5   343   986   54000    (-,-) 
  g226939__5122/X                                               -       C->X   R     sg13g2_or3_2         1  137.0   288   664   54664    (-,-) 
  u_conv_engine_acc_reg_reg[28]/D                               -       -      R     sg13g2_dfrbp_2       1      -     -   530   55194    (-,-) 
#-----------------------------------------------------------------------------------------------------------------------------------------------



Path 9: VIOLATED (-45499 ps) Setup Check with Pin u_conv_engine_acc_reg_reg[24]/CLK->D
          Group: clk
     Startpoint: (R) u_ag_tap_base_reg[5]/CLK
          Clock: (R) clk
       Endpoint: (R) u_conv_engine_acc_reg_reg[24]/D
          Clock: (R) clk

                     Capture       Launch     
        Clock Edge:+   10000            0     
       Src Latency:+       0            0     
       Net Latency:+       0 (I)        0 (I) 
           Arrival:=   10000            0     
                                              
             Setup:-     206                  
       Uncertainty:-     100                  
     Required Time:=    9694                  
      Launch Clock:-       0                  
         Data Path:-   55194                  
             Slack:=  -45499                  

#-----------------------------------------------------------------------------------------------------------------------------------------------
#                         Timing Point                          Flags    Arc   Edge      Cell        Fanout  Load  Trans Delay Arrival Instance 
#                                                                                                            (fF)   (ps)  (ps)   (ps)  Location 
#-----------------------------------------------------------------------------------------------------------------------------------------------
  u_ag_tap_base_reg[5]/CLK                                      -       -      R     (arrival)          136      -     0     0       0    (-,-) 
  u_ag_tap_base_reg[5]/Q                                        -       CLK->Q R     sg13g2_dfrbp_2       2  324.9   667   676     676    (-,-) 
  g223840__5122/X                                               -       A->X   R     sg13g2_and2_2        3  487.2   994  1616    2291    (-,-) 
  g2__5115/Y                                                    -       B->Y   F     sg13g2_nand2b_2      2  308.8  1024  1908    4200    (-,-) 
  g223806__7410/X                                               -       A->X   F     sg13g2_and3_2        1  180.8   293  1190    5390    (-,-) 
  fopt232172/Y                                                  -       A->Y   R     sg13g2_inv_16        4  654.3   219   968    6358    (-,-) 
  g231778__232857_235406/X                                      -       B1->X  R     sg13g2_a21o_2        1  138.0   295  1081    7440    (-,-) 
  g231499__6417/X                                               -       A->X   R     sg13g2_and2_2        2  313.3   643  1161    8601    (-,-) 
  g232837/Y                                                     -       A2->Y  F     sg13g2_a21oi_2       1  138.4   469  1275    9876    (-,-) 
  g232839/X                                                     -       A1->X  F     sg13g2_a21o_2        1  157.6   258   977   10852    (-,-) 
  g231207/Y                                                     -       A->Y   R     sg13g2_inv_8         3  485.7   280   925   11778    (-,-) 
  g231151__9945/X                                               -       A1->X  R     sg13g2_a21o_2        1  140.6   299  1117   12895    (-,-) 
  g231103__8246/X                                               -       S->X   F     sg13g2_mux2_2        1  138.0   241   970   13865    (-,-) 
  g231069__1617/X                                               -       A->X   F     sg13g2_and2_2        1  152.3   244   872   14737    (-,-) 
  g231067/X                                                     -       A->X   F     sg13g2_buf_16       14 1428.6   284   951   15688    (-,-) 
  g_weight_rom[3].u_weight_rom/g7779/Y                          -       B->Y   R     sg13g2_nand2b_2      1  138.0   318   627   16315    (-,-) 
  g_weight_rom[3].u_weight_rom/g26/X                            -       A->X   R     sg13g2_or2_2         1  158.4   330   941   17256    (-,-) 
  g_weight_rom[3].u_weight_rom/g28/Y                            -       A->Y   F     sg13g2_inv_8         3  484.6   248   937   18192    (-,-) 
  g_weight_rom[3].u_weight_rom/g7774/Y                          -       B->Y   R     sg13g2_nor2_2        1  137.8   598  1274   19466    (-,-) 
  g_weight_rom[3].u_weight_rom/g5__5115/X                       -       B->X   R     sg13g2_or2_2         1  137.9   290   956   20422    (-,-) 
  g_weight_rom[3].u_weight_rom/g7425__1617/X                    -       A->X   R     sg13g2_and4_2        1  182.4   395  1068   21490    (-,-) 
  g_weight_rom[3].u_weight_rom/g7424/Y                          -       A->Y   F     sg13g2_inv_16       15 1465.0   347  1138   22628    (-,-) 
  g232800/X                                                     -       S->X   R     sg13g2_mux2_2        4  654.7  1330  1397   24025    (-,-) 
  csa_tree_ADD_TC_OP_1552_g14823_0/X                            -       A->X   R     sg13g2_and2_2        1  138.1   300  1298   25323    (-,-) 
  csa_tree_ADD_TC_OP_1552_g15185/X                              -       B1->X  R     sg13g2_a21o_2        1  137.9   294   884   26207    (-,-) 
  csa_tree_ADD_TC_OP_1552_g2/X                                  -       A->X   R     sg13g2_and3_2        3  483.1   993  1444   27651    (-,-) 
  csa_tree_ADD_TC_OP_1552_g14635/X                              -       A->X   R     sg13g2_buf_4         2  331.5   352  1297   28948    (-,-) 
  csa_tree_ADD_TC_OP_1552_g14634/Y                              -       A->Y   F     sg13g2_inv_8         1  139.2   123   928   29876    (-,-) 
  csa_tree_ADD_TC_OP_1552_g14366/X                              -       A1->X  F     sg13g2_mux2_2        3  484.2   746  1275   31151    (-,-) 
  csa_tree_ADD_TC_OP_1552_g14217/X                              -       S->X   R     sg13g2_mux2_2        2  328.5   675  1482   32633    (-,-) 
  csa_tree_ADD_TC_OP_1552_g14203/Y                              -       A->Y   F     sg13g2_inv_8         1  135.9   173   982   33615    (-,-) 
  csa_tree_ADD_TC_OP_1552_g14120/X                              -       A0->X  F     sg13g2_mux2_2        2  354.0   552  1143   34759    (-,-) 
  csa_tree_ADD_TC_OP_1552_g14106/Y                              -       A->Y   R     sg13g2_inv_16        3  482.9   242  1163   35921    (-,-) 
  csa_tree_ADD_TC_OP_1552_g14009/X                              -       B->X   R     sg13g2_or2_2         1  138.4   294  1071   36993    (-,-) 
  csa_tree_ADD_TC_OP_1552_g13955/X                              -       A2->X  R     sg13g2_a21o_2        2  313.1   644  1166   38159    (-,-) 
  csa_tree_ADD_TC_OP_1552_g13893/X                              -       S->X   R     sg13g2_mux2_2        2  313.0   644  1395   39554    (-,-) 
  csa_tree_ADD_TC_OP_1552_g13860/X                              -       S->X   F     sg13g2_mux2_2        1  140.5   240  1167   40721    (-,-) 
  csa_tree_ADD_TC_OP_1552_g13846/X                              -       S->X   R     sg13g2_mux2_2        1  138.4   292   946   41667    (-,-) 
  g212900/X                                                     -       A2->X  R     sg13g2_a21o_2        2  309.8   637  1162   42828    (-,-) 
  final_adder_ADD_TC_OP_241_Y_final_adder_ADD_TC_OP_239_g2828/X -       B->X   R     sg13g2_or2_2         3  482.1   980  1578   44407    (-,-) 
  final_adder_ADD_TC_OP_241_Y_final_adder_ADD_TC_OP_239_g2714/X -       A->X   R     sg13g2_and2_2        2  310.2   639  1463   45870    (-,-) 
  final_adder_ADD_TC_OP_241_Y_final_adder_ADD_TC_OP_239_g2653/X -       A->X   R     sg13g2_and2_2        2  310.0   638  1366   47236    (-,-) 
  final_adder_ADD_TC_OP_241_Y_final_adder_ADD_TC_OP_239_g2636/X -       B->X   R     sg13g2_and2_2        2  310.4   639  1365   48602    (-,-) 
  final_adder_ADD_TC_OP_241_Y_final_adder_ADD_TC_OP_239_g2598/X -       A->X   R     sg13g2_and3_2        1  137.6   302  1180   49782    (-,-) 
  final_adder_ADD_TC_OP_241_Y_final_adder_ADD_TC_OP_239_g2541/X -       D->X   R     sg13g2_or4_2         1  140.6   296   911   50692    (-,-) 
  final_adder_ADD_TC_OP_241_Y_final_adder_ADD_TC_OP_239_g2516/X -       S->X   R     sg13g2_mux2_2        2  308.1   634  1173   51865    (-,-) 
  g227067__5526/X                                               -       A->X   R     sg13g2_and2_2        1  152.9   326  1148   53014    (-,-) 
  g227041/X                                                     -       A->X   R     sg13g2_buf_16       13 1309.5   343   986   54000    (-,-) 
  g226935__3680/X                                               -       C->X   R     sg13g2_or3_2         1  137.0   288   664   54664    (-,-) 
  u_conv_engine_acc_reg_reg[24]/D                               -       -      R     sg13g2_dfrbp_2       1      -     -   530   55194    (-,-) 
#-----------------------------------------------------------------------------------------------------------------------------------------------



Path 10: VIOLATED (-45499 ps) Setup Check with Pin u_conv_engine_acc_reg_reg[20]/CLK->D
          Group: clk
     Startpoint: (R) u_ag_tap_base_reg[5]/CLK
          Clock: (R) clk
       Endpoint: (R) u_conv_engine_acc_reg_reg[20]/D
          Clock: (R) clk

                     Capture       Launch     
        Clock Edge:+   10000            0     
       Src Latency:+       0            0     
       Net Latency:+       0 (I)        0 (I) 
           Arrival:=   10000            0     
                                              
             Setup:-     206                  
       Uncertainty:-     100                  
     Required Time:=    9694                  
      Launch Clock:-       0                  
         Data Path:-   55194                  
             Slack:=  -45499                  

#-----------------------------------------------------------------------------------------------------------------------------------------------
#                         Timing Point                          Flags    Arc   Edge      Cell        Fanout  Load  Trans Delay Arrival Instance 
#                                                                                                            (fF)   (ps)  (ps)   (ps)  Location 
#-----------------------------------------------------------------------------------------------------------------------------------------------
  u_ag_tap_base_reg[5]/CLK                                      -       -      R     (arrival)          136      -     0     0       0    (-,-) 
  u_ag_tap_base_reg[5]/Q                                        -       CLK->Q R     sg13g2_dfrbp_2       2  324.9   667   676     676    (-,-) 
  g223840__5122/X                                               -       A->X   R     sg13g2_and2_2        3  487.2   994  1616    2291    (-,-) 
  g2__5115/Y                                                    -       B->Y   F     sg13g2_nand2b_2      2  308.8  1024  1908    4200    (-,-) 
  g223806__7410/X                                               -       A->X   F     sg13g2_and3_2        1  180.8   293  1190    5390    (-,-) 
  fopt232172/Y                                                  -       A->Y   R     sg13g2_inv_16        4  654.3   219   968    6358    (-,-) 
  g231778__232857_235406/X                                      -       B1->X  R     sg13g2_a21o_2        1  138.0   295  1081    7440    (-,-) 
  g231499__6417/X                                               -       A->X   R     sg13g2_and2_2        2  313.3   643  1161    8601    (-,-) 
  g232837/Y                                                     -       A2->Y  F     sg13g2_a21oi_2       1  138.4   469  1275    9876    (-,-) 
  g232839/X                                                     -       A1->X  F     sg13g2_a21o_2        1  157.6   258   977   10852    (-,-) 
  g231207/Y                                                     -       A->Y   R     sg13g2_inv_8         3  485.7   280   925   11778    (-,-) 
  g231151__9945/X                                               -       A1->X  R     sg13g2_a21o_2        1  140.6   299  1117   12895    (-,-) 
  g231103__8246/X                                               -       S->X   F     sg13g2_mux2_2        1  138.0   241   970   13865    (-,-) 
  g231069__1617/X                                               -       A->X   F     sg13g2_and2_2        1  152.3   244   872   14737    (-,-) 
  g231067/X                                                     -       A->X   F     sg13g2_buf_16       14 1428.6   284   951   15688    (-,-) 
  g_weight_rom[3].u_weight_rom/g7779/Y                          -       B->Y   R     sg13g2_nand2b_2      1  138.0   318   627   16315    (-,-) 
  g_weight_rom[3].u_weight_rom/g26/X                            -       A->X   R     sg13g2_or2_2         1  158.4   330   941   17256    (-,-) 
  g_weight_rom[3].u_weight_rom/g28/Y                            -       A->Y   F     sg13g2_inv_8         3  484.6   248   937   18192    (-,-) 
  g_weight_rom[3].u_weight_rom/g7774/Y                          -       B->Y   R     sg13g2_nor2_2        1  137.8   598  1274   19466    (-,-) 
  g_weight_rom[3].u_weight_rom/g5__5115/X                       -       B->X   R     sg13g2_or2_2         1  137.9   290   956   20422    (-,-) 
  g_weight_rom[3].u_weight_rom/g7425__1617/X                    -       A->X   R     sg13g2_and4_2        1  182.4   395  1068   21490    (-,-) 
  g_weight_rom[3].u_weight_rom/g7424/Y                          -       A->Y   F     sg13g2_inv_16       15 1465.0   347  1138   22628    (-,-) 
  g232800/X                                                     -       S->X   R     sg13g2_mux2_2        4  654.7  1330  1397   24025    (-,-) 
  csa_tree_ADD_TC_OP_1552_g14823_0/X                            -       A->X   R     sg13g2_and2_2        1  138.1   300  1298   25323    (-,-) 
  csa_tree_ADD_TC_OP_1552_g15185/X                              -       B1->X  R     sg13g2_a21o_2        1  137.9   294   884   26207    (-,-) 
  csa_tree_ADD_TC_OP_1552_g2/X                                  -       A->X   R     sg13g2_and3_2        3  483.1   993  1444   27651    (-,-) 
  csa_tree_ADD_TC_OP_1552_g14635/X                              -       A->X   R     sg13g2_buf_4         2  331.5   352  1297   28948    (-,-) 
  csa_tree_ADD_TC_OP_1552_g14634/Y                              -       A->Y   F     sg13g2_inv_8         1  139.2   123   928   29876    (-,-) 
  csa_tree_ADD_TC_OP_1552_g14366/X                              -       A1->X  F     sg13g2_mux2_2        3  484.2   746  1275   31151    (-,-) 
  csa_tree_ADD_TC_OP_1552_g14217/X                              -       S->X   R     sg13g2_mux2_2        2  328.5   675  1482   32633    (-,-) 
  csa_tree_ADD_TC_OP_1552_g14203/Y                              -       A->Y   F     sg13g2_inv_8         1  135.9   173   982   33615    (-,-) 
  csa_tree_ADD_TC_OP_1552_g14120/X                              -       A0->X  F     sg13g2_mux2_2        2  354.0   552  1143   34759    (-,-) 
  csa_tree_ADD_TC_OP_1552_g14106/Y                              -       A->Y   R     sg13g2_inv_16        3  482.9   242  1163   35921    (-,-) 
  csa_tree_ADD_TC_OP_1552_g14009/X                              -       B->X   R     sg13g2_or2_2         1  138.4   294  1071   36993    (-,-) 
  csa_tree_ADD_TC_OP_1552_g13955/X                              -       A2->X  R     sg13g2_a21o_2        2  313.1   644  1166   38159    (-,-) 
  csa_tree_ADD_TC_OP_1552_g13893/X                              -       S->X   R     sg13g2_mux2_2        2  313.0   644  1395   39554    (-,-) 
  csa_tree_ADD_TC_OP_1552_g13860/X                              -       S->X   F     sg13g2_mux2_2        1  140.5   240  1167   40721    (-,-) 
  csa_tree_ADD_TC_OP_1552_g13846/X                              -       S->X   R     sg13g2_mux2_2        1  138.4   292   946   41667    (-,-) 
  g212900/X                                                     -       A2->X  R     sg13g2_a21o_2        2  309.8   637  1162   42828    (-,-) 
  final_adder_ADD_TC_OP_241_Y_final_adder_ADD_TC_OP_239_g2828/X -       B->X   R     sg13g2_or2_2         3  482.1   980  1578   44407    (-,-) 
  final_adder_ADD_TC_OP_241_Y_final_adder_ADD_TC_OP_239_g2714/X -       A->X   R     sg13g2_and2_2        2  310.2   639  1463   45870    (-,-) 
  final_adder_ADD_TC_OP_241_Y_final_adder_ADD_TC_OP_239_g2653/X -       A->X   R     sg13g2_and2_2        2  310.0   638  1366   47236    (-,-) 
  final_adder_ADD_TC_OP_241_Y_final_adder_ADD_TC_OP_239_g2636/X -       B->X   R     sg13g2_and2_2        2  310.4   639  1365   48602    (-,-) 
  final_adder_ADD_TC_OP_241_Y_final_adder_ADD_TC_OP_239_g2598/X -       A->X   R     sg13g2_and3_2        1  137.6   302  1180   49782    (-,-) 
  final_adder_ADD_TC_OP_241_Y_final_adder_ADD_TC_OP_239_g2541/X -       D->X   R     sg13g2_or4_2         1  140.6   296   911   50692    (-,-) 
  final_adder_ADD_TC_OP_241_Y_final_adder_ADD_TC_OP_239_g2516/X -       S->X   R     sg13g2_mux2_2        2  308.1   634  1173   51865    (-,-) 
  g227067__5526/X                                               -       A->X   R     sg13g2_and2_2        1  152.9   326  1148   53014    (-,-) 
  g227041/X                                                     -       A->X   R     sg13g2_buf_16       13 1309.5   343   986   54000    (-,-) 
  g226931__4319/X                                               -       C->X   R     sg13g2_or3_2         1  137.0   288   664   54664    (-,-) 
  u_conv_engine_acc_reg_reg[20]/D                               -       -      R     sg13g2_dfrbp_2       1      -     -   530   55194    (-,-) 
#-----------------------------------------------------------------------------------------------------------------------------------------------
