 ------------------------------------------------------------------------------------------------------------------------------------------------------- 
| Snapshot                | WNS                  | TNS                  | Density (%) | Hotspot                   | Resource               | DRVs       |
|                         | HEPG (ns) | ALL (ns) | HEPG (ns) | ALL (ns) |             | Max (bins) | Total (bins) | Real (s) | Memory (MB) | Tran | Cap |
|-------------------------+-----------+----------+-----------+----------+-------------+------------+--------------+----------+-------------+------+-----|
| initial_summary         |     0.000 |    0.000 |           |        0 |        9.71 |            |              | 0:00:00  |        3218 |    0 |  33 |
| route_type_refinement   |           |          |           |          |             |            |              | 0:00:01  |        3217 |      |     |
| simplify_netlist        |           |          |           |          |             |            |              | 0:00:00  |        3233 |      |     |
| excluded_clk_net_fixing |           |          |           |          |             |            |              | 0:00:00  |        3233 |      |     |
| drv_fixing              |     0.000 |    0.000 |         0 |        0 |        9.71 |            |              | 0:00:01  |        3236 |    0 |   1 |
| global_opt              |           |    0.000 |           |        0 |        9.71 |            |              | 0:00:00  |        3238 |      |     |
| area_reclaiming         |    -0.001 |   -0.001 |        -0 |       -0 |        9.70 |            |              | 0:00:01  |        3256 |      |     |
| drv_fixing_2            |    -0.001 |   -0.001 |        -0 |       -0 |        9.70 |            |              | 0:00:01  |        3257 |    0 |  33 |
| wns_fixing              |     0.028 |    0.028 |         0 |        0 |        9.73 |            |              | 0:00:02  |        3343 |      |     |
| area_reclaiming_2       |    -0.000 |   -0.000 |        -0 |       -0 |        9.71 |            |              | 0:00:01  |        3247 |      |     |
| area_reclaiming_3       |    -0.000 |   -0.000 |        -0 |       -0 |        9.71 |            |              | 0:00:01  |        3247 |      |     |
| local_wire_reclaim      |           |          |           |          |             |            |              | 0:00:04  |        3239 |      |     |
| global_route            |           |          |           |          |             |       0.00 |         0.00 | 0:00:01  |        3232 |      |     |
| route_type_refinement_2 |           |          |           |          |             |            |              | 0:00:00  |        3232 |      |     |
| drv_eco_fixing          |    -0.012 |   -0.012 |        -0 |       -0 |        9.71 |            |              | 0:00:00  |        3246 |    0 |   1 |
| tns_eco_fixing          |     0.001 |    0.001 |         0 |        0 |        9.71 |            |              | 0:00:00  |        3326 |      |     |
| final_summary           |     0.001 |    0.001 |           |        0 |        9.71 |       0.00 |         0.00 | 0:00:02  |        3248 |    0 |  33 |
 ------------------------------------------------------------------------------------------------------------------------------------------------------- 
